
(base) C:\Users\river>ssh root@47.91.228.44
root@47.91.228.44's password:
Last login: Wed Apr 24 15:59:41 2019 from 1.203.144.132

Welcome to Alibaba Cloud Elastic Compute Service !

[root@izj6c4rpqm2vq9jxie4xrmz ~]# cd /usr/bin
[root@izj6c4rpqm2vq9jxie4xrmz bin]# ls
[                                    gvfs-cat                              ps2pdfwr
2to3-3                               gvfs-copy                             ps2ps
2to3-3.6                             gvfs-info                             ps2ps2
7z                                   gvfs-less                             psed
7za                                  gvfs-ls                               psfaddtable
a2p                                  gvfs-mime                             psfgettable
abrt-action-analyze-backtrace        gvfs-mkdir                            psfstriptable
abrt-action-analyze-c                gvfs-monitor-dir                      psfxtable
abrt-action-analyze-ccpp-local       gvfs-monitor-file                     pstack
abrt-action-analyze-core             gvfs-mount                            pstree
abrt-action-analyze-java             gvfs-move                             pstree.x11
abrt-action-analyze-oops             gvfs-open                             pstruct
abrt-action-analyze-python           gvfs-rename                           ptx
abrt-action-analyze-vmcore           gvfs-rm                               pwd
abrt-action-analyze-vulnerability    gvfs-save                             pwdx
abrt-action-analyze-xorg             gvfs-set-attribute                    pwmake
abrt-action-check-oops-for-hw-error  gvfs-trash                            pwscore
abrt-action-generate-backtrace       gvfs-tree                             pydoc
abrt-action-generate-core-backtrace  gzexe                                 pydoc3
abrt-action-install-debuginfo        gzip                                  pydoc3.6
abrt-action-list-dsos                h2ph                                  pygtk-demo
abrt-action-notify                   hangul                                pyinotify
abrt-action-perform-ccpp-analysis    hdmv_test                             python
abrt-action-save-kernel-data         hdsploader                            python2
abrt-action-save-package-data        head                                  python2.7
abrt-action-trim-files               hexdump                               python3
abrt-applet                          hostid                                python36
abrt-dump-oops                       hostname                              python3.6
abrt-dump-xorg                       hostnamectl                           python3.6-config
abrt-handle-upload                   hunspell                              python3.6m
abrt-merge-pstoreoops                i386                                  python3.6m-config
abrt-retrace-client                  ibus                                  python3.6m-x86_64-config
abrt-watch-log                       ibus-daemon                           python3-config
aclocal                              ibus-setup                            pyvenv
aclocal-1.13                         ibus-table-createdb                   pyvenv-3.6
aconnect                             iceauth                               ranlib
addr2line                            icedax                                rarian-example
alias                                iconv                                 rarian-sk-config
alsabat                              id                                    rarian-sk-extract
alsa-delay                           ident                                 rarian-sk-gen-uuid
alsaloop                             identify                              rarian-sk-get-cl
alsamixer                            idiag-socket-details                  rarian-sk-get-content-list
alsatplg                             idn                                   rarian-sk-get-extended-content-list
alsaucm                              iecset                                rarian-sk-get-scripts
alsaunmute                           ifnames                               rarian-sk-install
amidi                                igawk                                 rarian-sk-migrate
amixer                               implantisomd5                         rarian-sk-preinstall
anaconda-cleanup                     import                                rarian-sk-rebuild
anaconda-disable-nm-ibft-plugin      indent                                rarian-sk-update
analog                               index_dump                            raw
animate                              info                                  rcs
aplay                                infocmp                               rcsclean
aplaymidi                            infokey                               rcsdiff
applydeltarpm                        infotocap                             rcsfreeze
appstream-compose                    install                               rcsmerge
appstream-util                       install-printerdriver                 read
apropos                              instperf                              readcd
ar                                   interdiff                             readelf
arch                                 intltool-extract                      readlink
arecord                              intltoolize                           readmult
arecordmidi                          intltool-merge                        readom
as                                   intltool-prepare                      realpath
aseqdump                             intltool-update                       recode
aseqnet                              ionice                                recode-sr-latin
aserver                              iostat                                recountdiff
at                                   ipcalc                                red
atq                                  ipcmk                                 redhat_lsb_init
atril                                ipcrm                                 rediff
atril-previewer                      ipcs                                  rename
atril-thumbnailer                    ipod-read-sysinfo-extended            renice
atrm                                 iptables-xml                          repoclosure
audit2allow                          iptc                                  repodiff
audit2why                            isdv4-serial-inputattach              repo-graph
aulast                               isodebug                              repomanage
aulastlog                            isodump                               repoquery
ausyscall                            isoinfo                               repo-rss
autoconf                             iso-info                              report-cli
autoheader                           iso-read                              reporter-bugzilla
autom4te                             isosize                               reporter-mantisbt
automake                             isovfy                                reporter-rhtsupport
automake-1.13                        jobs                                  reporter-upload
autopoint                            join                                  reporter-ureport
autoreconf                           journalctl                            report-gtk
autoscan                             jsondiff                              reposync
autoupdate                           jsonpatch                             repotrack
auvirt                               jsonpointer                           reset
awk                                  kbdinfo                               resizecons
base64                               kbd_mode                              rev
basename                             kbdrate                               rhythmbox
bash                                 kdumpctl                              rhythmbox-client
bashbug                              kernel-install                        rlog
bashbug-64                           kill                                  rm
batch                                killall                               rmail
bc                                   kmod                                  rmail.postfix
bdftopcf                             ksflatten                             rmdir
bdftruncate                          ksshell                               rpcgen
bd_info                              ksvalidator                           rpm
bdsplice                             ksverdiff                             rpm2cpio
bg                                   last                                  rpmbuild
bison                                lastb                                 rpmdb
bond2team                            lastlog                               rpmdumpheader
bootctl                              lchfn                                 rpmkeys
brasero                              lchsh                                 rpmquery
bunzip2                              ld                                    rpmsign
busctl                               ld.bfd                                rpmspec
byacc                                ldd                                   rpmverify
bzcat                                ld.gold                               rsync
bzcmp                                ldns-chaos                            rsyslog-recover-qi.pl
bzdiff                               ldns-compare-zones                    runcon
bzgrep                               ldnsd                                 run-parts
bzip2                                ldns-dane                             rvi
bzip2recover                         ldns-dpa                              rview
bzless                               ldns-gen-zone                         rvim
bzmore                               ldns-key2ds                           s2p
_c++                                 ldns-keyfetcher                       sadf
c2ph                                 ldns-keygen                           sandbox
c89                                  ldns-mx                               sar
c99                                  ldns-notify                           satyr
cairo-sphinx                         ldns-nsec3-hash                       scl
caja                                 ldns-read-zone                        scl_enabled
caja-autorun-software                ldns-resolver                         scl_source
caja-connect-server                  ldns-revoke                           scp
caja-file-management-properties      ldns-rrsig                            scp-dbus-service
caja-sendto                          ldns-signzone                         script
cal                                  ldns-test-edns                        scriptreplay
ca-legacy                            ldns-testns                           scrollkeeper-config
canberra-boot                        ldns-update                           scrollkeeper-extract
canberra-gtk-play                    ldns-verify-zone                      scrollkeeper-gen-seriesid
cancel                               ldns-version                          scrollkeeper-get-cl
cancel.cups                          ldns-walk                             scrollkeeper-get-content-list
captoinfo                            ldns-zcat                             scrollkeeper-get-extended-content-list
cat                                  ldns-zsplit                           scrollkeeper-get-index-from-docpath
catchsegv                            less                                  scrollkeeper-get-toc-from-docpath
catman                               lessecho                              scrollkeeper-get-toc-from-id
cc                                   lesskey                               scrollkeeper-install
ccache-swig                          lesspipe.sh                           scrollkeeper-preinstall
cd                                   lex                                   scrollkeeper-rebuilddb
cdda2ogg                             lexgrog                               scrollkeeper-uninstall
cdda2wav                             libbluray_test                        scrollkeeper-update
cdda-player                          libieee1284_test                      sdiff
cd-drive                             libinput                              seahorse
cd-info                              libinput-debug-events                 sealert
cdparanoia                           libinput-list-devices                 seapplet
cd-paranoia                          libtar                                secon
cdrdao                               libtool                               secret-tool
cd-read                              libtoolize                            sed
cdrecord                             libwacom-list-local-devices           sedismod
centrino-decode                      link                                  sedispol
certutil                             linux32                               semodule_package
c++filt                              linux64                               sendiso
chacl                                linux-boot-prober                     seq
chage                                list_titles                           sessreg
chardetect                           liveinst                              setarch
charmap                              ln                                    setfacl
chattr                               loadkeys                              setfont
chcat                                loadunimap                            setkeycodes
chcon                                locale                                setlayout
checkisomd5                          localectl                             setleds
checkmodule                          localedef                             setmetamode
checkpolicy                          locate                                setpriv
cheetah                              logger                                setsid
cheetah-analyze                      login                                 setterm
cheetah-compile                      loginctl                              setup-nsssysinit
chfn                                 logname                               setup-nsssysinit.sh
chgrp                                look                                  setvtrgb
chmod                                lp                                    setxkbmap
chown                                lp.cups                               sexp-conv
chronyc                              lpoptions                             sfcaffinity
chrt                                 lppasswd                              sfcaffinity_tool
chsh                                 lpq                                   sftp
chvt                                 lpq.cups                              sg
ci                                   lpr                                   sh
cifsiostat                           lpr.cups                              sha1sum
cisco-decrypt                        lprm                                  sha224sum
cksum                                lprm.cups                             sha256sum
clear                                lprsetup.sh                           sha384sum
cloud-init                           lpstat                                sha512sum
cloud-init-per                       lpstat.cups                           show-changed-rco
cloud-init-upgrade                   ls                                    showconsolefont
clpi_dump                            lsattr                                show-installed
cmp                                  lsblk                                 showkey
cmsutil                              lsb_release                           showrgb
co                                   lscpu                                 shred
code                                 lsdiff                                shuf
col                                  lsinitrd                              signtool
colcrt                               lsipc                                 signver
colrm                                lslocks                               simple-scan
column                               lslogins                              size
combinedeltarpm                      lsns                                  skill
combinediff                          lsscsi                                slabtop
comm                                 lua                                   sleep
command                              luac                                  slogin
compare                              lz4                                   sndfile-resample
composite                            lz4c                                  snice
conjure                              lz4cat                                soelim
consolehelper                        m17n-conv                             sort
consolehelper-gtk                    m4                                    sotruss
convert                              machinectl                            sound_dump
coredumpctl                          mail                                  soundstretch
coverage                             Mail                                  spax
coverage2                            mailq                                 speaker-test
coverage-2.7                         mailq.postfix                         spice-vdagent
cp                                   mailx                                 splain
cpio                                 make                                  split
cpp                                  makedb                                splitdiff
cpupower                             makedeltarpm                          sprof
createrepo                           man                                   sqlite3
crlutil                              mandb                                 ssh
crontab                              manpath                               ssh-add
cscope                               mapscrn                               ssh-agent
cscope-indexer                       marco                                 ssh-copy-id
csplit                               marco-message                         ssh-keygen
csslint-0.6                          markdown_py                           ssh-keyscan
ctags                                mate-about                            ssltap
cue2toc                              mate-about-me                         stap
curl                                 mate-appearance-properties            stapbpf
cut                                  mate-at-properties                    stapdyn
cvt                                  mate-calc                             stap-merge
date                                 mate-calc-cmd                         stap-prep
db_archive                           mate-calculator                       stap-report
db_checkpoint                        mate-color-select                     staprun
db_deadlock                          mate-control-center                   stapsh
db_dump                              mate-cpufreq-selector                 startx
db_dump185                           mate-default-applications-properties  stat
db_hotbackup                         mate-desktop-item-edit                stdbuf
db_load                              mate-dictionary                       strace
db_log_verify                        mate-disk-usage-analyzer              strace-log-merge
db_printlog                          mate-display-properties               stream
db_recover                           mate-font-viewer                      strings
db_replicate                         mate-invest-chart                     strip
db_stat                              mate-keybinding-properties            stty
db_tuner                             mate-keyboard-properties              su
db_upgrade                           mate-mouse-properties                 sudo
dbus-binding-tool                    mate-network-properties               sudoedit
dbus-cleanup-sockets                 mate-notification-properties          sudoreplay
dbus-daemon                          mate-panel                            sum
dbus-launch                          mate-panel-screenshot                 svn
dbus-monitor                         mate-panel-test-applets               svnadmin
dbus-run-session                     mate-power-manager                    svndumpfilter
dbus-send                            mate-power-preferences                svnlook
dbus-test-tool                       mate-power-statistics                 svnrdump
dbus-update-activation-environment   mate-screensaver                      svnserve
dbus-uuidgen                         mate-screensaver-command              svnsync
db_verify                            mate-screensaver-preferences          svnversion
dc                                   mate-screenshot                       swig
dconf                                mate-search-tool                      sync
dconf-editor                         mate-session                          synclient
dd                                   mate-session-inhibit                  syndaemon
deallocvt                            mate-session-properties               system-config-abrt
debuginfo-install                    mate-session-save                     system-config-date
dehtmldiff                           mate-system-log                       system-config-language
desktop-file-edit                    mate-system-monitor                   system-config-printer
desktop-file-install                 mate-terminal                         system-config-printer-applet
desktop-file-validate                mate-terminal.wrapper                 system-config-users
devdump                              mate-thumbnail-font                   systemctl
df                                   mate-typing-monitor                   systemd-analyze
dgawk                                mate-volume-control                   systemd-ask-password
diff                                 mate-volume-control-applet            systemd-cat
diff3                                mate-window-properties                systemd-cgls
diffstat                             mate-wm                               systemd-cgtop
dir                                  mcookie                               systemd-coredumpctl
dircolors                            md5sum                                systemd-delta
dirname                              merge                                 systemd-detect-virt
display                              mergerepo                             systemd-escape
dmesg                                mesg                                  systemd-firstboot
dm-tool                              mixartloader                          systemd-hwdb
dnsdomainname                        mkdir                                 systemd-inhibit
domainname                           mkfifo                                systemd-loginctl
doxygen                              mkfontdir                             systemd-machine-id-setup
dracut                               mkfontscale                           systemd-notify
drill                                mkhybrid                              systemd-nspawn
du                                   mkinitrd                              systemd-path
dumpiso                              mkisofs                               systemd-run
dumpkeys                             mknod                                 systemd-stdio-bridge
dvcont                               mkrfc2734                             systemd-sysv-convert
dvd-ram-control                      mktemp                                systemd-tmpfiles
dvdrecord                            mmc-tool                              systemd-tty-ask-password-agent
dvd+rw-booktype                      mobj_dump                             tabs
dvd+rw-format                        modifyrepo                            tac
dvd+rw-mediainfo                     modutil                               tail
dvipdf                               mogrify                               tailf
dwp                                  mokutil                               tapestat
dwz                                  montage                               tar
easy_install                         more                                  taskset
easy_install-2.7                     mount                                 tbl
echo                                 mountpoint                            teamd
ed                                   mozo                                  teamdctl
edid-decode                          mpaste                                teamnl
editdiff                             mpls_dump                             tee
egrep                                mpstat                                test
eject                                msgattrib                             testgdbm
elfedit                              msgcat                                testlibraw
enchant                              msgcmp                                tic
enchant-lsmod                        msgcomm                               time
engrampa                             msgconv                               timedatectl
env                                  msgen                                 timeout
envsubst                             msgexec                               tload
eom                                  msgfilter                             tmon
eps2eps                              msgfmt                                toc2cddb
eqn                                  msggrep                               toc2cue
espdiff                              msghack                               toe
eu-addr2line                         msginit                               top
eu-ar                                msgmerge                              totem
eu-elfcmp                            msgunfmt                              totem-video-thumbnailer
eu-elfcompress                       msguniq                               touch
eu-elflint                           mv                                    tput
eu-findtextrel                       nail                                  tr
eu-make-debug-archive                namei                                 tracepath
eu-nm                                natpmpc                               tracepath6
eu-objdump                           ndctl                                 tracker
eu-ranlib                            ndptool                               transmission-create
eu-readelf                           needs-restarting                      transmission-edit
eu-size                              neqn                                  transmission-gtk
eu-stack                             netstat                               transmission-remote
eu-strings                           nettle-hash                           transmission-show
eu-strip                             nettle-lfib-stream                    troff
eu-unstrip                           newaliases                            true
ex                                   newaliases.postfix                    truncate
exempi                               newgrp                                trust
expand                               nf-ct-add                             tset
expr                                 nf-ct-list                            tsort
f95                                  nf-exp-add                            tty
factor                               nf-exp-delete                         turbostat
fallocate                            nf-exp-list                           tzselect
false                                nf-log                                ucs2any
fc                                   nf-monitor                            udevadm
fc-cache                             nf-queue                              udisksctl
fc-cache-64                          nfsiostat-sysstat                     ul
fc-cat                               ngettext                              ulockmgr_server
fc-conflist                          nice                                  umask
fc-list                              nisdomainname                         umount
fc-match                             nl                                    unalias
fc-pattern                           nl-addr-add                           uname
fc-query                             nl-addr-delete                        unexpand
fc-scan                              nl-addr-list                          unicode_start
fc-validate                          nl-class-add                          unicode_stop
fg                                   nl-class-delete                       uniq
fgconsole                            nl-classid-lookup                     unix-lpr.sh
fgrep                                nl-class-list                         unlink
file                                 nl-cls-add                            unlz4
filezilla                            nl-cls-delete                         unshare
filterdiff                           nl-cls-list                           unwrapdiff
find                                 nl-fib-lookup                         unxz
find2perl                            nl-link-enslave                       unzip
findmnt                              nl-link-ifindex2name                  unzipsfx
find-repos-of-install                nl-link-list                          update-ca-trust
fipscheck                            nl-link-name2ifindex                  updatedb
fipshmac                             nl-link-release                       update-desktop-database
firefox                              nl-link-set                           update-gtk-immodules
firewall-cmd                         nl-link-stats                         update-mime-database
firewall-config                      nl-list-caches                        upower
firewall-offline-cmd                 nl-list-sockets                       uptime
fixcvsdiff                           nl-monitor                            urlgrabber
flatpak                              nl-neigh-add                          userformat
flex                                 nl-neigh-delete                       userinfo
flex++                               nl-neigh-list                         usermount
flipdiff                             nl-neightbl-list                      userpasswd
flock                                nl-pktloc-lookup                      users
fmt                                  nl-qdisc-add                          usleep
fold                                 nl-qdisc-delete                       usx2yloader
font2c                               nl-qdisc-list                         utmpdump
fonttosfnt                           nl-route-add                          uuidgen
fortune                              nl-route-delete                       vcut
free                                 nl-route-get                          vdir
fribidi                              nl-route-list                         verifytree
fros                                 nl-rule-list                          vi
funzip                               nl-tctree-list                        view
fusermount                           nl-util-addr                          vim
fzputtygen                           nm                                    vimdiff
fzsftp                               nm-applet                             vimtutor
_g++                                 nmcli                                 vlock
gapplication                         nm-connection-editor                  vmmouse_detect
gawk                                 nm-online                             vmstat
_gcc                                 nmtui                                 vncconfig
gcc-ar                               nmtui-connect                         vncpasswd
gcc-nm                               nmtui-edit                            vorbiscomment
gcc-ranlib                           nmtui-hostname                        vxloader
gconf-merge-tree                     nohup                                 w
gconftool-2                          notify-send                           wait
gcore                                nproc                                 wall
gcov                                 nroff                                 watch
gcr-viewer                           nsenter                               watchgnupg
gdb                                  ntpstat                               wavpack
gdb-add-index                        numfmt                                wc
gdbus                                objcopy                               wdctl
gdk-pixbuf-query-loaders-64          objdump                               WebKitWebDriver
gdk-pixbuf-thumbnailer               obxprop                               wftopfa
gencat                               ocs                                   wget
gendiff                              od                                    whatis
genisoimage                          oddjob_request                        whereis
genl-ctrl-list                       ogg123                                which
geoiplookup                          oggdec                                whiptail
geoiplookup6                         oggenc                                who
geoipupdate                          ogginfo                               whoami
geqn                                 oldfind                               wnck-urgency-monitor
getconf                              onload                                wodim
getent                               onload_fuser                          write
getfacl                              onload_iptables                       wvgain
getkeycodes                          onload_metrics                        wvunpack
getopt                               onload_metrics_record                 X
getopts                              onload_mibdump                        x86_64
gettext                              onload_stackdump                      x86_64-redhat-linux-c++
gettextize                           onload_tcpdump                        x86_64-redhat-linux-g++
gettext.sh                           onload_tcpdump.bin                    x86_64-redhat-linux-gcc
gfortran                             open                                  x86_energy_perf_policy
ghostscript                          openbox                               xargs
gio                                  openbox-session                       xauth
gio-querymodules-64                  openssl                               xchat
git                                  openvt                                xdg-desktop-icon
git-receive-pack                     orc-bugreport                         xdg-desktop-menu
git-shell                            orm_json                              xdg-email
git-upload-archive                   orm_webserver                         xdg-icon-resource
git-upload-pack                      osinfo-db-export                      xdg-mime
gkbd-keyboard-display                osinfo-db-import                      xdg-open
glib-compile-schemas                 osinfo-db-path                        xdg-screensaver
glxgears                             osinfo-db-validate                    xdg-settings
glxinfo                              osinfo-detect                         xdg-user-dir
glxinfo64                            osinfo-install-script                 xdg-user-dirs-gtk-update
gmake                                osinfo-query                          xdg-user-dirs-update
gneqn                                os-prober                             xdpyinfo
gnome-abrt                           p11-kit                               xdriinfo
gnome-character-map                  package-cleanup                       xev
gnome-help                           pam-panel-icon                        xgamma
gnome-keyring                        panelctl                              xgettext
gnome-keyring-3                      pango-list                            xhost
gnome-keyring-daemon                 pango-querymodules-64                 xinit
gnote                                pango-view                            xinput
gnroff                               passwd                                xkbcomp
gparted                              paste                                 xkill
gpasswd                              patch                                 xlsatoms
gpg                                  pathchk                               xlsclients
gpg2                                 pathfix.py                            xlsfonts
gpg-agent                            pax                                   xmlcatalog
gpgconf                              pdf2dsc                               xmllint
gpg-connect-agent                    pdf2ps                                xmlwf
gpg-error                            peekfd                                xmodmap
gpgparsemail                         perl                                  Xorg
gpgsplit                             perl5.16.3                            xorg-x11-fonts-update-dirs
gpgv                                 perlbug                               xprop
gpgv2                                perldoc                               xrandr
gpg-zip                              perlthanks                            xrdb
gpic                                 pf2afm                                xrefresh
gprof                                pfbtopfa                              xset
gr2fonttest                          pfc                                   xsetmode
grep                                 pgawk                                 xsetpointer
grepdiff                             pgrep                                 xsetroot
grilo-test-ui-0.3                    pic                                   xsetwacom
grl-inspect-0.3                      piconv                                xsltproc
grl-launch-0.3                       pidstat                               xstdcmap
groff                                pinentry                              xvattr
grops                                pinentry-curses                       xvinfo
grotty                               pinentry-gtk                          Xvnc
groups                               pinentry-gtk-2                        xwininfo
growisofs                            ping                                  xxd
grub2-editenv                        ping6                                 xz
grub2-file                           pinky                                 xzcat
grub2-fstest                         pip                                   xzcmp
grub2-glue-efi                       pip2                                  xzdec
grub2-kbdcomp                        pip2.7                                xzdiff
grub2-menulst2cfg                    pitchplay                             xzegrep
grub2-mkfont                         pk12util                              xzfgrep
grub2-mkimage                        pkaction                              xzgrep
grub2-mklayout                       pkcheck                               xzless
grub2-mknetdir                       pkcs1-conv                            xzmore
grub2-mkpasswd-pbkdf2                pkexec                                yacc
grub2-mkrelpath                      pkg-config                            yelp
grub2-mkrescue                       pkill                                 yes
grub2-mkstandalone                   pkla-admin-identities                 ypdomainname
grub2-render-label                   pkla-check-authorization              yum
grub2-script-check                   pkttyagent                            yum-builddep
grub2-syslinux2cfg                   pl2pm                                 yum-config-manager
gs                                   pldd                                  yum-debug-dump
gsbj                                 plistutil                             yum-debug-restore
gsdj                                 pluma                                 yumdownloader
gsdj500                              plymouth                              yumex
gsettings                            pmap                                  yum-groups-manager
gsettings-data-convert               pod2html                              zcat
gsf-office-thumbnailer               pod2man                               zcmp
gslj                                 pod2text                              zdiff
gslp                                 pod2usage                             zegrep
gsnd                                 post-grohtml                          zenheiset
gsoelim                              powernow-k8-decode                    zenity
gstack                               pphs                                  zf_debug
gst-inspect-1.0                      pr                                    zfgrep
gst-launch-1.0                       preconv                               zforce
gst-stats-1.0                        pre-grohtml                           zf_stackdump
gst-typefind-1.0                     printafm                              zgrep
gtar                                 printenv                              zip
gtbl                                 printf                                zipcloak
gtf                                  prlimit                               zipgrep
gtk-launch                           prove                                 zipinfo
gtk-query-immodules-2.0-64           prtstat                               zipnote
gtk-query-immodules-3.0-64           ps                                    zipsplit
gtk-update-icon-cache                ps2ascii                              zless
gtroff                               ps2epsi                               zmore
gucharmap                            ps2pdf                                znew
gunzip                               ps2pdf12                              zsoelim
gupnp-dlna-info-2.0                  ps2pdf13
gupnp-dlna-ls-profiles-2.0           ps2pdf14
[root@izj6c4rpqm2vq9jxie4xrmz bin]# cp c++^C
[root@izj6c4rpqm2vq9jxie4xrmz bin]# ls _*
_c++  _g++  _gcc
[root@izj6c4rpqm2vq9jxie4xrmz bin]# rm -rf c++ g++ gcc
[root@izj6c4rpqm2vq9jxie4xrmz bin]# 2~
-bash: 2~: command not found
[root@izj6c4rpqm2vq9jxie4xrmz bin]# ^Mupdate-alternatives --install /usr/bin/g++ g++ /usr/bin/g++-8 90
te-alt-bash: $'\rupdate-alternatives': command not found
[root@izj6c4rpqm2vq9jxie4xrmz bin]# update-alternatives --install /usr/bin/c++ c++ /usr/bin/g++-8 90
pd[root@izj6c4rpqm2vq9jxie4xrmz bin]# update-alternatives --install /usr/bin/gcc cc /usr/bin/gcc-8 90^C
[root@izj6c4rpqm2vq9jxie4xrmz bin]# ^C
[root@izj6c4rpqm2vq9jxie4xrmz bin]# ^C
[root@izj6c4rpqm2vq9jxie4xrmz bin]# update-alternatives --install /usr/bin/g++ g++ /usr/bin/g++-8 90
[root@izj6c4rpqm2vq9jxie4xrmz bin]# update-alternatives --install /usr/bin/c++ c++ /usr/bin/g++-8 90
[root@izj6c4rpqm2vq9jxie4xrmz bin]# update-alternatives --install /usr/bin/gcc cc /usr/bin/gcc-8 90
[root@izj6c4rpqm2vq9jxie4xrmz bin]# g++
-bash: g++: command not found
[root@izj6c4rpqm2vq9jxie4xrmz bin]# locate g++
/usr/bin/g++
/usr/bin/x86_64-redhat-linux-g++
/usr/lib64/libconfig++.so.9
/usr/lib64/libconfig++.so.9.1.3
/usr/share/man/man1/g++.1.gz
[root@izj6c4rpqm2vq9jxie4xrmz bin]# /usr/bin/x86_64-redhat-linux-g++
x86_64-redhat-linux-g++: fatal error: no input files
compilation terminated.
[root@izj6c4rpqm2vq9jxie4xrmz bin]# yum install devtoolset-8 -y
Loaded plugins: fastestmirror
Loading mirror speeds from cached hostfile
 * centos-sclo-rh: mirror.vpshosting.com.hk
 * centos-sclo-sclo: mirror.vpshosting.com.hk
Resolving Dependencies
--> Running transaction check
---> Package devtoolset-8.x86_64 0:8.0-2.el7 will be installed
--> Processing Dependency: devtoolset-8-toolchain for package: devtoolset-8-8.0-2.el7.x86_64
--> Processing Dependency: devtoolset-8-perftools for package: devtoolset-8-8.0-2.el7.x86_64
--> Running transaction check
---> Package devtoolset-8-perftools.x86_64 0:8.0-2.el7 will be installed
--> Processing Dependency: devtoolset-8-valgrind for package: devtoolset-8-perftools-8.0-2.el7.x86_64
--> Processing Dependency: devtoolset-8-systemtap for package: devtoolset-8-perftools-8.0-2.el7.x86_64
--> Processing Dependency: devtoolset-8-oprofile for package: devtoolset-8-perftools-8.0-2.el7.x86_64
--> Processing Dependency: devtoolset-8-dyninst for package: devtoolset-8-perftools-8.0-2.el7.x86_64
---> Package devtoolset-8-toolchain.x86_64 0:8.0-2.el7 will be installed
--> Processing Dependency: devtoolset-8-strace for package: devtoolset-8-toolchain-8.0-2.el7.x86_64
--> Processing Dependency: devtoolset-8-memstomp for package: devtoolset-8-toolchain-8.0-2.el7.x86_64
--> Processing Dependency: devtoolset-8-make for package: devtoolset-8-toolchain-8.0-2.el7.x86_64
--> Processing Dependency: devtoolset-8-ltrace for package: devtoolset-8-toolchain-8.0-2.el7.x86_64
--> Processing Dependency: devtoolset-8-gdb for package: devtoolset-8-toolchain-8.0-2.el7.x86_64
--> Processing Dependency: devtoolset-8-gcc-gfortran for package: devtoolset-8-toolchain-8.0-2.el7.x86_64
--> Processing Dependency: devtoolset-8-elfutils for package: devtoolset-8-toolchain-8.0-2.el7.x86_64
--> Processing Dependency: devtoolset-8-dwz for package: devtoolset-8-toolchain-8.0-2.el7.x86_64
--> Running transaction check
---> Package devtoolset-8-dwz.x86_64 0:0.12-1.1.el7 will be installed
---> Package devtoolset-8-dyninst.x86_64 0:9.3.2-5.el7 will be installed
---> Package devtoolset-8-elfutils.x86_64 0:0.174-1.el7 will be installed
--> Processing Dependency: devtoolset-8-elfutils-libs(x86-64) = 0.174-1.el7 for package: devtoolset-8-elfutils-0.174-1.el7.x86_64
--> Processing Dependency: devtoolset-8-elfutils-libelf(x86-64) = 0.174-1.el7 for package: devtoolset-8-elfutils-0.174-1.el7.x86_64
--> Processing Dependency: libelf.so.dts.1(ELFUTILS_1.7)(64bit) for package: devtoolset-8-elfutils-0.174-1.el7.x86_64
--> Processing Dependency: libelf.so.dts.1(ELFUTILS_1.6)(64bit) for package: devtoolset-8-elfutils-0.174-1.el7.x86_64
--> Processing Dependency: libelf.so.dts.1(ELFUTILS_1.5)(64bit) for package: devtoolset-8-elfutils-0.174-1.el7.x86_64
--> Processing Dependency: libelf.so.dts.1(ELFUTILS_1.4)(64bit) for package: devtoolset-8-elfutils-0.174-1.el7.x86_64
--> Processing Dependency: libelf.so.dts.1(ELFUTILS_1.3)(64bit) for package: devtoolset-8-elfutils-0.174-1.el7.x86_64
--> Processing Dependency: libelf.so.dts.1(ELFUTILS_1.2)(64bit) for package: devtoolset-8-elfutils-0.174-1.el7.x86_64
--> Processing Dependency: libelf.so.dts.1(ELFUTILS_1.1.1)(64bit) for package: devtoolset-8-elfutils-0.174-1.el7.x86_64
--> Processing Dependency: libelf.so.dts.1(ELFUTILS_1.1)(64bit) for package: devtoolset-8-elfutils-0.174-1.el7.x86_64
--> Processing Dependency: libelf.so.dts.1(ELFUTILS_1.0)(64bit) for package: devtoolset-8-elfutils-0.174-1.el7.x86_64
--> Processing Dependency: libdw.so.dts.1(ELFUTILS_0.173)(64bit) for package: devtoolset-8-elfutils-0.174-1.el7.x86_64
--> Processing Dependency: libdw.so.dts.1(ELFUTILS_0.171)(64bit) for package: devtoolset-8-elfutils-0.174-1.el7.x86_64
--> Processing Dependency: libdw.so.dts.1(ELFUTILS_0.167)(64bit) for package: devtoolset-8-elfutils-0.174-1.el7.x86_64
--> Processing Dependency: libdw.so.dts.1(ELFUTILS_0.165)(64bit) for package: devtoolset-8-elfutils-0.174-1.el7.x86_64
--> Processing Dependency: libdw.so.dts.1(ELFUTILS_0.161)(64bit) for package: devtoolset-8-elfutils-0.174-1.el7.x86_64
--> Processing Dependency: libdw.so.dts.1(ELFUTILS_0.160)(64bit) for package: devtoolset-8-elfutils-0.174-1.el7.x86_64
--> Processing Dependency: libdw.so.dts.1(ELFUTILS_0.159)(64bit) for package: devtoolset-8-elfutils-0.174-1.el7.x86_64
--> Processing Dependency: libdw.so.dts.1(ELFUTILS_0.158)(64bit) for package: devtoolset-8-elfutils-0.174-1.el7.x86_64
--> Processing Dependency: libdw.so.dts.1(ELFUTILS_0.149)(64bit) for package: devtoolset-8-elfutils-0.174-1.el7.x86_64
--> Processing Dependency: libdw.so.dts.1(ELFUTILS_0.148)(64bit) for package: devtoolset-8-elfutils-0.174-1.el7.x86_64
--> Processing Dependency: libdw.so.dts.1(ELFUTILS_0.143)(64bit) for package: devtoolset-8-elfutils-0.174-1.el7.x86_64
--> Processing Dependency: libdw.so.dts.1(ELFUTILS_0.138)(64bit) for package: devtoolset-8-elfutils-0.174-1.el7.x86_64
--> Processing Dependency: libdw.so.dts.1(ELFUTILS_0.130)(64bit) for package: devtoolset-8-elfutils-0.174-1.el7.x86_64
--> Processing Dependency: libdw.so.dts.1(ELFUTILS_0.127)(64bit) for package: devtoolset-8-elfutils-0.174-1.el7.x86_64
--> Processing Dependency: libdw.so.dts.1(ELFUTILS_0.126)(64bit) for package: devtoolset-8-elfutils-0.174-1.el7.x86_64
--> Processing Dependency: libdw.so.dts.1(ELFUTILS_0.122)(64bit) for package: devtoolset-8-elfutils-0.174-1.el7.x86_64
--> Processing Dependency: libasm.so.dts.1(ELFUTILS_1.0)(64bit) for package: devtoolset-8-elfutils-0.174-1.el7.x86_64
--> Processing Dependency: libelf.so.dts.1()(64bit) for package: devtoolset-8-elfutils-0.174-1.el7.x86_64
--> Processing Dependency: libdw.so.dts.1()(64bit) for package: devtoolset-8-elfutils-0.174-1.el7.x86_64
--> Processing Dependency: libasm.so.dts.1()(64bit) for package: devtoolset-8-elfutils-0.174-1.el7.x86_64
---> Package devtoolset-8-gcc-gfortran.x86_64 0:8.2.1-3.el7 will be installed
--> Processing Dependency: devtoolset-8-libquadmath-devel = 8.2.1-3.el7 for package: devtoolset-8-gcc-gfortran-8.2.1-3.el7.x86_64
--> Processing Dependency: libgfortran5 >= 8.1.1 for package: devtoolset-8-gcc-gfortran-8.2.1-3.el7.x86_64
---> Package devtoolset-8-gdb.x86_64 0:8.2-2.el7 will be installed
---> Package devtoolset-8-ltrace.x86_64 0:0.7.91-1.el7 will be installed
---> Package devtoolset-8-make.x86_64 1:4.2.1-4.el7 will be installed
---> Package devtoolset-8-memstomp.x86_64 0:0.1.5-5.el7 will be installed
---> Package devtoolset-8-oprofile.x86_64 0:1.3.0-2.el7 will be installed
---> Package devtoolset-8-strace.x86_64 0:4.24-4.el7 will be installed
---> Package devtoolset-8-systemtap.x86_64 0:3.3-1.el7 will be installed
--> Processing Dependency: devtoolset-8-systemtap-devel = 3.3-1.el7 for package: devtoolset-8-systemtap-3.3-1.el7.x86_64
--> Processing Dependency: devtoolset-8-systemtap-client = 3.3-1.el7 for package: devtoolset-8-systemtap-3.3-1.el7.x86_64
---> Package devtoolset-8-valgrind.x86_64 1:3.14.0-0.1.GIT.el7 will be installed
--> Running transaction check
---> Package devtoolset-8-elfutils-libelf.x86_64 0:0.174-1.el7 will be installed
---> Package devtoolset-8-elfutils-libs.x86_64 0:0.174-1.el7 will be installed
---> Package devtoolset-8-libquadmath-devel.x86_64 0:8.2.1-3.el7 will be installed
---> Package devtoolset-8-systemtap-client.x86_64 0:3.3-1.el7 will be installed
--> Processing Dependency: devtoolset-8-systemtap-runtime = 3.3-1.el7 for package: devtoolset-8-systemtap-client-3.3-1.el7.x86_64
---> Package devtoolset-8-systemtap-devel.x86_64 0:3.3-1.el7 will be installed
---> Package libgfortran5.x86_64 0:8.2.1-1.3.1.el7_5 will be installed
--> Running transaction check
---> Package devtoolset-8-systemtap-runtime.x86_64 0:3.3-1.el7 will be installed
--> Finished Dependency Resolution

Dependencies Resolved

========================================================================================================================
 Package                                 Arch            Version                          Repository               Size
========================================================================================================================
Installing:
 devtoolset-8                            x86_64          8.0-2.el7                        centos-sclo-rh          5.2 k
Installing for dependencies:
 devtoolset-8-dwz                        x86_64          0.12-1.1.el7                     centos-sclo-rh           98 k
 devtoolset-8-dyninst                    x86_64          9.3.2-5.el7                      centos-sclo-rh          3.6 M
 devtoolset-8-elfutils                   x86_64          0.174-1.el7                      centos-sclo-rh          427 k
 devtoolset-8-elfutils-libelf            x86_64          0.174-1.el7                      centos-sclo-rh          202 k
 devtoolset-8-elfutils-libs              x86_64          0.174-1.el7                      centos-sclo-rh          307 k
 devtoolset-8-gcc-gfortran               x86_64          8.2.1-3.el7                      centos-sclo-rh           12 M
 devtoolset-8-gdb                        x86_64          8.2-2.el7                        centos-sclo-rh          3.4 M
 devtoolset-8-libquadmath-devel          x86_64          8.2.1-3.el7                      centos-sclo-rh          154 k
 devtoolset-8-ltrace                     x86_64          0.7.91-1.el7                     centos-sclo-rh          148 k
 devtoolset-8-make                       x86_64          1:4.2.1-4.el7                    centos-sclo-rh          485 k
 devtoolset-8-memstomp                   x86_64          0.1.5-5.el7                      centos-sclo-rh          442 k
 devtoolset-8-oprofile                   x86_64          1.3.0-2.el7                      centos-sclo-rh          1.8 M
 devtoolset-8-perftools                  x86_64          8.0-2.el7                        centos-sclo-rh          2.6 k
 devtoolset-8-strace                     x86_64          4.24-4.el7                       centos-sclo-rh          1.0 M
 devtoolset-8-systemtap                  x86_64          3.3-1.el7                        centos-sclo-rh          144 k
 devtoolset-8-systemtap-client           x86_64          3.3-1.el7                        centos-sclo-rh          2.8 M
 devtoolset-8-systemtap-devel            x86_64          3.3-1.el7                        centos-sclo-rh          2.2 M
 devtoolset-8-systemtap-runtime          x86_64          3.3-1.el7                        centos-sclo-rh          427 k
 devtoolset-8-toolchain                  x86_64          8.0-2.el7                        centos-sclo-rh          2.8 k
 devtoolset-8-valgrind                   x86_64          1:3.14.0-0.1.GIT.el7             centos-sclo-rh           11 M
 libgfortran5                            x86_64          8.2.1-1.3.1.el7_5                updates                 796 k

Transaction Summary
========================================================================================================================
Install  1 Package (+21 Dependent packages)

Total download size: 42 M
Installed size: 130 M
Downloading packages:
(1/22): devtoolset-8-8.0-2.el7.x86_64.rpm                                                        | 5.2 kB  00:00:00
(2/22): devtoolset-8-elfutils-0.174-1.el7.x86_64.rpm                                             | 427 kB  00:00:00
(3/22): devtoolset-8-elfutils-libelf-0.174-1.el7.x86_64.rpm                                      | 202 kB  00:00:00
(4/22): devtoolset-8-elfutils-libs-0.174-1.el7.x86_64.rpm                                        | 307 kB  00:00:00
(5/22): devtoolset-8-dyninst-9.3.2-5.el7.x86_64.rpm                                              | 3.6 MB  00:00:00
(6/22): devtoolset-8-dwz-0.12-1.1.el7.x86_64.rpm                                                 |  98 kB  00:00:00
(7/22): devtoolset-8-gcc-gfortran-8.2.1-3.el7.x86_64.rpm                                         |  12 MB  00:00:00
(8/22): devtoolset-8-libquadmath-devel-8.2.1-3.el7.x86_64.rpm                                    | 154 kB  00:00:00
(9/22): devtoolset-8-ltrace-0.7.91-1.el7.x86_64.rpm                                              | 148 kB  00:00:00
(10/22): devtoolset-8-gdb-8.2-2.el7.x86_64.rpm                                                   | 3.4 MB  00:00:00
(11/22): devtoolset-8-make-4.2.1-4.el7.x86_64.rpm                                                | 485 kB  00:00:00
(12/22): devtoolset-8-memstomp-0.1.5-5.el7.x86_64.rpm                                            | 442 kB  00:00:00
(13/22): devtoolset-8-strace-4.24-4.el7.x86_64.rpm                                               | 1.0 MB  00:00:00
(14/22): devtoolset-8-perftools-8.0-2.el7.x86_64.rpm                                             | 2.6 kB  00:00:00
(15/22): devtoolset-8-systemtap-client-3.3-1.el7.x86_64.rpm                                      | 2.8 MB  00:00:00
(16/22): devtoolset-8-systemtap-devel-3.3-1.el7.x86_64.rpm                                       | 2.2 MB  00:00:00
(17/22): devtoolset-8-toolchain-8.0-2.el7.x86_64.rpm                                             | 2.8 kB  00:00:00
(18/22): devtoolset-8-oprofile-1.3.0-2.el7.x86_64.rpm                                            | 1.8 MB  00:00:00
(19/22): libgfortran5-8.2.1-1.3.1.el7_5.x86_64.rpm                                               | 796 kB  00:00:00
(20/22): devtoolset-8-systemtap-runtime-3.3-1.el7.x86_64.rpm                                     | 427 kB  00:00:00
(21/22): devtoolset-8-systemtap-3.3-1.el7.x86_64.rpm                                             | 144 kB  00:00:01
(22/22): devtoolset-8-valgrind-3.14.0-0.1.GIT.el7.x86_64.rpm                                     |  11 MB  00:00:01
------------------------------------------------------------------------------------------------------------------------
Total                                                                                    16 MB/s |  42 MB  00:00:02
Running transaction check
Running transaction test
Transaction test succeeded
Running transaction
  Installing : devtoolset-8-dyninst-9.3.2-5.el7.x86_64                                                             1/22
  Installing : devtoolset-8-elfutils-libelf-0.174-1.el7.x86_64                                                     2/22
  Installing : devtoolset-8-systemtap-devel-3.3-1.el7.x86_64                                                       3/22
  Installing : devtoolset-8-elfutils-libs-0.174-1.el7.x86_64                                                       4/22
  Installing : devtoolset-8-elfutils-0.174-1.el7.x86_64                                                            5/22
  Installing : devtoolset-8-systemtap-runtime-3.3-1.el7.x86_64                                                     6/22
  Installing : devtoolset-8-systemtap-client-3.3-1.el7.x86_64                                                      7/22
  Installing : devtoolset-8-systemtap-3.3-1.el7.x86_64                                                             8/22
  Installing : 1:devtoolset-8-make-4.2.1-4.el7.x86_64                                                              9/22
  Installing : devtoolset-8-dwz-0.12-1.1.el7.x86_64                                                               10/22
  Installing : devtoolset-8-ltrace-0.7.91-1.el7.x86_64                                                            11/22
  Installing : devtoolset-8-memstomp-0.1.5-5.el7.x86_64                                                           12/22
  Installing : devtoolset-8-oprofile-1.3.0-2.el7.x86_64                                                           13/22
  Installing : 1:devtoolset-8-valgrind-3.14.0-0.1.GIT.el7.x86_64                                                  14/22
  Installing : devtoolset-8-perftools-8.0-2.el7.x86_64                                                            15/22
  Installing : devtoolset-8-gdb-8.2-2.el7.x86_64                                                                  16/22
  Installing : devtoolset-8-strace-4.24-4.el7.x86_64                                                              17/22
  Installing : devtoolset-8-libquadmath-devel-8.2.1-3.el7.x86_64                                                  18/22
  Installing : libgfortran5-8.2.1-1.3.1.el7_5.x86_64                                                              19/22
  Installing : devtoolset-8-gcc-gfortran-8.2.1-3.el7.x86_64                                                       20/22
  Installing : devtoolset-8-toolchain-8.0-2.el7.x86_64                                                            21/22
  Installing : devtoolset-8-8.0-2.el7.x86_64                                                                      22/22
  Verifying  : libgfortran5-8.2.1-1.3.1.el7_5.x86_64                                                               1/22
  Verifying  : devtoolset-8-systemtap-devel-3.3-1.el7.x86_64                                                       2/22
  Verifying  : devtoolset-8-elfutils-libelf-0.174-1.el7.x86_64                                                     3/22
  Verifying  : devtoolset-8-systemtap-runtime-3.3-1.el7.x86_64                                                     4/22
  Verifying  : devtoolset-8-perftools-8.0-2.el7.x86_64                                                             5/22
  Verifying  : devtoolset-8-libquadmath-devel-8.2.1-3.el7.x86_64                                                   6/22
  Verifying  : devtoolset-8-strace-4.24-4.el7.x86_64                                                               7/22
  Verifying  : devtoolset-8-gcc-gfortran-8.2.1-3.el7.x86_64                                                        8/22
  Verifying  : devtoolset-8-gdb-8.2-2.el7.x86_64                                                                   9/22
  Verifying  : devtoolset-8-elfutils-libs-0.174-1.el7.x86_64                                                      10/22
  Verifying  : 1:devtoolset-8-valgrind-3.14.0-0.1.GIT.el7.x86_64                                                  11/22
  Verifying  : devtoolset-8-elfutils-0.174-1.el7.x86_64                                                           12/22
  Verifying  : devtoolset-8-oprofile-1.3.0-2.el7.x86_64                                                           13/22
  Verifying  : devtoolset-8-toolchain-8.0-2.el7.x86_64                                                            14/22
  Verifying  : devtoolset-8-systemtap-client-3.3-1.el7.x86_64                                                     15/22
  Verifying  : devtoolset-8-systemtap-3.3-1.el7.x86_64                                                            16/22
  Verifying  : devtoolset-8-dyninst-9.3.2-5.el7.x86_64                                                            17/22
  Verifying  : devtoolset-8-memstomp-0.1.5-5.el7.x86_64                                                           18/22
  Verifying  : devtoolset-8-ltrace-0.7.91-1.el7.x86_64                                                            19/22
  Verifying  : devtoolset-8-8.0-2.el7.x86_64                                                                      20/22
  Verifying  : devtoolset-8-dwz-0.12-1.1.el7.x86_64                                                               21/22
  Verifying  : 1:devtoolset-8-make-4.2.1-4.el7.x86_64                                                             22/22

Installed:
  devtoolset-8.x86_64 0:8.0-2.el7

Dependency Installed:
  devtoolset-8-dwz.x86_64 0:0.12-1.1.el7                   devtoolset-8-dyninst.x86_64 0:9.3.2-5.el7
  devtoolset-8-elfutils.x86_64 0:0.174-1.el7               devtoolset-8-elfutils-libelf.x86_64 0:0.174-1.el7
  devtoolset-8-elfutils-libs.x86_64 0:0.174-1.el7          devtoolset-8-gcc-gfortran.x86_64 0:8.2.1-3.el7
  devtoolset-8-gdb.x86_64 0:8.2-2.el7                      devtoolset-8-libquadmath-devel.x86_64 0:8.2.1-3.el7
  devtoolset-8-ltrace.x86_64 0:0.7.91-1.el7                devtoolset-8-make.x86_64 1:4.2.1-4.el7
  devtoolset-8-memstomp.x86_64 0:0.1.5-5.el7               devtoolset-8-oprofile.x86_64 0:1.3.0-2.el7
  devtoolset-8-perftools.x86_64 0:8.0-2.el7                devtoolset-8-strace.x86_64 0:4.24-4.el7
  devtoolset-8-systemtap.x86_64 0:3.3-1.el7                devtoolset-8-systemtap-client.x86_64 0:3.3-1.el7
  devtoolset-8-systemtap-devel.x86_64 0:3.3-1.el7          devtoolset-8-systemtap-runtime.x86_64 0:3.3-1.el7
  devtoolset-8-toolchain.x86_64 0:8.0-2.el7                devtoolset-8-valgrind.x86_64 1:3.14.0-0.1.GIT.el7
  libgfortran5.x86_64 0:8.2.1-1.3.1.el7_5

Complete!
[root@izj6c4rpqm2vq9jxie4xrmz bin]# g++
-bash: g++: command not found
[root@izj6c4rpqm2vq9jxie4xrmz bin]# locate^C
[root@izj6c4rpqm2vq9jxie4xrmz bin]# updatedb
[root@izj6c4rpqm2vq9jxie4xrmz bin]# g++
-bash: g++: command not found
[root@izj6c4rpqm2vq9jxie4xrmz bin]# locate g++
/etc/alternatives/g++
/opt/rh/devtoolset-8/root/usr/bin/g++
/opt/rh/devtoolset-8/root/usr/bin/x86_64-redhat-linux-g++
/opt/rh/devtoolset-8/root/usr/share/man/man1/g++.1.gz
/usr/bin/_g++
/usr/bin/g++
/usr/bin/x86_64-redhat-linux-g++
/usr/lib64/libconfig++.so.9
/usr/lib64/libconfig++.so.9.1.3
/usr/share/man/man1/g++.1.gz
/var/lib/alternatives/g++
[root@izj6c4rpqm2vq9jxie4xrmz bin]# /usr/bin/g++
-bash: /usr/bin/g++: No such file or directory
[root@izj6c4rpqm2vq9jxie4xrmz bin]# /opt/rh/devtoolset-8/root/usr/bin/g++
g++: fatal error: no input files
compilation terminated.
[root@izj6c4rpqm2vq9jxie4xrmz bin]# update-alternatives
alternatives version 1.7.2 - Copyright (C) 2001 Red Hat, Inc.
This may be freely redistributed under the terms of the GNU Public License.

usage: alternatives --install <link> <name> <path> <priority>
                    [--initscript <service>]
                    [--family <family>]
                    [--slave <link> <name> <path>]*
       alternatives --remove <name> <path>
       alternatives --auto <name>
       alternatives --config <name>
       alternatives --display <name>
       alternatives --set <name> <path>
       alternatives --list

common options: --verbose --test --help --usage --version --keep-missing
                --altdir <directory> --admindir <directory>
[root@izj6c4rpqm2vq9jxie4xrmz bin]# update-alternatives --remove cc
alternatives version 1.7.2 - Copyright (C) 2001 Red Hat, Inc.
This may be freely redistributed under the terms of the GNU Public License.

usage: alternatives --install <link> <name> <path> <priority>
                    [--initscript <service>]
                    [--family <family>]
                    [--slave <link> <name> <path>]*
       alternatives --remove <name> <path>
       alternatives --auto <name>
       alternatives --config <name>
       alternatives --display <name>
       alternatives --set <name> <path>
       alternatives --list

common options: --verbose --test --help --usage --version --keep-missing
                --altdir <directory> --admindir <directory>
[root@izj6c4rpqm2vq9jxie4xrmz bin]# update-alternatives --remove cc ^C
[root@izj6c4rpqm2vq9jxie4xrmz bin]# locate g++
/etc/alternatives/g++
/opt/rh/devtoolset-8/root/usr/bin/g++
/opt/rh/devtoolset-8/root/usr/bin/x86_64-redhat-linux-g++
/opt/rh/devtoolset-8/root/usr/share/man/man1/g++.1.gz
/usr/bin/_g++
/usr/bin/g++
/usr/bin/x86_64-redhat-linux-g++
/usr/lib64/libconfig++.so.9
/usr/lib64/libconfig++.so.9.1.3
/usr/share/man/man1/g++.1.gz
/var/lib/alternatives/g++
[root@izj6c4rpqm2vq9jxie4xrmz bin]# locate c++
/etc/alternatives/c++
/opt/rh/devtoolset-8/root/usr/bin/c++
/opt/rh/devtoolset-8/root/usr/bin/c++filt
/opt/rh/devtoolset-8/root/usr/bin/x86_64-redhat-linux-c++
/opt/rh/devtoolset-8/root/usr/include/c++
/opt/rh/devtoolset-8/root/usr/include/c++/8
/opt/rh/devtoolset-8/root/usr/include/c++/8/algorithm
/opt/rh/devtoolset-8/root/usr/include/c++/8/any
/opt/rh/devtoolset-8/root/usr/include/c++/8/array
/opt/rh/devtoolset-8/root/usr/include/c++/8/atomic
/opt/rh/devtoolset-8/root/usr/include/c++/8/backward
/opt/rh/devtoolset-8/root/usr/include/c++/8/bits
/opt/rh/devtoolset-8/root/usr/include/c++/8/bitset
/opt/rh/devtoolset-8/root/usr/include/c++/8/cassert
/opt/rh/devtoolset-8/root/usr/include/c++/8/ccomplex
/opt/rh/devtoolset-8/root/usr/include/c++/8/cctype
/opt/rh/devtoolset-8/root/usr/include/c++/8/cerrno
/opt/rh/devtoolset-8/root/usr/include/c++/8/cfenv
/opt/rh/devtoolset-8/root/usr/include/c++/8/cfloat
/opt/rh/devtoolset-8/root/usr/include/c++/8/charconv
/opt/rh/devtoolset-8/root/usr/include/c++/8/chrono
/opt/rh/devtoolset-8/root/usr/include/c++/8/cinttypes
/opt/rh/devtoolset-8/root/usr/include/c++/8/ciso646
/opt/rh/devtoolset-8/root/usr/include/c++/8/climits
/opt/rh/devtoolset-8/root/usr/include/c++/8/clocale
/opt/rh/devtoolset-8/root/usr/include/c++/8/cmath
/opt/rh/devtoolset-8/root/usr/include/c++/8/codecvt
/opt/rh/devtoolset-8/root/usr/include/c++/8/complex
/opt/rh/devtoolset-8/root/usr/include/c++/8/complex.h
/opt/rh/devtoolset-8/root/usr/include/c++/8/condition_variable
/opt/rh/devtoolset-8/root/usr/include/c++/8/csetjmp
/opt/rh/devtoolset-8/root/usr/include/c++/8/csignal
/opt/rh/devtoolset-8/root/usr/include/c++/8/cstdalign
/opt/rh/devtoolset-8/root/usr/include/c++/8/cstdarg
/opt/rh/devtoolset-8/root/usr/include/c++/8/cstdbool
/opt/rh/devtoolset-8/root/usr/include/c++/8/cstddef
/opt/rh/devtoolset-8/root/usr/include/c++/8/cstdint
/opt/rh/devtoolset-8/root/usr/include/c++/8/cstdio
/opt/rh/devtoolset-8/root/usr/include/c++/8/cstdlib
/opt/rh/devtoolset-8/root/usr/include/c++/8/cstring
/opt/rh/devtoolset-8/root/usr/include/c++/8/ctgmath
/opt/rh/devtoolset-8/root/usr/include/c++/8/ctime
/opt/rh/devtoolset-8/root/usr/include/c++/8/cuchar
/opt/rh/devtoolset-8/root/usr/include/c++/8/cwchar
/opt/rh/devtoolset-8/root/usr/include/c++/8/cwctype
/opt/rh/devtoolset-8/root/usr/include/c++/8/cxxabi.h
/opt/rh/devtoolset-8/root/usr/include/c++/8/debug
/opt/rh/devtoolset-8/root/usr/include/c++/8/decimal
/opt/rh/devtoolset-8/root/usr/include/c++/8/deque
/opt/rh/devtoolset-8/root/usr/include/c++/8/exception
/opt/rh/devtoolset-8/root/usr/include/c++/8/experimental
/opt/rh/devtoolset-8/root/usr/include/c++/8/ext
/opt/rh/devtoolset-8/root/usr/include/c++/8/fenv.h
/opt/rh/devtoolset-8/root/usr/include/c++/8/filesystem
/opt/rh/devtoolset-8/root/usr/include/c++/8/forward_list
/opt/rh/devtoolset-8/root/usr/include/c++/8/fstream
/opt/rh/devtoolset-8/root/usr/include/c++/8/functional
/opt/rh/devtoolset-8/root/usr/include/c++/8/future
/opt/rh/devtoolset-8/root/usr/include/c++/8/initializer_list
/opt/rh/devtoolset-8/root/usr/include/c++/8/iomanip
/opt/rh/devtoolset-8/root/usr/include/c++/8/ios
/opt/rh/devtoolset-8/root/usr/include/c++/8/iosfwd
/opt/rh/devtoolset-8/root/usr/include/c++/8/iostream
/opt/rh/devtoolset-8/root/usr/include/c++/8/istream
/opt/rh/devtoolset-8/root/usr/include/c++/8/iterator
/opt/rh/devtoolset-8/root/usr/include/c++/8/limits
/opt/rh/devtoolset-8/root/usr/include/c++/8/list
/opt/rh/devtoolset-8/root/usr/include/c++/8/locale
/opt/rh/devtoolset-8/root/usr/include/c++/8/map
/opt/rh/devtoolset-8/root/usr/include/c++/8/math.h
/opt/rh/devtoolset-8/root/usr/include/c++/8/memory
/opt/rh/devtoolset-8/root/usr/include/c++/8/mutex
/opt/rh/devtoolset-8/root/usr/include/c++/8/new
/opt/rh/devtoolset-8/root/usr/include/c++/8/numeric
/opt/rh/devtoolset-8/root/usr/include/c++/8/optional
/opt/rh/devtoolset-8/root/usr/include/c++/8/ostream
/opt/rh/devtoolset-8/root/usr/include/c++/8/parallel
/opt/rh/devtoolset-8/root/usr/include/c++/8/profile
/opt/rh/devtoolset-8/root/usr/include/c++/8/queue
/opt/rh/devtoolset-8/root/usr/include/c++/8/random
/opt/rh/devtoolset-8/root/usr/include/c++/8/ratio
/opt/rh/devtoolset-8/root/usr/include/c++/8/regex
/opt/rh/devtoolset-8/root/usr/include/c++/8/scoped_allocator
/opt/rh/devtoolset-8/root/usr/include/c++/8/set
/opt/rh/devtoolset-8/root/usr/include/c++/8/shared_mutex
/opt/rh/devtoolset-8/root/usr/include/c++/8/sstream
/opt/rh/devtoolset-8/root/usr/include/c++/8/stack
/opt/rh/devtoolset-8/root/usr/include/c++/8/stdexcept
/opt/rh/devtoolset-8/root/usr/include/c++/8/stdlib.h
/opt/rh/devtoolset-8/root/usr/include/c++/8/streambuf
/opt/rh/devtoolset-8/root/usr/include/c++/8/string
/opt/rh/devtoolset-8/root/usr/include/c++/8/string_view
/opt/rh/devtoolset-8/root/usr/include/c++/8/system_error
/opt/rh/devtoolset-8/root/usr/include/c++/8/tgmath.h
/opt/rh/devtoolset-8/root/usr/include/c++/8/thread
/opt/rh/devtoolset-8/root/usr/include/c++/8/tr1
/opt/rh/devtoolset-8/root/usr/include/c++/8/tr2
/opt/rh/devtoolset-8/root/usr/include/c++/8/tuple
/opt/rh/devtoolset-8/root/usr/include/c++/8/type_traits
/opt/rh/devtoolset-8/root/usr/include/c++/8/typeindex
/opt/rh/devtoolset-8/root/usr/include/c++/8/typeinfo
/opt/rh/devtoolset-8/root/usr/include/c++/8/unordered_map
/opt/rh/devtoolset-8/root/usr/include/c++/8/unordered_set
/opt/rh/devtoolset-8/root/usr/include/c++/8/utility
/opt/rh/devtoolset-8/root/usr/include/c++/8/valarray
/opt/rh/devtoolset-8/root/usr/include/c++/8/variant
/opt/rh/devtoolset-8/root/usr/include/c++/8/vector
/opt/rh/devtoolset-8/root/usr/include/c++/8/x86_64-redhat-linux
/opt/rh/devtoolset-8/root/usr/include/c++/8/backward/auto_ptr.h
/opt/rh/devtoolset-8/root/usr/include/c++/8/backward/backward_warning.h
/opt/rh/devtoolset-8/root/usr/include/c++/8/backward/binders.h
/opt/rh/devtoolset-8/root/usr/include/c++/8/backward/hash_fun.h
/opt/rh/devtoolset-8/root/usr/include/c++/8/backward/hash_map
/opt/rh/devtoolset-8/root/usr/include/c++/8/backward/hash_set
/opt/rh/devtoolset-8/root/usr/include/c++/8/backward/hashtable.h
/opt/rh/devtoolset-8/root/usr/include/c++/8/backward/strstream
/opt/rh/devtoolset-8/root/usr/include/c++/8/bits/algorithmfwd.h
/opt/rh/devtoolset-8/root/usr/include/c++/8/bits/alloc_traits.h
/opt/rh/devtoolset-8/root/usr/include/c++/8/bits/allocated_ptr.h
/opt/rh/devtoolset-8/root/usr/include/c++/8/bits/allocator.h
/opt/rh/devtoolset-8/root/usr/include/c++/8/bits/atomic_base.h
/opt/rh/devtoolset-8/root/usr/include/c++/8/bits/atomic_futex.h
/opt/rh/devtoolset-8/root/usr/include/c++/8/bits/atomic_lockfree_defines.h
/opt/rh/devtoolset-8/root/usr/include/c++/8/bits/basic_ios.h
/opt/rh/devtoolset-8/root/usr/include/c++/8/bits/basic_ios.tcc
/opt/rh/devtoolset-8/root/usr/include/c++/8/bits/basic_string.h
/opt/rh/devtoolset-8/root/usr/include/c++/8/bits/basic_string.tcc
/opt/rh/devtoolset-8/root/usr/include/c++/8/bits/boost_concept_check.h
/opt/rh/devtoolset-8/root/usr/include/c++/8/bits/c++0x_warning.h
/opt/rh/devtoolset-8/root/usr/include/c++/8/bits/char_traits.h
/opt/rh/devtoolset-8/root/usr/include/c++/8/bits/codecvt.h
/opt/rh/devtoolset-8/root/usr/include/c++/8/bits/concept_check.h
/opt/rh/devtoolset-8/root/usr/include/c++/8/bits/cpp_type_traits.h
/opt/rh/devtoolset-8/root/usr/include/c++/8/bits/cxxabi_forced.h
/opt/rh/devtoolset-8/root/usr/include/c++/8/bits/cxxabi_init_exception.h
/opt/rh/devtoolset-8/root/usr/include/c++/8/bits/deque.tcc
/opt/rh/devtoolset-8/root/usr/include/c++/8/bits/enable_special_members.h
/opt/rh/devtoolset-8/root/usr/include/c++/8/bits/exception.h
/opt/rh/devtoolset-8/root/usr/include/c++/8/bits/exception_defines.h
/opt/rh/devtoolset-8/root/usr/include/c++/8/bits/exception_ptr.h
/opt/rh/devtoolset-8/root/usr/include/c++/8/bits/forward_list.h
/opt/rh/devtoolset-8/root/usr/include/c++/8/bits/forward_list.tcc
/opt/rh/devtoolset-8/root/usr/include/c++/8/bits/fs_dir.h
/opt/rh/devtoolset-8/root/usr/include/c++/8/bits/fs_fwd.h
/opt/rh/devtoolset-8/root/usr/include/c++/8/bits/fs_ops.h
/opt/rh/devtoolset-8/root/usr/include/c++/8/bits/fs_path.h
/opt/rh/devtoolset-8/root/usr/include/c++/8/bits/fstream.tcc
/opt/rh/devtoolset-8/root/usr/include/c++/8/bits/functexcept.h
/opt/rh/devtoolset-8/root/usr/include/c++/8/bits/functional_hash.h
/opt/rh/devtoolset-8/root/usr/include/c++/8/bits/gslice.h
/opt/rh/devtoolset-8/root/usr/include/c++/8/bits/gslice_array.h
/opt/rh/devtoolset-8/root/usr/include/c++/8/bits/hash_bytes.h
/opt/rh/devtoolset-8/root/usr/include/c++/8/bits/hashtable.h
/opt/rh/devtoolset-8/root/usr/include/c++/8/bits/hashtable_policy.h
/opt/rh/devtoolset-8/root/usr/include/c++/8/bits/indirect_array.h
/opt/rh/devtoolset-8/root/usr/include/c++/8/bits/invoke.h
/opt/rh/devtoolset-8/root/usr/include/c++/8/bits/ios_base.h
/opt/rh/devtoolset-8/root/usr/include/c++/8/bits/istream.tcc
/opt/rh/devtoolset-8/root/usr/include/c++/8/bits/list.tcc
/opt/rh/devtoolset-8/root/usr/include/c++/8/bits/locale_classes.h
/opt/rh/devtoolset-8/root/usr/include/c++/8/bits/locale_classes.tcc
/opt/rh/devtoolset-8/root/usr/include/c++/8/bits/locale_conv.h
/opt/rh/devtoolset-8/root/usr/include/c++/8/bits/locale_facets.h
/opt/rh/devtoolset-8/root/usr/include/c++/8/bits/locale_facets.tcc
/opt/rh/devtoolset-8/root/usr/include/c++/8/bits/locale_facets_nonio.h
/opt/rh/devtoolset-8/root/usr/include/c++/8/bits/locale_facets_nonio.tcc
/opt/rh/devtoolset-8/root/usr/include/c++/8/bits/localefwd.h
/opt/rh/devtoolset-8/root/usr/include/c++/8/bits/mask_array.h
/opt/rh/devtoolset-8/root/usr/include/c++/8/bits/memoryfwd.h
/opt/rh/devtoolset-8/root/usr/include/c++/8/bits/move.h
/opt/rh/devtoolset-8/root/usr/include/c++/8/bits/nested_exception.h
/opt/rh/devtoolset-8/root/usr/include/c++/8/bits/node_handle.h
/opt/rh/devtoolset-8/root/usr/include/c++/8/bits/ostream.tcc
/opt/rh/devtoolset-8/root/usr/include/c++/8/bits/ostream_insert.h
/opt/rh/devtoolset-8/root/usr/include/c++/8/bits/parse_numbers.h
/opt/rh/devtoolset-8/root/usr/include/c++/8/bits/postypes.h
/opt/rh/devtoolset-8/root/usr/include/c++/8/bits/predefined_ops.h
/opt/rh/devtoolset-8/root/usr/include/c++/8/bits/ptr_traits.h
/opt/rh/devtoolset-8/root/usr/include/c++/8/bits/quoted_string.h
/opt/rh/devtoolset-8/root/usr/include/c++/8/bits/random.h
/opt/rh/devtoolset-8/root/usr/include/c++/8/bits/random.tcc
/opt/rh/devtoolset-8/root/usr/include/c++/8/bits/range_access.h
/opt/rh/devtoolset-8/root/usr/include/c++/8/bits/refwrap.h
/opt/rh/devtoolset-8/root/usr/include/c++/8/bits/regex.h
/opt/rh/devtoolset-8/root/usr/include/c++/8/bits/regex.tcc
/opt/rh/devtoolset-8/root/usr/include/c++/8/bits/regex_automaton.h
/opt/rh/devtoolset-8/root/usr/include/c++/8/bits/regex_automaton.tcc
/opt/rh/devtoolset-8/root/usr/include/c++/8/bits/regex_compiler.h
/opt/rh/devtoolset-8/root/usr/include/c++/8/bits/regex_compiler.tcc
/opt/rh/devtoolset-8/root/usr/include/c++/8/bits/regex_constants.h
/opt/rh/devtoolset-8/root/usr/include/c++/8/bits/regex_error.h
/opt/rh/devtoolset-8/root/usr/include/c++/8/bits/regex_executor.h
/opt/rh/devtoolset-8/root/usr/include/c++/8/bits/regex_executor.tcc
/opt/rh/devtoolset-8/root/usr/include/c++/8/bits/regex_scanner.h
/opt/rh/devtoolset-8/root/usr/include/c++/8/bits/regex_scanner.tcc
/opt/rh/devtoolset-8/root/usr/include/c++/8/bits/shared_ptr.h
/opt/rh/devtoolset-8/root/usr/include/c++/8/bits/shared_ptr_atomic.h
/opt/rh/devtoolset-8/root/usr/include/c++/8/bits/shared_ptr_base.h
/opt/rh/devtoolset-8/root/usr/include/c++/8/bits/slice_array.h
/opt/rh/devtoolset-8/root/usr/include/c++/8/bits/specfun.h
/opt/rh/devtoolset-8/root/usr/include/c++/8/bits/sstream.tcc
/opt/rh/devtoolset-8/root/usr/include/c++/8/bits/std_abs.h
/opt/rh/devtoolset-8/root/usr/include/c++/8/bits/std_function.h
/opt/rh/devtoolset-8/root/usr/include/c++/8/bits/std_mutex.h
/opt/rh/devtoolset-8/root/usr/include/c++/8/bits/stl_algo.h
/opt/rh/devtoolset-8/root/usr/include/c++/8/bits/stl_algobase.h
/opt/rh/devtoolset-8/root/usr/include/c++/8/bits/stl_bvector.h
/opt/rh/devtoolset-8/root/usr/include/c++/8/bits/stl_construct.h
/opt/rh/devtoolset-8/root/usr/include/c++/8/bits/stl_deque.h
/opt/rh/devtoolset-8/root/usr/include/c++/8/bits/stl_function.h
/opt/rh/devtoolset-8/root/usr/include/c++/8/bits/stl_heap.h
/opt/rh/devtoolset-8/root/usr/include/c++/8/bits/stl_iterator.h
/opt/rh/devtoolset-8/root/usr/include/c++/8/bits/stl_iterator_base_funcs.h
/opt/rh/devtoolset-8/root/usr/include/c++/8/bits/stl_iterator_base_types.h
/opt/rh/devtoolset-8/root/usr/include/c++/8/bits/stl_list.h
/opt/rh/devtoolset-8/root/usr/include/c++/8/bits/stl_map.h
/opt/rh/devtoolset-8/root/usr/include/c++/8/bits/stl_multimap.h
/opt/rh/devtoolset-8/root/usr/include/c++/8/bits/stl_multiset.h
/opt/rh/devtoolset-8/root/usr/include/c++/8/bits/stl_numeric.h
/opt/rh/devtoolset-8/root/usr/include/c++/8/bits/stl_pair.h
/opt/rh/devtoolset-8/root/usr/include/c++/8/bits/stl_queue.h
/opt/rh/devtoolset-8/root/usr/include/c++/8/bits/stl_raw_storage_iter.h
/opt/rh/devtoolset-8/root/usr/include/c++/8/bits/stl_relops.h
/opt/rh/devtoolset-8/root/usr/include/c++/8/bits/stl_set.h
/opt/rh/devtoolset-8/root/usr/include/c++/8/bits/stl_stack.h
/opt/rh/devtoolset-8/root/usr/include/c++/8/bits/stl_tempbuf.h
/opt/rh/devtoolset-8/root/usr/include/c++/8/bits/stl_tree.h
/opt/rh/devtoolset-8/root/usr/include/c++/8/bits/stl_uninitialized.h
/opt/rh/devtoolset-8/root/usr/include/c++/8/bits/stl_vector.h
/opt/rh/devtoolset-8/root/usr/include/c++/8/bits/stream_iterator.h
/opt/rh/devtoolset-8/root/usr/include/c++/8/bits/streambuf.tcc
/opt/rh/devtoolset-8/root/usr/include/c++/8/bits/streambuf_iterator.h
/opt/rh/devtoolset-8/root/usr/include/c++/8/bits/string_view.tcc
/opt/rh/devtoolset-8/root/usr/include/c++/8/bits/stringfwd.h
/opt/rh/devtoolset-8/root/usr/include/c++/8/bits/uniform_int_dist.h
/opt/rh/devtoolset-8/root/usr/include/c++/8/bits/unique_ptr.h
/opt/rh/devtoolset-8/root/usr/include/c++/8/bits/unordered_map.h
/opt/rh/devtoolset-8/root/usr/include/c++/8/bits/unordered_set.h
/opt/rh/devtoolset-8/root/usr/include/c++/8/bits/uses_allocator.h
/opt/rh/devtoolset-8/root/usr/include/c++/8/bits/valarray_after.h
/opt/rh/devtoolset-8/root/usr/include/c++/8/bits/valarray_array.h
/opt/rh/devtoolset-8/root/usr/include/c++/8/bits/valarray_array.tcc
/opt/rh/devtoolset-8/root/usr/include/c++/8/bits/valarray_before.h
/opt/rh/devtoolset-8/root/usr/include/c++/8/bits/vector.tcc
/opt/rh/devtoolset-8/root/usr/include/c++/8/debug/array
/opt/rh/devtoolset-8/root/usr/include/c++/8/debug/assertions.h
/opt/rh/devtoolset-8/root/usr/include/c++/8/debug/bitset
/opt/rh/devtoolset-8/root/usr/include/c++/8/debug/debug.h
/opt/rh/devtoolset-8/root/usr/include/c++/8/debug/deque
/opt/rh/devtoolset-8/root/usr/include/c++/8/debug/formatter.h
/opt/rh/devtoolset-8/root/usr/include/c++/8/debug/forward_list
/opt/rh/devtoolset-8/root/usr/include/c++/8/debug/functions.h
/opt/rh/devtoolset-8/root/usr/include/c++/8/debug/helper_functions.h
/opt/rh/devtoolset-8/root/usr/include/c++/8/debug/list
/opt/rh/devtoolset-8/root/usr/include/c++/8/debug/macros.h
/opt/rh/devtoolset-8/root/usr/include/c++/8/debug/map
/opt/rh/devtoolset-8/root/usr/include/c++/8/debug/map.h
/opt/rh/devtoolset-8/root/usr/include/c++/8/debug/multimap.h
/opt/rh/devtoolset-8/root/usr/include/c++/8/debug/multiset.h
/opt/rh/devtoolset-8/root/usr/include/c++/8/debug/safe_base.h
/opt/rh/devtoolset-8/root/usr/include/c++/8/debug/safe_container.h
/opt/rh/devtoolset-8/root/usr/include/c++/8/debug/safe_iterator.h
/opt/rh/devtoolset-8/root/usr/include/c++/8/debug/safe_iterator.tcc
/opt/rh/devtoolset-8/root/usr/include/c++/8/debug/safe_local_iterator.h
/opt/rh/devtoolset-8/root/usr/include/c++/8/debug/safe_local_iterator.tcc
/opt/rh/devtoolset-8/root/usr/include/c++/8/debug/safe_sequence.h
/opt/rh/devtoolset-8/root/usr/include/c++/8/debug/safe_sequence.tcc
/opt/rh/devtoolset-8/root/usr/include/c++/8/debug/safe_unordered_base.h
/opt/rh/devtoolset-8/root/usr/include/c++/8/debug/safe_unordered_container.h
/opt/rh/devtoolset-8/root/usr/include/c++/8/debug/safe_unordered_container.tcc
/opt/rh/devtoolset-8/root/usr/include/c++/8/debug/set
/opt/rh/devtoolset-8/root/usr/include/c++/8/debug/set.h
/opt/rh/devtoolset-8/root/usr/include/c++/8/debug/stl_iterator.h
/opt/rh/devtoolset-8/root/usr/include/c++/8/debug/string
/opt/rh/devtoolset-8/root/usr/include/c++/8/debug/unordered_map
/opt/rh/devtoolset-8/root/usr/include/c++/8/debug/unordered_set
/opt/rh/devtoolset-8/root/usr/include/c++/8/debug/vector
/opt/rh/devtoolset-8/root/usr/include/c++/8/decimal/decimal
/opt/rh/devtoolset-8/root/usr/include/c++/8/decimal/decimal.h
/opt/rh/devtoolset-8/root/usr/include/c++/8/experimental/algorithm
/opt/rh/devtoolset-8/root/usr/include/c++/8/experimental/any
/opt/rh/devtoolset-8/root/usr/include/c++/8/experimental/array
/opt/rh/devtoolset-8/root/usr/include/c++/8/experimental/bits
/opt/rh/devtoolset-8/root/usr/include/c++/8/experimental/chrono
/opt/rh/devtoolset-8/root/usr/include/c++/8/experimental/deque
/opt/rh/devtoolset-8/root/usr/include/c++/8/experimental/filesystem
/opt/rh/devtoolset-8/root/usr/include/c++/8/experimental/forward_list
/opt/rh/devtoolset-8/root/usr/include/c++/8/experimental/functional
/opt/rh/devtoolset-8/root/usr/include/c++/8/experimental/iterator
/opt/rh/devtoolset-8/root/usr/include/c++/8/experimental/list
/opt/rh/devtoolset-8/root/usr/include/c++/8/experimental/map
/opt/rh/devtoolset-8/root/usr/include/c++/8/experimental/memory
/opt/rh/devtoolset-8/root/usr/include/c++/8/experimental/memory_resource
/opt/rh/devtoolset-8/root/usr/include/c++/8/experimental/numeric
/opt/rh/devtoolset-8/root/usr/include/c++/8/experimental/optional
/opt/rh/devtoolset-8/root/usr/include/c++/8/experimental/propagate_const
/opt/rh/devtoolset-8/root/usr/include/c++/8/experimental/random
/opt/rh/devtoolset-8/root/usr/include/c++/8/experimental/ratio
/opt/rh/devtoolset-8/root/usr/include/c++/8/experimental/regex
/opt/rh/devtoolset-8/root/usr/include/c++/8/experimental/set
/opt/rh/devtoolset-8/root/usr/include/c++/8/experimental/source_location
/opt/rh/devtoolset-8/root/usr/include/c++/8/experimental/string
/opt/rh/devtoolset-8/root/usr/include/c++/8/experimental/string_view
/opt/rh/devtoolset-8/root/usr/include/c++/8/experimental/system_error
/opt/rh/devtoolset-8/root/usr/include/c++/8/experimental/tuple
/opt/rh/devtoolset-8/root/usr/include/c++/8/experimental/type_traits
/opt/rh/devtoolset-8/root/usr/include/c++/8/experimental/unordered_map
/opt/rh/devtoolset-8/root/usr/include/c++/8/experimental/unordered_set
/opt/rh/devtoolset-8/root/usr/include/c++/8/experimental/utility
/opt/rh/devtoolset-8/root/usr/include/c++/8/experimental/vector
/opt/rh/devtoolset-8/root/usr/include/c++/8/experimental/bits/erase_if.h
/opt/rh/devtoolset-8/root/usr/include/c++/8/experimental/bits/fs_dir.h
/opt/rh/devtoolset-8/root/usr/include/c++/8/experimental/bits/fs_fwd.h
/opt/rh/devtoolset-8/root/usr/include/c++/8/experimental/bits/fs_ops.h
/opt/rh/devtoolset-8/root/usr/include/c++/8/experimental/bits/fs_path.h
/opt/rh/devtoolset-8/root/usr/include/c++/8/experimental/bits/lfts_config.h
/opt/rh/devtoolset-8/root/usr/include/c++/8/experimental/bits/shared_ptr.h
/opt/rh/devtoolset-8/root/usr/include/c++/8/experimental/bits/string_view.tcc
/opt/rh/devtoolset-8/root/usr/include/c++/8/ext/algorithm
/opt/rh/devtoolset-8/root/usr/include/c++/8/ext/aligned_buffer.h
/opt/rh/devtoolset-8/root/usr/include/c++/8/ext/alloc_traits.h
/opt/rh/devtoolset-8/root/usr/include/c++/8/ext/array_allocator.h
/opt/rh/devtoolset-8/root/usr/include/c++/8/ext/atomicity.h
/opt/rh/devtoolset-8/root/usr/include/c++/8/ext/bitmap_allocator.h
/opt/rh/devtoolset-8/root/usr/include/c++/8/ext/cast.h
/opt/rh/devtoolset-8/root/usr/include/c++/8/ext/cmath
/opt/rh/devtoolset-8/root/usr/include/c++/8/ext/codecvt_specializations.h
/opt/rh/devtoolset-8/root/usr/include/c++/8/ext/concurrence.h
/opt/rh/devtoolset-8/root/usr/include/c++/8/ext/debug_allocator.h
/opt/rh/devtoolset-8/root/usr/include/c++/8/ext/enc_filebuf.h
/opt/rh/devtoolset-8/root/usr/include/c++/8/ext/extptr_allocator.h
/opt/rh/devtoolset-8/root/usr/include/c++/8/ext/functional
/opt/rh/devtoolset-8/root/usr/include/c++/8/ext/hash_map
/opt/rh/devtoolset-8/root/usr/include/c++/8/ext/hash_set
/opt/rh/devtoolset-8/root/usr/include/c++/8/ext/iterator
/opt/rh/devtoolset-8/root/usr/include/c++/8/ext/malloc_allocator.h
/opt/rh/devtoolset-8/root/usr/include/c++/8/ext/memory
/opt/rh/devtoolset-8/root/usr/include/c++/8/ext/mt_allocator.h
/opt/rh/devtoolset-8/root/usr/include/c++/8/ext/new_allocator.h
/opt/rh/devtoolset-8/root/usr/include/c++/8/ext/numeric
/opt/rh/devtoolset-8/root/usr/include/c++/8/ext/numeric_traits.h
/opt/rh/devtoolset-8/root/usr/include/c++/8/ext/pb_ds
/opt/rh/devtoolset-8/root/usr/include/c++/8/ext/pod_char_traits.h
/opt/rh/devtoolset-8/root/usr/include/c++/8/ext/pointer.h
/opt/rh/devtoolset-8/root/usr/include/c++/8/ext/pool_allocator.h
/opt/rh/devtoolset-8/root/usr/include/c++/8/ext/random
/opt/rh/devtoolset-8/root/usr/include/c++/8/ext/random.tcc
/opt/rh/devtoolset-8/root/usr/include/c++/8/ext/rb_tree
/opt/rh/devtoolset-8/root/usr/include/c++/8/ext/rc_string_base.h
/opt/rh/devtoolset-8/root/usr/include/c++/8/ext/rope
/opt/rh/devtoolset-8/root/usr/include/c++/8/ext/ropeimpl.h
/opt/rh/devtoolset-8/root/usr/include/c++/8/ext/slist
/opt/rh/devtoolset-8/root/usr/include/c++/8/ext/sso_string_base.h
/opt/rh/devtoolset-8/root/usr/include/c++/8/ext/stdio_filebuf.h
/opt/rh/devtoolset-8/root/usr/include/c++/8/ext/stdio_sync_filebuf.h
/opt/rh/devtoolset-8/root/usr/include/c++/8/ext/string_conversions.h
/opt/rh/devtoolset-8/root/usr/include/c++/8/ext/throw_allocator.h
/opt/rh/devtoolset-8/root/usr/include/c++/8/ext/type_traits.h
/opt/rh/devtoolset-8/root/usr/include/c++/8/ext/typelist.h
/opt/rh/devtoolset-8/root/usr/include/c++/8/ext/vstring.h
/opt/rh/devtoolset-8/root/usr/include/c++/8/ext/vstring.tcc
/opt/rh/devtoolset-8/root/usr/include/c++/8/ext/vstring_fwd.h
/opt/rh/devtoolset-8/root/usr/include/c++/8/ext/vstring_util.h
/opt/rh/devtoolset-8/root/usr/include/c++/8/ext/pb_ds/assoc_container.hpp
/opt/rh/devtoolset-8/root/usr/include/c++/8/ext/pb_ds/detail
/opt/rh/devtoolset-8/root/usr/include/c++/8/ext/pb_ds/exception.hpp
/opt/rh/devtoolset-8/root/usr/include/c++/8/ext/pb_ds/hash_policy.hpp
/opt/rh/devtoolset-8/root/usr/include/c++/8/ext/pb_ds/list_update_policy.hpp
/opt/rh/devtoolset-8/root/usr/include/c++/8/ext/pb_ds/priority_queue.hpp
/opt/rh/devtoolset-8/root/usr/include/c++/8/ext/pb_ds/tag_and_trait.hpp
/opt/rh/devtoolset-8/root/usr/include/c++/8/ext/pb_ds/tree_policy.hpp
/opt/rh/devtoolset-8/root/usr/include/c++/8/ext/pb_ds/trie_policy.hpp
/opt/rh/devtoolset-8/root/usr/include/c++/8/ext/pb_ds/detail/bin_search_tree_
/opt/rh/devtoolset-8/root/usr/include/c++/8/ext/pb_ds/detail/binary_heap_
/opt/rh/devtoolset-8/root/usr/include/c++/8/ext/pb_ds/detail/binomial_heap_
/opt/rh/devtoolset-8/root/usr/include/c++/8/ext/pb_ds/detail/binomial_heap_base_
/opt/rh/devtoolset-8/root/usr/include/c++/8/ext/pb_ds/detail/branch_policy
/opt/rh/devtoolset-8/root/usr/include/c++/8/ext/pb_ds/detail/cc_hash_table_map_
/opt/rh/devtoolset-8/root/usr/include/c++/8/ext/pb_ds/detail/cond_dealtor.hpp
/opt/rh/devtoolset-8/root/usr/include/c++/8/ext/pb_ds/detail/container_base_dispatch.hpp
/opt/rh/devtoolset-8/root/usr/include/c++/8/ext/pb_ds/detail/debug_map_base.hpp
/opt/rh/devtoolset-8/root/usr/include/c++/8/ext/pb_ds/detail/eq_fn
/opt/rh/devtoolset-8/root/usr/include/c++/8/ext/pb_ds/detail/gp_hash_table_map_
/opt/rh/devtoolset-8/root/usr/include/c++/8/ext/pb_ds/detail/hash_fn
/opt/rh/devtoolset-8/root/usr/include/c++/8/ext/pb_ds/detail/left_child_next_sibling_heap_
/opt/rh/devtoolset-8/root/usr/include/c++/8/ext/pb_ds/detail/list_update_map_
/opt/rh/devtoolset-8/root/usr/include/c++/8/ext/pb_ds/detail/list_update_policy
/opt/rh/devtoolset-8/root/usr/include/c++/8/ext/pb_ds/detail/ov_tree_map_
/opt/rh/devtoolset-8/root/usr/include/c++/8/ext/pb_ds/detail/pairing_heap_
/opt/rh/devtoolset-8/root/usr/include/c++/8/ext/pb_ds/detail/pat_trie_
/opt/rh/devtoolset-8/root/usr/include/c++/8/ext/pb_ds/detail/priority_queue_base_dispatch.hpp
/opt/rh/devtoolset-8/root/usr/include/c++/8/ext/pb_ds/detail/rb_tree_map_
/opt/rh/devtoolset-8/root/usr/include/c++/8/ext/pb_ds/detail/rc_binomial_heap_
/opt/rh/devtoolset-8/root/usr/include/c++/8/ext/pb_ds/detail/resize_policy
/opt/rh/devtoolset-8/root/usr/include/c++/8/ext/pb_ds/detail/splay_tree_
/opt/rh/devtoolset-8/root/usr/include/c++/8/ext/pb_ds/detail/standard_policies.hpp
/opt/rh/devtoolset-8/root/usr/include/c++/8/ext/pb_ds/detail/thin_heap_
/opt/rh/devtoolset-8/root/usr/include/c++/8/ext/pb_ds/detail/tree_policy
/opt/rh/devtoolset-8/root/usr/include/c++/8/ext/pb_ds/detail/tree_trace_base.hpp
/opt/rh/devtoolset-8/root/usr/include/c++/8/ext/pb_ds/detail/trie_policy
/opt/rh/devtoolset-8/root/usr/include/c++/8/ext/pb_ds/detail/type_utils.hpp
/opt/rh/devtoolset-8/root/usr/include/c++/8/ext/pb_ds/detail/types_traits.hpp
/opt/rh/devtoolset-8/root/usr/include/c++/8/ext/pb_ds/detail/unordered_iterator
/opt/rh/devtoolset-8/root/usr/include/c++/8/ext/pb_ds/detail/bin_search_tree_/bin_search_tree_.hpp
/opt/rh/devtoolset-8/root/usr/include/c++/8/ext/pb_ds/detail/bin_search_tree_/constructors_destructor_fn_imps.hpp
/opt/rh/devtoolset-8/root/usr/include/c++/8/ext/pb_ds/detail/bin_search_tree_/debug_fn_imps.hpp
/opt/rh/devtoolset-8/root/usr/include/c++/8/ext/pb_ds/detail/bin_search_tree_/erase_fn_imps.hpp
/opt/rh/devtoolset-8/root/usr/include/c++/8/ext/pb_ds/detail/bin_search_tree_/find_fn_imps.hpp
/opt/rh/devtoolset-8/root/usr/include/c++/8/ext/pb_ds/detail/bin_search_tree_/info_fn_imps.hpp
/opt/rh/devtoolset-8/root/usr/include/c++/8/ext/pb_ds/detail/bin_search_tree_/insert_fn_imps.hpp
/opt/rh/devtoolset-8/root/usr/include/c++/8/ext/pb_ds/detail/bin_search_tree_/iterators_fn_imps.hpp
/opt/rh/devtoolset-8/root/usr/include/c++/8/ext/pb_ds/detail/bin_search_tree_/node_iterators.hpp
/opt/rh/devtoolset-8/root/usr/include/c++/8/ext/pb_ds/detail/bin_search_tree_/point_iterators.hpp
/opt/rh/devtoolset-8/root/usr/include/c++/8/ext/pb_ds/detail/bin_search_tree_/policy_access_fn_imps.hpp
/opt/rh/devtoolset-8/root/usr/include/c++/8/ext/pb_ds/detail/bin_search_tree_/r_erase_fn_imps.hpp
/opt/rh/devtoolset-8/root/usr/include/c++/8/ext/pb_ds/detail/bin_search_tree_/rotate_fn_imps.hpp
/opt/rh/devtoolset-8/root/usr/include/c++/8/ext/pb_ds/detail/bin_search_tree_/split_join_fn_imps.hpp
/opt/rh/devtoolset-8/root/usr/include/c++/8/ext/pb_ds/detail/bin_search_tree_/traits.hpp
/opt/rh/devtoolset-8/root/usr/include/c++/8/ext/pb_ds/detail/binary_heap_/binary_heap_.hpp
/opt/rh/devtoolset-8/root/usr/include/c++/8/ext/pb_ds/detail/binary_heap_/const_iterator.hpp
/opt/rh/devtoolset-8/root/usr/include/c++/8/ext/pb_ds/detail/binary_heap_/constructors_destructor_fn_imps.hpp
/opt/rh/devtoolset-8/root/usr/include/c++/8/ext/pb_ds/detail/binary_heap_/debug_fn_imps.hpp
/opt/rh/devtoolset-8/root/usr/include/c++/8/ext/pb_ds/detail/binary_heap_/entry_cmp.hpp
/opt/rh/devtoolset-8/root/usr/include/c++/8/ext/pb_ds/detail/binary_heap_/entry_pred.hpp
/opt/rh/devtoolset-8/root/usr/include/c++/8/ext/pb_ds/detail/binary_heap_/erase_fn_imps.hpp
/opt/rh/devtoolset-8/root/usr/include/c++/8/ext/pb_ds/detail/binary_heap_/find_fn_imps.hpp
/opt/rh/devtoolset-8/root/usr/include/c++/8/ext/pb_ds/detail/binary_heap_/info_fn_imps.hpp
/opt/rh/devtoolset-8/root/usr/include/c++/8/ext/pb_ds/detail/binary_heap_/insert_fn_imps.hpp
/opt/rh/devtoolset-8/root/usr/include/c++/8/ext/pb_ds/detail/binary_heap_/iterators_fn_imps.hpp
/opt/rh/devtoolset-8/root/usr/include/c++/8/ext/pb_ds/detail/binary_heap_/point_const_iterator.hpp
/opt/rh/devtoolset-8/root/usr/include/c++/8/ext/pb_ds/detail/binary_heap_/policy_access_fn_imps.hpp
/opt/rh/devtoolset-8/root/usr/include/c++/8/ext/pb_ds/detail/binary_heap_/resize_policy.hpp
/opt/rh/devtoolset-8/root/usr/include/c++/8/ext/pb_ds/detail/binary_heap_/split_join_fn_imps.hpp
/opt/rh/devtoolset-8/root/usr/include/c++/8/ext/pb_ds/detail/binary_heap_/trace_fn_imps.hpp
/opt/rh/devtoolset-8/root/usr/include/c++/8/ext/pb_ds/detail/binomial_heap_/binomial_heap_.hpp
/opt/rh/devtoolset-8/root/usr/include/c++/8/ext/pb_ds/detail/binomial_heap_/constructors_destructor_fn_imps.hpp
/opt/rh/devtoolset-8/root/usr/include/c++/8/ext/pb_ds/detail/binomial_heap_/debug_fn_imps.hpp
/opt/rh/devtoolset-8/root/usr/include/c++/8/ext/pb_ds/detail/binomial_heap_base_/binomial_heap_base_.hpp
/opt/rh/devtoolset-8/root/usr/include/c++/8/ext/pb_ds/detail/binomial_heap_base_/constructors_destructor_fn_imps.hpp
/opt/rh/devtoolset-8/root/usr/include/c++/8/ext/pb_ds/detail/binomial_heap_base_/debug_fn_imps.hpp
/opt/rh/devtoolset-8/root/usr/include/c++/8/ext/pb_ds/detail/binomial_heap_base_/erase_fn_imps.hpp
/opt/rh/devtoolset-8/root/usr/include/c++/8/ext/pb_ds/detail/binomial_heap_base_/find_fn_imps.hpp
/opt/rh/devtoolset-8/root/usr/include/c++/8/ext/pb_ds/detail/binomial_heap_base_/insert_fn_imps.hpp
/opt/rh/devtoolset-8/root/usr/include/c++/8/ext/pb_ds/detail/binomial_heap_base_/split_join_fn_imps.hpp
/opt/rh/devtoolset-8/root/usr/include/c++/8/ext/pb_ds/detail/branch_policy/branch_policy.hpp
/opt/rh/devtoolset-8/root/usr/include/c++/8/ext/pb_ds/detail/branch_policy/null_node_metadata.hpp
/opt/rh/devtoolset-8/root/usr/include/c++/8/ext/pb_ds/detail/branch_policy/traits.hpp
/opt/rh/devtoolset-8/root/usr/include/c++/8/ext/pb_ds/detail/cc_hash_table_map_/cc_ht_map_.hpp
/opt/rh/devtoolset-8/root/usr/include/c++/8/ext/pb_ds/detail/cc_hash_table_map_/cmp_fn_imps.hpp
/opt/rh/devtoolset-8/root/usr/include/c++/8/ext/pb_ds/detail/cc_hash_table_map_/cond_key_dtor_entry_dealtor.hpp
/opt/rh/devtoolset-8/root/usr/include/c++/8/ext/pb_ds/detail/cc_hash_table_map_/constructor_destructor_fn_imps.hpp
/opt/rh/devtoolset-8/root/usr/include/c++/8/ext/pb_ds/detail/cc_hash_table_map_/constructor_destructor_no_store_hash_fn_imps.hpp
/opt/rh/devtoolset-8/root/usr/include/c++/8/ext/pb_ds/detail/cc_hash_table_map_/constructor_destructor_store_hash_fn_imps.hpp
/opt/rh/devtoolset-8/root/usr/include/c++/8/ext/pb_ds/detail/cc_hash_table_map_/debug_fn_imps.hpp
/opt/rh/devtoolset-8/root/usr/include/c++/8/ext/pb_ds/detail/cc_hash_table_map_/debug_no_store_hash_fn_imps.hpp
/opt/rh/devtoolset-8/root/usr/include/c++/8/ext/pb_ds/detail/cc_hash_table_map_/debug_store_hash_fn_imps.hpp
/opt/rh/devtoolset-8/root/usr/include/c++/8/ext/pb_ds/detail/cc_hash_table_map_/entry_list_fn_imps.hpp
/opt/rh/devtoolset-8/root/usr/include/c++/8/ext/pb_ds/detail/cc_hash_table_map_/erase_fn_imps.hpp
/opt/rh/devtoolset-8/root/usr/include/c++/8/ext/pb_ds/detail/cc_hash_table_map_/erase_no_store_hash_fn_imps.hpp
/opt/rh/devtoolset-8/root/usr/include/c++/8/ext/pb_ds/detail/cc_hash_table_map_/erase_store_hash_fn_imps.hpp
/opt/rh/devtoolset-8/root/usr/include/c++/8/ext/pb_ds/detail/cc_hash_table_map_/find_fn_imps.hpp
/opt/rh/devtoolset-8/root/usr/include/c++/8/ext/pb_ds/detail/cc_hash_table_map_/find_store_hash_fn_imps.hpp
/opt/rh/devtoolset-8/root/usr/include/c++/8/ext/pb_ds/detail/cc_hash_table_map_/info_fn_imps.hpp
/opt/rh/devtoolset-8/root/usr/include/c++/8/ext/pb_ds/detail/cc_hash_table_map_/insert_fn_imps.hpp
/opt/rh/devtoolset-8/root/usr/include/c++/8/ext/pb_ds/detail/cc_hash_table_map_/insert_no_store_hash_fn_imps.hpp
/opt/rh/devtoolset-8/root/usr/include/c++/8/ext/pb_ds/detail/cc_hash_table_map_/insert_store_hash_fn_imps.hpp
/opt/rh/devtoolset-8/root/usr/include/c++/8/ext/pb_ds/detail/cc_hash_table_map_/iterators_fn_imps.hpp
/opt/rh/devtoolset-8/root/usr/include/c++/8/ext/pb_ds/detail/cc_hash_table_map_/policy_access_fn_imps.hpp
/opt/rh/devtoolset-8/root/usr/include/c++/8/ext/pb_ds/detail/cc_hash_table_map_/resize_fn_imps.hpp
/opt/rh/devtoolset-8/root/usr/include/c++/8/ext/pb_ds/detail/cc_hash_table_map_/resize_no_store_hash_fn_imps.hpp
/opt/rh/devtoolset-8/root/usr/include/c++/8/ext/pb_ds/detail/cc_hash_table_map_/resize_store_hash_fn_imps.hpp
/opt/rh/devtoolset-8/root/usr/include/c++/8/ext/pb_ds/detail/cc_hash_table_map_/size_fn_imps.hpp
/opt/rh/devtoolset-8/root/usr/include/c++/8/ext/pb_ds/detail/cc_hash_table_map_/trace_fn_imps.hpp
/opt/rh/devtoolset-8/root/usr/include/c++/8/ext/pb_ds/detail/eq_fn/eq_by_less.hpp
/opt/rh/devtoolset-8/root/usr/include/c++/8/ext/pb_ds/detail/eq_fn/hash_eq_fn.hpp
/opt/rh/devtoolset-8/root/usr/include/c++/8/ext/pb_ds/detail/gp_hash_table_map_/constructor_destructor_fn_imps.hpp
/opt/rh/devtoolset-8/root/usr/include/c++/8/ext/pb_ds/detail/gp_hash_table_map_/constructor_destructor_no_store_hash_fn_imps.hpp
/opt/rh/devtoolset-8/root/usr/include/c++/8/ext/pb_ds/detail/gp_hash_table_map_/constructor_destructor_store_hash_fn_imps.hpp
/opt/rh/devtoolset-8/root/usr/include/c++/8/ext/pb_ds/detail/gp_hash_table_map_/debug_fn_imps.hpp
/opt/rh/devtoolset-8/root/usr/include/c++/8/ext/pb_ds/detail/gp_hash_table_map_/debug_no_store_hash_fn_imps.hpp
/opt/rh/devtoolset-8/root/usr/include/c++/8/ext/pb_ds/detail/gp_hash_table_map_/debug_store_hash_fn_imps.hpp
/opt/rh/devtoolset-8/root/usr/include/c++/8/ext/pb_ds/detail/gp_hash_table_map_/erase_fn_imps.hpp
/opt/rh/devtoolset-8/root/usr/include/c++/8/ext/pb_ds/detail/gp_hash_table_map_/erase_no_store_hash_fn_imps.hpp
/opt/rh/devtoolset-8/root/usr/include/c++/8/ext/pb_ds/detail/gp_hash_table_map_/erase_store_hash_fn_imps.hpp
/opt/rh/devtoolset-8/root/usr/include/c++/8/ext/pb_ds/detail/gp_hash_table_map_/find_fn_imps.hpp
/opt/rh/devtoolset-8/root/usr/include/c++/8/ext/pb_ds/detail/gp_hash_table_map_/find_no_store_hash_fn_imps.hpp
/opt/rh/devtoolset-8/root/usr/include/c++/8/ext/pb_ds/detail/gp_hash_table_map_/find_store_hash_fn_imps.hpp
/opt/rh/devtoolset-8/root/usr/include/c++/8/ext/pb_ds/detail/gp_hash_table_map_/gp_ht_map_.hpp
/opt/rh/devtoolset-8/root/usr/include/c++/8/ext/pb_ds/detail/gp_hash_table_map_/info_fn_imps.hpp
/opt/rh/devtoolset-8/root/usr/include/c++/8/ext/pb_ds/detail/gp_hash_table_map_/insert_fn_imps.hpp
/opt/rh/devtoolset-8/root/usr/include/c++/8/ext/pb_ds/detail/gp_hash_table_map_/insert_no_store_hash_fn_imps.hpp
/opt/rh/devtoolset-8/root/usr/include/c++/8/ext/pb_ds/detail/gp_hash_table_map_/insert_store_hash_fn_imps.hpp
/opt/rh/devtoolset-8/root/usr/include/c++/8/ext/pb_ds/detail/gp_hash_table_map_/iterator_fn_imps.hpp
/opt/rh/devtoolset-8/root/usr/include/c++/8/ext/pb_ds/detail/gp_hash_table_map_/policy_access_fn_imps.hpp
/opt/rh/devtoolset-8/root/usr/include/c++/8/ext/pb_ds/detail/gp_hash_table_map_/resize_fn_imps.hpp
/opt/rh/devtoolset-8/root/usr/include/c++/8/ext/pb_ds/detail/gp_hash_table_map_/resize_no_store_hash_fn_imps.hpp
/opt/rh/devtoolset-8/root/usr/include/c++/8/ext/pb_ds/detail/gp_hash_table_map_/resize_store_hash_fn_imps.hpp
/opt/rh/devtoolset-8/root/usr/include/c++/8/ext/pb_ds/detail/gp_hash_table_map_/trace_fn_imps.hpp
/opt/rh/devtoolset-8/root/usr/include/c++/8/ext/pb_ds/detail/hash_fn/direct_mask_range_hashing_imp.hpp
/opt/rh/devtoolset-8/root/usr/include/c++/8/ext/pb_ds/detail/hash_fn/direct_mod_range_hashing_imp.hpp
/opt/rh/devtoolset-8/root/usr/include/c++/8/ext/pb_ds/detail/hash_fn/linear_probe_fn_imp.hpp
/opt/rh/devtoolset-8/root/usr/include/c++/8/ext/pb_ds/detail/hash_fn/mask_based_range_hashing.hpp
/opt/rh/devtoolset-8/root/usr/include/c++/8/ext/pb_ds/detail/hash_fn/mod_based_range_hashing.hpp
/opt/rh/devtoolset-8/root/usr/include/c++/8/ext/pb_ds/detail/hash_fn/probe_fn_base.hpp
/opt/rh/devtoolset-8/root/usr/include/c++/8/ext/pb_ds/detail/hash_fn/quadratic_probe_fn_imp.hpp
/opt/rh/devtoolset-8/root/usr/include/c++/8/ext/pb_ds/detail/hash_fn/ranged_hash_fn.hpp
/opt/rh/devtoolset-8/root/usr/include/c++/8/ext/pb_ds/detail/hash_fn/ranged_probe_fn.hpp
/opt/rh/devtoolset-8/root/usr/include/c++/8/ext/pb_ds/detail/hash_fn/sample_probe_fn.hpp
/opt/rh/devtoolset-8/root/usr/include/c++/8/ext/pb_ds/detail/hash_fn/sample_range_hashing.hpp
/opt/rh/devtoolset-8/root/usr/include/c++/8/ext/pb_ds/detail/hash_fn/sample_ranged_hash_fn.hpp
/opt/rh/devtoolset-8/root/usr/include/c++/8/ext/pb_ds/detail/hash_fn/sample_ranged_probe_fn.hpp
/opt/rh/devtoolset-8/root/usr/include/c++/8/ext/pb_ds/detail/left_child_next_sibling_heap_/const_iterator.hpp
/opt/rh/devtoolset-8/root/usr/include/c++/8/ext/pb_ds/detail/left_child_next_sibling_heap_/constructors_destructor_fn_imps.hpp
/opt/rh/devtoolset-8/root/usr/include/c++/8/ext/pb_ds/detail/left_child_next_sibling_heap_/debug_fn_imps.hpp
/opt/rh/devtoolset-8/root/usr/include/c++/8/ext/pb_ds/detail/left_child_next_sibling_heap_/erase_fn_imps.hpp
/opt/rh/devtoolset-8/root/usr/include/c++/8/ext/pb_ds/detail/left_child_next_sibling_heap_/info_fn_imps.hpp
/opt/rh/devtoolset-8/root/usr/include/c++/8/ext/pb_ds/detail/left_child_next_sibling_heap_/insert_fn_imps.hpp
/opt/rh/devtoolset-8/root/usr/include/c++/8/ext/pb_ds/detail/left_child_next_sibling_heap_/iterators_fn_imps.hpp
/opt/rh/devtoolset-8/root/usr/include/c++/8/ext/pb_ds/detail/left_child_next_sibling_heap_/left_child_next_sibling_heap_.hpp
/opt/rh/devtoolset-8/root/usr/include/c++/8/ext/pb_ds/detail/left_child_next_sibling_heap_/node.hpp
/opt/rh/devtoolset-8/root/usr/include/c++/8/ext/pb_ds/detail/left_child_next_sibling_heap_/point_const_iterator.hpp
/opt/rh/devtoolset-8/root/usr/include/c++/8/ext/pb_ds/detail/left_child_next_sibling_heap_/policy_access_fn_imps.hpp
/opt/rh/devtoolset-8/root/usr/include/c++/8/ext/pb_ds/detail/left_child_next_sibling_heap_/trace_fn_imps.hpp
/opt/rh/devtoolset-8/root/usr/include/c++/8/ext/pb_ds/detail/list_update_map_/constructor_destructor_fn_imps.hpp
/opt/rh/devtoolset-8/root/usr/include/c++/8/ext/pb_ds/detail/list_update_map_/debug_fn_imps.hpp
/opt/rh/devtoolset-8/root/usr/include/c++/8/ext/pb_ds/detail/list_update_map_/entry_metadata_base.hpp
/opt/rh/devtoolset-8/root/usr/include/c++/8/ext/pb_ds/detail/list_update_map_/erase_fn_imps.hpp
/opt/rh/devtoolset-8/root/usr/include/c++/8/ext/pb_ds/detail/list_update_map_/find_fn_imps.hpp
/opt/rh/devtoolset-8/root/usr/include/c++/8/ext/pb_ds/detail/list_update_map_/info_fn_imps.hpp
/opt/rh/devtoolset-8/root/usr/include/c++/8/ext/pb_ds/detail/list_update_map_/insert_fn_imps.hpp
/opt/rh/devtoolset-8/root/usr/include/c++/8/ext/pb_ds/detail/list_update_map_/iterators_fn_imps.hpp
/opt/rh/devtoolset-8/root/usr/include/c++/8/ext/pb_ds/detail/list_update_map_/lu_map_.hpp
/opt/rh/devtoolset-8/root/usr/include/c++/8/ext/pb_ds/detail/list_update_map_/trace_fn_imps.hpp
/opt/rh/devtoolset-8/root/usr/include/c++/8/ext/pb_ds/detail/list_update_policy/lu_counter_metadata.hpp
/opt/rh/devtoolset-8/root/usr/include/c++/8/ext/pb_ds/detail/list_update_policy/sample_update_policy.hpp
/opt/rh/devtoolset-8/root/usr/include/c++/8/ext/pb_ds/detail/ov_tree_map_/constructors_destructor_fn_imps.hpp
/opt/rh/devtoolset-8/root/usr/include/c++/8/ext/pb_ds/detail/ov_tree_map_/debug_fn_imps.hpp
/opt/rh/devtoolset-8/root/usr/include/c++/8/ext/pb_ds/detail/ov_tree_map_/erase_fn_imps.hpp
/opt/rh/devtoolset-8/root/usr/include/c++/8/ext/pb_ds/detail/ov_tree_map_/info_fn_imps.hpp
/opt/rh/devtoolset-8/root/usr/include/c++/8/ext/pb_ds/detail/ov_tree_map_/insert_fn_imps.hpp
/opt/rh/devtoolset-8/root/usr/include/c++/8/ext/pb_ds/detail/ov_tree_map_/iterators_fn_imps.hpp
/opt/rh/devtoolset-8/root/usr/include/c++/8/ext/pb_ds/detail/ov_tree_map_/node_iterators.hpp
/opt/rh/devtoolset-8/root/usr/include/c++/8/ext/pb_ds/detail/ov_tree_map_/ov_tree_map_.hpp
/opt/rh/devtoolset-8/root/usr/include/c++/8/ext/pb_ds/detail/ov_tree_map_/policy_access_fn_imps.hpp
/opt/rh/devtoolset-8/root/usr/include/c++/8/ext/pb_ds/detail/ov_tree_map_/split_join_fn_imps.hpp
/opt/rh/devtoolset-8/root/usr/include/c++/8/ext/pb_ds/detail/ov_tree_map_/traits.hpp
/opt/rh/devtoolset-8/root/usr/include/c++/8/ext/pb_ds/detail/pairing_heap_/constructors_destructor_fn_imps.hpp
/opt/rh/devtoolset-8/root/usr/include/c++/8/ext/pb_ds/detail/pairing_heap_/debug_fn_imps.hpp
/opt/rh/devtoolset-8/root/usr/include/c++/8/ext/pb_ds/detail/pairing_heap_/erase_fn_imps.hpp
/opt/rh/devtoolset-8/root/usr/include/c++/8/ext/pb_ds/detail/pairing_heap_/find_fn_imps.hpp
/opt/rh/devtoolset-8/root/usr/include/c++/8/ext/pb_ds/detail/pairing_heap_/insert_fn_imps.hpp
/opt/rh/devtoolset-8/root/usr/include/c++/8/ext/pb_ds/detail/pairing_heap_/pairing_heap_.hpp
/opt/rh/devtoolset-8/root/usr/include/c++/8/ext/pb_ds/detail/pairing_heap_/split_join_fn_imps.hpp
/opt/rh/devtoolset-8/root/usr/include/c++/8/ext/pb_ds/detail/pat_trie_/constructors_destructor_fn_imps.hpp
/opt/rh/devtoolset-8/root/usr/include/c++/8/ext/pb_ds/detail/pat_trie_/debug_fn_imps.hpp
/opt/rh/devtoolset-8/root/usr/include/c++/8/ext/pb_ds/detail/pat_trie_/erase_fn_imps.hpp
/opt/rh/devtoolset-8/root/usr/include/c++/8/ext/pb_ds/detail/pat_trie_/find_fn_imps.hpp
/opt/rh/devtoolset-8/root/usr/include/c++/8/ext/pb_ds/detail/pat_trie_/info_fn_imps.hpp
/opt/rh/devtoolset-8/root/usr/include/c++/8/ext/pb_ds/detail/pat_trie_/insert_join_fn_imps.hpp
/opt/rh/devtoolset-8/root/usr/include/c++/8/ext/pb_ds/detail/pat_trie_/iterators_fn_imps.hpp
/opt/rh/devtoolset-8/root/usr/include/c++/8/ext/pb_ds/detail/pat_trie_/pat_trie_.hpp
/opt/rh/devtoolset-8/root/usr/include/c++/8/ext/pb_ds/detail/pat_trie_/pat_trie_base.hpp
/opt/rh/devtoolset-8/root/usr/include/c++/8/ext/pb_ds/detail/pat_trie_/policy_access_fn_imps.hpp
/opt/rh/devtoolset-8/root/usr/include/c++/8/ext/pb_ds/detail/pat_trie_/r_erase_fn_imps.hpp
/opt/rh/devtoolset-8/root/usr/include/c++/8/ext/pb_ds/detail/pat_trie_/rotate_fn_imps.hpp
/opt/rh/devtoolset-8/root/usr/include/c++/8/ext/pb_ds/detail/pat_trie_/split_fn_imps.hpp
/opt/rh/devtoolset-8/root/usr/include/c++/8/ext/pb_ds/detail/pat_trie_/synth_access_traits.hpp
/opt/rh/devtoolset-8/root/usr/include/c++/8/ext/pb_ds/detail/pat_trie_/trace_fn_imps.hpp
/opt/rh/devtoolset-8/root/usr/include/c++/8/ext/pb_ds/detail/pat_trie_/traits.hpp
/opt/rh/devtoolset-8/root/usr/include/c++/8/ext/pb_ds/detail/pat_trie_/update_fn_imps.hpp
/opt/rh/devtoolset-8/root/usr/include/c++/8/ext/pb_ds/detail/rb_tree_map_/constructors_destructor_fn_imps.hpp
/opt/rh/devtoolset-8/root/usr/include/c++/8/ext/pb_ds/detail/rb_tree_map_/debug_fn_imps.hpp
/opt/rh/devtoolset-8/root/usr/include/c++/8/ext/pb_ds/detail/rb_tree_map_/erase_fn_imps.hpp
/opt/rh/devtoolset-8/root/usr/include/c++/8/ext/pb_ds/detail/rb_tree_map_/find_fn_imps.hpp
/opt/rh/devtoolset-8/root/usr/include/c++/8/ext/pb_ds/detail/rb_tree_map_/info_fn_imps.hpp
/opt/rh/devtoolset-8/root/usr/include/c++/8/ext/pb_ds/detail/rb_tree_map_/insert_fn_imps.hpp
/opt/rh/devtoolset-8/root/usr/include/c++/8/ext/pb_ds/detail/rb_tree_map_/node.hpp
/opt/rh/devtoolset-8/root/usr/include/c++/8/ext/pb_ds/detail/rb_tree_map_/rb_tree_.hpp
/opt/rh/devtoolset-8/root/usr/include/c++/8/ext/pb_ds/detail/rb_tree_map_/split_join_fn_imps.hpp
/opt/rh/devtoolset-8/root/usr/include/c++/8/ext/pb_ds/detail/rb_tree_map_/traits.hpp
/opt/rh/devtoolset-8/root/usr/include/c++/8/ext/pb_ds/detail/rc_binomial_heap_/constructors_destructor_fn_imps.hpp
/opt/rh/devtoolset-8/root/usr/include/c++/8/ext/pb_ds/detail/rc_binomial_heap_/debug_fn_imps.hpp
/opt/rh/devtoolset-8/root/usr/include/c++/8/ext/pb_ds/detail/rc_binomial_heap_/erase_fn_imps.hpp
/opt/rh/devtoolset-8/root/usr/include/c++/8/ext/pb_ds/detail/rc_binomial_heap_/insert_fn_imps.hpp
/opt/rh/devtoolset-8/root/usr/include/c++/8/ext/pb_ds/detail/rc_binomial_heap_/rc.hpp
/opt/rh/devtoolset-8/root/usr/include/c++/8/ext/pb_ds/detail/rc_binomial_heap_/rc_binomial_heap_.hpp
/opt/rh/devtoolset-8/root/usr/include/c++/8/ext/pb_ds/detail/rc_binomial_heap_/split_join_fn_imps.hpp
/opt/rh/devtoolset-8/root/usr/include/c++/8/ext/pb_ds/detail/rc_binomial_heap_/trace_fn_imps.hpp
/opt/rh/devtoolset-8/root/usr/include/c++/8/ext/pb_ds/detail/resize_policy/cc_hash_max_collision_check_resize_trigger_imp.hpp
/opt/rh/devtoolset-8/root/usr/include/c++/8/ext/pb_ds/detail/resize_policy/hash_exponential_size_policy_imp.hpp
/opt/rh/devtoolset-8/root/usr/include/c++/8/ext/pb_ds/detail/resize_policy/hash_load_check_resize_trigger_imp.hpp
/opt/rh/devtoolset-8/root/usr/include/c++/8/ext/pb_ds/detail/resize_policy/hash_load_check_resize_trigger_size_base.hpp
/opt/rh/devtoolset-8/root/usr/include/c++/8/ext/pb_ds/detail/resize_policy/hash_prime_size_policy_imp.hpp
/opt/rh/devtoolset-8/root/usr/include/c++/8/ext/pb_ds/detail/resize_policy/hash_standard_resize_policy_imp.hpp
/opt/rh/devtoolset-8/root/usr/include/c++/8/ext/pb_ds/detail/resize_policy/sample_resize_policy.hpp
/opt/rh/devtoolset-8/root/usr/include/c++/8/ext/pb_ds/detail/resize_policy/sample_resize_trigger.hpp
/opt/rh/devtoolset-8/root/usr/include/c++/8/ext/pb_ds/detail/resize_policy/sample_size_policy.hpp
/opt/rh/devtoolset-8/root/usr/include/c++/8/ext/pb_ds/detail/splay_tree_/constructors_destructor_fn_imps.hpp
/opt/rh/devtoolset-8/root/usr/include/c++/8/ext/pb_ds/detail/splay_tree_/debug_fn_imps.hpp
/opt/rh/devtoolset-8/root/usr/include/c++/8/ext/pb_ds/detail/splay_tree_/erase_fn_imps.hpp
/opt/rh/devtoolset-8/root/usr/include/c++/8/ext/pb_ds/detail/splay_tree_/find_fn_imps.hpp
/opt/rh/devtoolset-8/root/usr/include/c++/8/ext/pb_ds/detail/splay_tree_/info_fn_imps.hpp
/opt/rh/devtoolset-8/root/usr/include/c++/8/ext/pb_ds/detail/splay_tree_/insert_fn_imps.hpp
/opt/rh/devtoolset-8/root/usr/include/c++/8/ext/pb_ds/detail/splay_tree_/node.hpp
/opt/rh/devtoolset-8/root/usr/include/c++/8/ext/pb_ds/detail/splay_tree_/splay_fn_imps.hpp
/opt/rh/devtoolset-8/root/usr/include/c++/8/ext/pb_ds/detail/splay_tree_/splay_tree_.hpp
/opt/rh/devtoolset-8/root/usr/include/c++/8/ext/pb_ds/detail/splay_tree_/split_join_fn_imps.hpp
/opt/rh/devtoolset-8/root/usr/include/c++/8/ext/pb_ds/detail/splay_tree_/traits.hpp
/opt/rh/devtoolset-8/root/usr/include/c++/8/ext/pb_ds/detail/thin_heap_/constructors_destructor_fn_imps.hpp
/opt/rh/devtoolset-8/root/usr/include/c++/8/ext/pb_ds/detail/thin_heap_/debug_fn_imps.hpp
/opt/rh/devtoolset-8/root/usr/include/c++/8/ext/pb_ds/detail/thin_heap_/erase_fn_imps.hpp
/opt/rh/devtoolset-8/root/usr/include/c++/8/ext/pb_ds/detail/thin_heap_/find_fn_imps.hpp
/opt/rh/devtoolset-8/root/usr/include/c++/8/ext/pb_ds/detail/thin_heap_/insert_fn_imps.hpp
/opt/rh/devtoolset-8/root/usr/include/c++/8/ext/pb_ds/detail/thin_heap_/split_join_fn_imps.hpp
/opt/rh/devtoolset-8/root/usr/include/c++/8/ext/pb_ds/detail/thin_heap_/thin_heap_.hpp
/opt/rh/devtoolset-8/root/usr/include/c++/8/ext/pb_ds/detail/thin_heap_/trace_fn_imps.hpp
/opt/rh/devtoolset-8/root/usr/include/c++/8/ext/pb_ds/detail/tree_policy/node_metadata_selector.hpp
/opt/rh/devtoolset-8/root/usr/include/c++/8/ext/pb_ds/detail/tree_policy/order_statistics_imp.hpp
/opt/rh/devtoolset-8/root/usr/include/c++/8/ext/pb_ds/detail/tree_policy/sample_tree_node_update.hpp
/opt/rh/devtoolset-8/root/usr/include/c++/8/ext/pb_ds/detail/trie_policy/node_metadata_selector.hpp
/opt/rh/devtoolset-8/root/usr/include/c++/8/ext/pb_ds/detail/trie_policy/order_statistics_imp.hpp
/opt/rh/devtoolset-8/root/usr/include/c++/8/ext/pb_ds/detail/trie_policy/prefix_search_node_update_imp.hpp
/opt/rh/devtoolset-8/root/usr/include/c++/8/ext/pb_ds/detail/trie_policy/sample_trie_access_traits.hpp
/opt/rh/devtoolset-8/root/usr/include/c++/8/ext/pb_ds/detail/trie_policy/sample_trie_node_update.hpp
/opt/rh/devtoolset-8/root/usr/include/c++/8/ext/pb_ds/detail/trie_policy/trie_policy_base.hpp
/opt/rh/devtoolset-8/root/usr/include/c++/8/ext/pb_ds/detail/trie_policy/trie_string_access_traits_imp.hpp
/opt/rh/devtoolset-8/root/usr/include/c++/8/ext/pb_ds/detail/unordered_iterator/const_iterator.hpp
/opt/rh/devtoolset-8/root/usr/include/c++/8/ext/pb_ds/detail/unordered_iterator/iterator.hpp
/opt/rh/devtoolset-8/root/usr/include/c++/8/ext/pb_ds/detail/unordered_iterator/point_const_iterator.hpp
/opt/rh/devtoolset-8/root/usr/include/c++/8/ext/pb_ds/detail/unordered_iterator/point_iterator.hpp
/opt/rh/devtoolset-8/root/usr/include/c++/8/parallel/algo.h
/opt/rh/devtoolset-8/root/usr/include/c++/8/parallel/algobase.h
/opt/rh/devtoolset-8/root/usr/include/c++/8/parallel/algorithm
/opt/rh/devtoolset-8/root/usr/include/c++/8/parallel/algorithmfwd.h
/opt/rh/devtoolset-8/root/usr/include/c++/8/parallel/balanced_quicksort.h
/opt/rh/devtoolset-8/root/usr/include/c++/8/parallel/base.h
/opt/rh/devtoolset-8/root/usr/include/c++/8/parallel/basic_iterator.h
/opt/rh/devtoolset-8/root/usr/include/c++/8/parallel/checkers.h
/opt/rh/devtoolset-8/root/usr/include/c++/8/parallel/compatibility.h
/opt/rh/devtoolset-8/root/usr/include/c++/8/parallel/compiletime_settings.h
/opt/rh/devtoolset-8/root/usr/include/c++/8/parallel/equally_split.h
/opt/rh/devtoolset-8/root/usr/include/c++/8/parallel/features.h
/opt/rh/devtoolset-8/root/usr/include/c++/8/parallel/find.h
/opt/rh/devtoolset-8/root/usr/include/c++/8/parallel/find_selectors.h
/opt/rh/devtoolset-8/root/usr/include/c++/8/parallel/for_each.h
/opt/rh/devtoolset-8/root/usr/include/c++/8/parallel/for_each_selectors.h
/opt/rh/devtoolset-8/root/usr/include/c++/8/parallel/iterator.h
/opt/rh/devtoolset-8/root/usr/include/c++/8/parallel/list_partition.h
/opt/rh/devtoolset-8/root/usr/include/c++/8/parallel/losertree.h
/opt/rh/devtoolset-8/root/usr/include/c++/8/parallel/merge.h
/opt/rh/devtoolset-8/root/usr/include/c++/8/parallel/multiseq_selection.h
/opt/rh/devtoolset-8/root/usr/include/c++/8/parallel/multiway_merge.h
/opt/rh/devtoolset-8/root/usr/include/c++/8/parallel/multiway_mergesort.h
/opt/rh/devtoolset-8/root/usr/include/c++/8/parallel/numeric
/opt/rh/devtoolset-8/root/usr/include/c++/8/parallel/numericfwd.h
/opt/rh/devtoolset-8/root/usr/include/c++/8/parallel/omp_loop.h
/opt/rh/devtoolset-8/root/usr/include/c++/8/parallel/omp_loop_static.h
/opt/rh/devtoolset-8/root/usr/include/c++/8/parallel/par_loop.h
/opt/rh/devtoolset-8/root/usr/include/c++/8/parallel/parallel.h
/opt/rh/devtoolset-8/root/usr/include/c++/8/parallel/partial_sum.h
/opt/rh/devtoolset-8/root/usr/include/c++/8/parallel/partition.h
/opt/rh/devtoolset-8/root/usr/include/c++/8/parallel/queue.h
/opt/rh/devtoolset-8/root/usr/include/c++/8/parallel/quicksort.h
/opt/rh/devtoolset-8/root/usr/include/c++/8/parallel/random_number.h
/opt/rh/devtoolset-8/root/usr/include/c++/8/parallel/random_shuffle.h
/opt/rh/devtoolset-8/root/usr/include/c++/8/parallel/search.h
/opt/rh/devtoolset-8/root/usr/include/c++/8/parallel/set_operations.h
/opt/rh/devtoolset-8/root/usr/include/c++/8/parallel/settings.h
/opt/rh/devtoolset-8/root/usr/include/c++/8/parallel/sort.h
/opt/rh/devtoolset-8/root/usr/include/c++/8/parallel/tags.h
/opt/rh/devtoolset-8/root/usr/include/c++/8/parallel/types.h
/opt/rh/devtoolset-8/root/usr/include/c++/8/parallel/unique_copy.h
/opt/rh/devtoolset-8/root/usr/include/c++/8/parallel/workstealing.h
/opt/rh/devtoolset-8/root/usr/include/c++/8/profile/array
/opt/rh/devtoolset-8/root/usr/include/c++/8/profile/base.h
/opt/rh/devtoolset-8/root/usr/include/c++/8/profile/bitset
/opt/rh/devtoolset-8/root/usr/include/c++/8/profile/deque
/opt/rh/devtoolset-8/root/usr/include/c++/8/profile/forward_list
/opt/rh/devtoolset-8/root/usr/include/c++/8/profile/impl
/opt/rh/devtoolset-8/root/usr/include/c++/8/profile/iterator_tracker.h
/opt/rh/devtoolset-8/root/usr/include/c++/8/profile/list
/opt/rh/devtoolset-8/root/usr/include/c++/8/profile/map
/opt/rh/devtoolset-8/root/usr/include/c++/8/profile/map.h
/opt/rh/devtoolset-8/root/usr/include/c++/8/profile/multimap.h
/opt/rh/devtoolset-8/root/usr/include/c++/8/profile/multiset.h
/opt/rh/devtoolset-8/root/usr/include/c++/8/profile/ordered_base.h
/opt/rh/devtoolset-8/root/usr/include/c++/8/profile/set
/opt/rh/devtoolset-8/root/usr/include/c++/8/profile/set.h
/opt/rh/devtoolset-8/root/usr/include/c++/8/profile/unordered_base.h
/opt/rh/devtoolset-8/root/usr/include/c++/8/profile/unordered_map
/opt/rh/devtoolset-8/root/usr/include/c++/8/profile/unordered_set
/opt/rh/devtoolset-8/root/usr/include/c++/8/profile/vector
/opt/rh/devtoolset-8/root/usr/include/c++/8/profile/impl/profiler.h
/opt/rh/devtoolset-8/root/usr/include/c++/8/profile/impl/profiler_algos.h
/opt/rh/devtoolset-8/root/usr/include/c++/8/profile/impl/profiler_container_size.h
/opt/rh/devtoolset-8/root/usr/include/c++/8/profile/impl/profiler_hash_func.h
/opt/rh/devtoolset-8/root/usr/include/c++/8/profile/impl/profiler_hashtable_size.h
/opt/rh/devtoolset-8/root/usr/include/c++/8/profile/impl/profiler_list_to_slist.h
/opt/rh/devtoolset-8/root/usr/include/c++/8/profile/impl/profiler_list_to_vector.h
/opt/rh/devtoolset-8/root/usr/include/c++/8/profile/impl/profiler_map_to_unordered_map.h
/opt/rh/devtoolset-8/root/usr/include/c++/8/profile/impl/profiler_node.h
/opt/rh/devtoolset-8/root/usr/include/c++/8/profile/impl/profiler_state.h
/opt/rh/devtoolset-8/root/usr/include/c++/8/profile/impl/profiler_trace.h
/opt/rh/devtoolset-8/root/usr/include/c++/8/profile/impl/profiler_vector_size.h
/opt/rh/devtoolset-8/root/usr/include/c++/8/profile/impl/profiler_vector_to_list.h
/opt/rh/devtoolset-8/root/usr/include/c++/8/tr1/array
/opt/rh/devtoolset-8/root/usr/include/c++/8/tr1/bessel_function.tcc
/opt/rh/devtoolset-8/root/usr/include/c++/8/tr1/beta_function.tcc
/opt/rh/devtoolset-8/root/usr/include/c++/8/tr1/ccomplex
/opt/rh/devtoolset-8/root/usr/include/c++/8/tr1/cctype
/opt/rh/devtoolset-8/root/usr/include/c++/8/tr1/cfenv
/opt/rh/devtoolset-8/root/usr/include/c++/8/tr1/cfloat
/opt/rh/devtoolset-8/root/usr/include/c++/8/tr1/cinttypes
/opt/rh/devtoolset-8/root/usr/include/c++/8/tr1/climits
/opt/rh/devtoolset-8/root/usr/include/c++/8/tr1/cmath
/opt/rh/devtoolset-8/root/usr/include/c++/8/tr1/complex
/opt/rh/devtoolset-8/root/usr/include/c++/8/tr1/complex.h
/opt/rh/devtoolset-8/root/usr/include/c++/8/tr1/cstdarg
/opt/rh/devtoolset-8/root/usr/include/c++/8/tr1/cstdbool
/opt/rh/devtoolset-8/root/usr/include/c++/8/tr1/cstdint
/opt/rh/devtoolset-8/root/usr/include/c++/8/tr1/cstdio
/opt/rh/devtoolset-8/root/usr/include/c++/8/tr1/cstdlib
/opt/rh/devtoolset-8/root/usr/include/c++/8/tr1/ctgmath
/opt/rh/devtoolset-8/root/usr/include/c++/8/tr1/ctime
/opt/rh/devtoolset-8/root/usr/include/c++/8/tr1/ctype.h
/opt/rh/devtoolset-8/root/usr/include/c++/8/tr1/cwchar
/opt/rh/devtoolset-8/root/usr/include/c++/8/tr1/cwctype
/opt/rh/devtoolset-8/root/usr/include/c++/8/tr1/ell_integral.tcc
/opt/rh/devtoolset-8/root/usr/include/c++/8/tr1/exp_integral.tcc
/opt/rh/devtoolset-8/root/usr/include/c++/8/tr1/fenv.h
/opt/rh/devtoolset-8/root/usr/include/c++/8/tr1/float.h
/opt/rh/devtoolset-8/root/usr/include/c++/8/tr1/functional
/opt/rh/devtoolset-8/root/usr/include/c++/8/tr1/functional_hash.h
/opt/rh/devtoolset-8/root/usr/include/c++/8/tr1/gamma.tcc
/opt/rh/devtoolset-8/root/usr/include/c++/8/tr1/hashtable.h
/opt/rh/devtoolset-8/root/usr/include/c++/8/tr1/hashtable_policy.h
/opt/rh/devtoolset-8/root/usr/include/c++/8/tr1/hypergeometric.tcc
/opt/rh/devtoolset-8/root/usr/include/c++/8/tr1/inttypes.h
/opt/rh/devtoolset-8/root/usr/include/c++/8/tr1/legendre_function.tcc
/opt/rh/devtoolset-8/root/usr/include/c++/8/tr1/limits.h
/opt/rh/devtoolset-8/root/usr/include/c++/8/tr1/math.h
/opt/rh/devtoolset-8/root/usr/include/c++/8/tr1/memory
/opt/rh/devtoolset-8/root/usr/include/c++/8/tr1/modified_bessel_func.tcc
/opt/rh/devtoolset-8/root/usr/include/c++/8/tr1/poly_hermite.tcc
/opt/rh/devtoolset-8/root/usr/include/c++/8/tr1/poly_laguerre.tcc
/opt/rh/devtoolset-8/root/usr/include/c++/8/tr1/random
/opt/rh/devtoolset-8/root/usr/include/c++/8/tr1/random.h
/opt/rh/devtoolset-8/root/usr/include/c++/8/tr1/random.tcc
/opt/rh/devtoolset-8/root/usr/include/c++/8/tr1/regex
/opt/rh/devtoolset-8/root/usr/include/c++/8/tr1/riemann_zeta.tcc
/opt/rh/devtoolset-8/root/usr/include/c++/8/tr1/shared_ptr.h
/opt/rh/devtoolset-8/root/usr/include/c++/8/tr1/special_function_util.h
/opt/rh/devtoolset-8/root/usr/include/c++/8/tr1/stdarg.h
/opt/rh/devtoolset-8/root/usr/include/c++/8/tr1/stdbool.h
/opt/rh/devtoolset-8/root/usr/include/c++/8/tr1/stdint.h
/opt/rh/devtoolset-8/root/usr/include/c++/8/tr1/stdio.h
/opt/rh/devtoolset-8/root/usr/include/c++/8/tr1/stdlib.h
/opt/rh/devtoolset-8/root/usr/include/c++/8/tr1/tgmath.h
/opt/rh/devtoolset-8/root/usr/include/c++/8/tr1/tuple
/opt/rh/devtoolset-8/root/usr/include/c++/8/tr1/type_traits
/opt/rh/devtoolset-8/root/usr/include/c++/8/tr1/unordered_map
/opt/rh/devtoolset-8/root/usr/include/c++/8/tr1/unordered_map.h
/opt/rh/devtoolset-8/root/usr/include/c++/8/tr1/unordered_set
/opt/rh/devtoolset-8/root/usr/include/c++/8/tr1/unordered_set.h
/opt/rh/devtoolset-8/root/usr/include/c++/8/tr1/utility
/opt/rh/devtoolset-8/root/usr/include/c++/8/tr1/wchar.h
/opt/rh/devtoolset-8/root/usr/include/c++/8/tr1/wctype.h
/opt/rh/devtoolset-8/root/usr/include/c++/8/tr2/bool_set
/opt/rh/devtoolset-8/root/usr/include/c++/8/tr2/bool_set.tcc
/opt/rh/devtoolset-8/root/usr/include/c++/8/tr2/dynamic_bitset
/opt/rh/devtoolset-8/root/usr/include/c++/8/tr2/dynamic_bitset.tcc
/opt/rh/devtoolset-8/root/usr/include/c++/8/tr2/ratio
/opt/rh/devtoolset-8/root/usr/include/c++/8/tr2/type_traits
/opt/rh/devtoolset-8/root/usr/include/c++/8/x86_64-redhat-linux/32
/opt/rh/devtoolset-8/root/usr/include/c++/8/x86_64-redhat-linux/bits
/opt/rh/devtoolset-8/root/usr/include/c++/8/x86_64-redhat-linux/ext
/opt/rh/devtoolset-8/root/usr/include/c++/8/x86_64-redhat-linux/32/bits
/opt/rh/devtoolset-8/root/usr/include/c++/8/x86_64-redhat-linux/32/ext
/opt/rh/devtoolset-8/root/usr/include/c++/8/x86_64-redhat-linux/32/bits/atomic_word.h
/opt/rh/devtoolset-8/root/usr/include/c++/8/x86_64-redhat-linux/32/bits/basic_file.h
/opt/rh/devtoolset-8/root/usr/include/c++/8/x86_64-redhat-linux/32/bits/c++allocator.h
/opt/rh/devtoolset-8/root/usr/include/c++/8/x86_64-redhat-linux/32/bits/c++config.h
/opt/rh/devtoolset-8/root/usr/include/c++/8/x86_64-redhat-linux/32/bits/c++io.h
/opt/rh/devtoolset-8/root/usr/include/c++/8/x86_64-redhat-linux/32/bits/c++locale.h
/opt/rh/devtoolset-8/root/usr/include/c++/8/x86_64-redhat-linux/32/bits/cpu_defines.h
/opt/rh/devtoolset-8/root/usr/include/c++/8/x86_64-redhat-linux/32/bits/ctype_base.h
/opt/rh/devtoolset-8/root/usr/include/c++/8/x86_64-redhat-linux/32/bits/ctype_inline.h
/opt/rh/devtoolset-8/root/usr/include/c++/8/x86_64-redhat-linux/32/bits/cxxabi_tweaks.h
/opt/rh/devtoolset-8/root/usr/include/c++/8/x86_64-redhat-linux/32/bits/error_constants.h
/opt/rh/devtoolset-8/root/usr/include/c++/8/x86_64-redhat-linux/32/bits/extc++.h
/opt/rh/devtoolset-8/root/usr/include/c++/8/x86_64-redhat-linux/32/bits/gthr-default.h
/opt/rh/devtoolset-8/root/usr/include/c++/8/x86_64-redhat-linux/32/bits/gthr-posix.h
/opt/rh/devtoolset-8/root/usr/include/c++/8/x86_64-redhat-linux/32/bits/gthr-single.h
/opt/rh/devtoolset-8/root/usr/include/c++/8/x86_64-redhat-linux/32/bits/gthr.h
/opt/rh/devtoolset-8/root/usr/include/c++/8/x86_64-redhat-linux/32/bits/messages_members.h
/opt/rh/devtoolset-8/root/usr/include/c++/8/x86_64-redhat-linux/32/bits/opt_random.h
/opt/rh/devtoolset-8/root/usr/include/c++/8/x86_64-redhat-linux/32/bits/os_defines.h
/opt/rh/devtoolset-8/root/usr/include/c++/8/x86_64-redhat-linux/32/bits/stdc++.h
/opt/rh/devtoolset-8/root/usr/include/c++/8/x86_64-redhat-linux/32/bits/stdtr1c++.h
/opt/rh/devtoolset-8/root/usr/include/c++/8/x86_64-redhat-linux/32/bits/time_members.h
/opt/rh/devtoolset-8/root/usr/include/c++/8/x86_64-redhat-linux/32/ext/opt_random.h
/opt/rh/devtoolset-8/root/usr/include/c++/8/x86_64-redhat-linux/bits/atomic_word.h
/opt/rh/devtoolset-8/root/usr/include/c++/8/x86_64-redhat-linux/bits/basic_file.h
/opt/rh/devtoolset-8/root/usr/include/c++/8/x86_64-redhat-linux/bits/c++allocator.h
/opt/rh/devtoolset-8/root/usr/include/c++/8/x86_64-redhat-linux/bits/c++config.h
/opt/rh/devtoolset-8/root/usr/include/c++/8/x86_64-redhat-linux/bits/c++io.h
/opt/rh/devtoolset-8/root/usr/include/c++/8/x86_64-redhat-linux/bits/c++locale.h
/opt/rh/devtoolset-8/root/usr/include/c++/8/x86_64-redhat-linux/bits/cpu_defines.h
/opt/rh/devtoolset-8/root/usr/include/c++/8/x86_64-redhat-linux/bits/ctype_base.h
/opt/rh/devtoolset-8/root/usr/include/c++/8/x86_64-redhat-linux/bits/ctype_inline.h
/opt/rh/devtoolset-8/root/usr/include/c++/8/x86_64-redhat-linux/bits/cxxabi_tweaks.h
/opt/rh/devtoolset-8/root/usr/include/c++/8/x86_64-redhat-linux/bits/error_constants.h
/opt/rh/devtoolset-8/root/usr/include/c++/8/x86_64-redhat-linux/bits/extc++.h
/opt/rh/devtoolset-8/root/usr/include/c++/8/x86_64-redhat-linux/bits/gthr-default.h
/opt/rh/devtoolset-8/root/usr/include/c++/8/x86_64-redhat-linux/bits/gthr-posix.h
/opt/rh/devtoolset-8/root/usr/include/c++/8/x86_64-redhat-linux/bits/gthr-single.h
/opt/rh/devtoolset-8/root/usr/include/c++/8/x86_64-redhat-linux/bits/gthr.h
/opt/rh/devtoolset-8/root/usr/include/c++/8/x86_64-redhat-linux/bits/messages_members.h
/opt/rh/devtoolset-8/root/usr/include/c++/8/x86_64-redhat-linux/bits/opt_random.h
/opt/rh/devtoolset-8/root/usr/include/c++/8/x86_64-redhat-linux/bits/os_defines.h
/opt/rh/devtoolset-8/root/usr/include/c++/8/x86_64-redhat-linux/bits/stdc++.h
/opt/rh/devtoolset-8/root/usr/include/c++/8/x86_64-redhat-linux/bits/stdtr1c++.h
/opt/rh/devtoolset-8/root/usr/include/c++/8/x86_64-redhat-linux/bits/time_members.h
/opt/rh/devtoolset-8/root/usr/include/c++/8/x86_64-redhat-linux/ext/opt_random.h
/opt/rh/devtoolset-8/root/usr/lib/gcc/x86_64-redhat-linux/8/libstdc++.a
/opt/rh/devtoolset-8/root/usr/lib/gcc/x86_64-redhat-linux/8/libstdc++.so
/opt/rh/devtoolset-8/root/usr/lib/gcc/x86_64-redhat-linux/8/libstdc++_nonshared.a
/opt/rh/devtoolset-8/root/usr/lib/gcc/x86_64-redhat-linux/8/libstdc++fs.a
/opt/rh/devtoolset-8/root/usr/lib/gcc/x86_64-redhat-linux/8/libsupc++.a
/opt/rh/devtoolset-8/root/usr/lib/gcc/x86_64-redhat-linux/8/32/libstdc++.a
/opt/rh/devtoolset-8/root/usr/lib/gcc/x86_64-redhat-linux/8/32/libstdc++.so
/opt/rh/devtoolset-8/root/usr/lib/gcc/x86_64-redhat-linux/8/32/libstdc++_nonshared.a
/opt/rh/devtoolset-8/root/usr/lib/gcc/x86_64-redhat-linux/8/32/libstdc++fs.a
/opt/rh/devtoolset-8/root/usr/lib/gcc/x86_64-redhat-linux/8/32/libsupc++.a
/opt/rh/devtoolset-8/root/usr/share/doc/devtoolset-8-gcc-c++-8.2.1
/opt/rh/devtoolset-8/root/usr/share/doc/devtoolset-8-libstdc++-devel-8.2.1
/opt/rh/devtoolset-8/root/usr/share/doc/devtoolset-8-gcc-c++-8.2.1/ChangeLog-1993.bz2
/opt/rh/devtoolset-8/root/usr/share/doc/devtoolset-8-gcc-c++-8.2.1/ChangeLog-1994.bz2
/opt/rh/devtoolset-8/root/usr/share/doc/devtoolset-8-gcc-c++-8.2.1/ChangeLog-1995.bz2
/opt/rh/devtoolset-8/root/usr/share/doc/devtoolset-8-gcc-c++-8.2.1/ChangeLog-1996.bz2
/opt/rh/devtoolset-8/root/usr/share/doc/devtoolset-8-gcc-c++-8.2.1/ChangeLog-1997.bz2
/opt/rh/devtoolset-8/root/usr/share/doc/devtoolset-8-gcc-c++-8.2.1/ChangeLog-1998.bz2
/opt/rh/devtoolset-8/root/usr/share/doc/devtoolset-8-gcc-c++-8.2.1/ChangeLog-1999.bz2
/opt/rh/devtoolset-8/root/usr/share/doc/devtoolset-8-gcc-c++-8.2.1/ChangeLog-2000.bz2
/opt/rh/devtoolset-8/root/usr/share/doc/devtoolset-8-gcc-c++-8.2.1/ChangeLog-2001.bz2
/opt/rh/devtoolset-8/root/usr/share/doc/devtoolset-8-gcc-c++-8.2.1/ChangeLog-2002.bz2
/opt/rh/devtoolset-8/root/usr/share/doc/devtoolset-8-gcc-c++-8.2.1/ChangeLog-2003.bz2
/opt/rh/devtoolset-8/root/usr/share/doc/devtoolset-8-gcc-c++-8.2.1/ChangeLog-2004.bz2
/opt/rh/devtoolset-8/root/usr/share/doc/devtoolset-8-gcc-c++-8.2.1/ChangeLog-2005.bz2
/opt/rh/devtoolset-8/root/usr/share/doc/devtoolset-8-gcc-c++-8.2.1/ChangeLog-2006.bz2
/opt/rh/devtoolset-8/root/usr/share/doc/devtoolset-8-gcc-c++-8.2.1/ChangeLog-2007.bz2
/opt/rh/devtoolset-8/root/usr/share/doc/devtoolset-8-gcc-c++-8.2.1/ChangeLog-2008.bz2
/opt/rh/devtoolset-8/root/usr/share/doc/devtoolset-8-gcc-c++-8.2.1/ChangeLog-2009.bz2
/opt/rh/devtoolset-8/root/usr/share/doc/devtoolset-8-gcc-c++-8.2.1/ChangeLog-2010.bz2
/opt/rh/devtoolset-8/root/usr/share/doc/devtoolset-8-gcc-c++-8.2.1/ChangeLog-2011.bz2
/opt/rh/devtoolset-8/root/usr/share/doc/devtoolset-8-gcc-c++-8.2.1/ChangeLog-2012.bz2
/opt/rh/devtoolset-8/root/usr/share/doc/devtoolset-8-gcc-c++-8.2.1/ChangeLog-2013.bz2
/opt/rh/devtoolset-8/root/usr/share/doc/devtoolset-8-gcc-c++-8.2.1/ChangeLog-2014.bz2
/opt/rh/devtoolset-8/root/usr/share/doc/devtoolset-8-gcc-c++-8.2.1/ChangeLog-2015.bz2
/opt/rh/devtoolset-8/root/usr/share/doc/devtoolset-8-gcc-c++-8.2.1/ChangeLog-2016.bz2
/opt/rh/devtoolset-8/root/usr/share/doc/devtoolset-8-gcc-c++-8.2.1/ChangeLog-2017.bz2
/opt/rh/devtoolset-8/root/usr/share/doc/devtoolset-8-gcc-c++-8.2.1/ChangeLog.bz2
/opt/rh/devtoolset-8/root/usr/share/doc/devtoolset-8-gcc-c++-8.2.1/ChangeLog.ptr.bz2
/opt/rh/devtoolset-8/root/usr/share/doc/devtoolset-8-gcc-c++-8.2.1/ChangeLog.tree-ssa.bz2
/opt/rh/devtoolset-8/root/usr/share/doc/devtoolset-8-libstdc++-devel-8.2.1/ChangeLog-1998.bz2
/opt/rh/devtoolset-8/root/usr/share/doc/devtoolset-8-libstdc++-devel-8.2.1/ChangeLog-1999.bz2
/opt/rh/devtoolset-8/root/usr/share/doc/devtoolset-8-libstdc++-devel-8.2.1/ChangeLog-2000.bz2
/opt/rh/devtoolset-8/root/usr/share/doc/devtoolset-8-libstdc++-devel-8.2.1/ChangeLog-2001.bz2
/opt/rh/devtoolset-8/root/usr/share/doc/devtoolset-8-libstdc++-devel-8.2.1/ChangeLog-2002.bz2
/opt/rh/devtoolset-8/root/usr/share/doc/devtoolset-8-libstdc++-devel-8.2.1/ChangeLog-2003.bz2
/opt/rh/devtoolset-8/root/usr/share/doc/devtoolset-8-libstdc++-devel-8.2.1/ChangeLog-2004.bz2
/opt/rh/devtoolset-8/root/usr/share/doc/devtoolset-8-libstdc++-devel-8.2.1/ChangeLog-2005.bz2
/opt/rh/devtoolset-8/root/usr/share/doc/devtoolset-8-libstdc++-devel-8.2.1/ChangeLog-2006.bz2
/opt/rh/devtoolset-8/root/usr/share/doc/devtoolset-8-libstdc++-devel-8.2.1/ChangeLog-2007.bz2
/opt/rh/devtoolset-8/root/usr/share/doc/devtoolset-8-libstdc++-devel-8.2.1/ChangeLog-2008.bz2
/opt/rh/devtoolset-8/root/usr/share/doc/devtoolset-8-libstdc++-devel-8.2.1/ChangeLog-2009.bz2
/opt/rh/devtoolset-8/root/usr/share/doc/devtoolset-8-libstdc++-devel-8.2.1/ChangeLog-2010.bz2
/opt/rh/devtoolset-8/root/usr/share/doc/devtoolset-8-libstdc++-devel-8.2.1/ChangeLog-2011.bz2
/opt/rh/devtoolset-8/root/usr/share/doc/devtoolset-8-libstdc++-devel-8.2.1/ChangeLog-2012.bz2
/opt/rh/devtoolset-8/root/usr/share/doc/devtoolset-8-libstdc++-devel-8.2.1/ChangeLog-2013.bz2
/opt/rh/devtoolset-8/root/usr/share/doc/devtoolset-8-libstdc++-devel-8.2.1/ChangeLog-2014.bz2
/opt/rh/devtoolset-8/root/usr/share/doc/devtoolset-8-libstdc++-devel-8.2.1/ChangeLog-2015.bz2
/opt/rh/devtoolset-8/root/usr/share/doc/devtoolset-8-libstdc++-devel-8.2.1/ChangeLog-2016.bz2
/opt/rh/devtoolset-8/root/usr/share/doc/devtoolset-8-libstdc++-devel-8.2.1/ChangeLog-2017.bz2
/opt/rh/devtoolset-8/root/usr/share/doc/devtoolset-8-libstdc++-devel-8.2.1/ChangeLog.bz2
/opt/rh/devtoolset-8/root/usr/share/doc/devtoolset-8-libstdc++-devel-8.2.1/README
/opt/rh/devtoolset-8/root/usr/share/gdb/auto-load/usr/lib/libstdc++.so.6.0.19-gdb.py
/opt/rh/devtoolset-8/root/usr/share/gdb/auto-load/usr/lib/libstdc++.so.6.0.19-gdb.pyc
/opt/rh/devtoolset-8/root/usr/share/gdb/auto-load/usr/lib/libstdc++.so.6.0.19-gdb.pyo
/opt/rh/devtoolset-8/root/usr/share/gdb/auto-load/usr/lib64/libstdc++.so.6.0.19-gdb.py
/opt/rh/devtoolset-8/root/usr/share/gdb/auto-load/usr/lib64/libstdc++.so.6.0.19-gdb.pyc
/opt/rh/devtoolset-8/root/usr/share/gdb/auto-load/usr/lib64/libstdc++.so.6.0.19-gdb.pyo
/opt/rh/devtoolset-8/root/usr/share/man/man1/c++filt.1.gz
/usr/bin/_c++
/usr/bin/c++
/usr/bin/c++filt
/usr/bin/x86_64-redhat-linux-c++
/usr/include/c++
/usr/include/c++/4.8.2
/usr/include/c++/4.8.5
/usr/include/c++/4.8.2/algorithm
/usr/include/c++/4.8.2/array
/usr/include/c++/4.8.2/atomic
/usr/include/c++/4.8.2/backward
/usr/include/c++/4.8.2/bits
/usr/include/c++/4.8.2/bitset
/usr/include/c++/4.8.2/cassert
/usr/include/c++/4.8.2/ccomplex
/usr/include/c++/4.8.2/cctype
/usr/include/c++/4.8.2/cerrno
/usr/include/c++/4.8.2/cfenv
/usr/include/c++/4.8.2/cfloat
/usr/include/c++/4.8.2/chrono
/usr/include/c++/4.8.2/cinttypes
/usr/include/c++/4.8.2/ciso646
/usr/include/c++/4.8.2/climits
/usr/include/c++/4.8.2/clocale
/usr/include/c++/4.8.2/cmath
/usr/include/c++/4.8.2/complex
/usr/include/c++/4.8.2/complex.h
/usr/include/c++/4.8.2/condition_variable
/usr/include/c++/4.8.2/csetjmp
/usr/include/c++/4.8.2/csignal
/usr/include/c++/4.8.2/cstdalign
/usr/include/c++/4.8.2/cstdarg
/usr/include/c++/4.8.2/cstdbool
/usr/include/c++/4.8.2/cstddef
/usr/include/c++/4.8.2/cstdint
/usr/include/c++/4.8.2/cstdio
/usr/include/c++/4.8.2/cstdlib
/usr/include/c++/4.8.2/cstring
/usr/include/c++/4.8.2/ctgmath
/usr/include/c++/4.8.2/ctime
/usr/include/c++/4.8.2/cwchar
/usr/include/c++/4.8.2/cwctype
/usr/include/c++/4.8.2/cxxabi.h
/usr/include/c++/4.8.2/debug
/usr/include/c++/4.8.2/decimal
/usr/include/c++/4.8.2/deque
/usr/include/c++/4.8.2/exception
/usr/include/c++/4.8.2/ext
/usr/include/c++/4.8.2/fenv.h
/usr/include/c++/4.8.2/forward_list
/usr/include/c++/4.8.2/fstream
/usr/include/c++/4.8.2/functional
/usr/include/c++/4.8.2/future
/usr/include/c++/4.8.2/initializer_list
/usr/include/c++/4.8.2/iomanip
/usr/include/c++/4.8.2/ios
/usr/include/c++/4.8.2/iosfwd
/usr/include/c++/4.8.2/iostream
/usr/include/c++/4.8.2/istream
/usr/include/c++/4.8.2/iterator
/usr/include/c++/4.8.2/limits
/usr/include/c++/4.8.2/list
/usr/include/c++/4.8.2/locale
/usr/include/c++/4.8.2/map
/usr/include/c++/4.8.2/memory
/usr/include/c++/4.8.2/mutex
/usr/include/c++/4.8.2/new
/usr/include/c++/4.8.2/numeric
/usr/include/c++/4.8.2/ostream
/usr/include/c++/4.8.2/parallel
/usr/include/c++/4.8.2/profile
/usr/include/c++/4.8.2/queue
/usr/include/c++/4.8.2/random
/usr/include/c++/4.8.2/ratio
/usr/include/c++/4.8.2/regex
/usr/include/c++/4.8.2/scoped_allocator
/usr/include/c++/4.8.2/set
/usr/include/c++/4.8.2/sstream
/usr/include/c++/4.8.2/stack
/usr/include/c++/4.8.2/stdexcept
/usr/include/c++/4.8.2/streambuf
/usr/include/c++/4.8.2/string
/usr/include/c++/4.8.2/system_error
/usr/include/c++/4.8.2/tgmath.h
/usr/include/c++/4.8.2/thread
/usr/include/c++/4.8.2/tr1
/usr/include/c++/4.8.2/tr2
/usr/include/c++/4.8.2/tuple
/usr/include/c++/4.8.2/type_traits
/usr/include/c++/4.8.2/typeindex
/usr/include/c++/4.8.2/typeinfo
/usr/include/c++/4.8.2/unordered_map
/usr/include/c++/4.8.2/unordered_set
/usr/include/c++/4.8.2/utility
/usr/include/c++/4.8.2/valarray
/usr/include/c++/4.8.2/vector
/usr/include/c++/4.8.2/x86_64-redhat-linux
/usr/include/c++/4.8.2/backward/auto_ptr.h
/usr/include/c++/4.8.2/backward/backward_warning.h
/usr/include/c++/4.8.2/backward/binders.h
/usr/include/c++/4.8.2/backward/hash_fun.h
/usr/include/c++/4.8.2/backward/hash_map
/usr/include/c++/4.8.2/backward/hash_set
/usr/include/c++/4.8.2/backward/hashtable.h
/usr/include/c++/4.8.2/backward/strstream
/usr/include/c++/4.8.2/bits/algorithmfwd.h
/usr/include/c++/4.8.2/bits/alloc_traits.h
/usr/include/c++/4.8.2/bits/allocator.h
/usr/include/c++/4.8.2/bits/atomic_base.h
/usr/include/c++/4.8.2/bits/atomic_lockfree_defines.h
/usr/include/c++/4.8.2/bits/basic_ios.h
/usr/include/c++/4.8.2/bits/basic_ios.tcc
/usr/include/c++/4.8.2/bits/basic_string.h
/usr/include/c++/4.8.2/bits/basic_string.tcc
/usr/include/c++/4.8.2/bits/boost_concept_check.h
/usr/include/c++/4.8.2/bits/c++0x_warning.h
/usr/include/c++/4.8.2/bits/char_traits.h
/usr/include/c++/4.8.2/bits/codecvt.h
/usr/include/c++/4.8.2/bits/concept_check.h
/usr/include/c++/4.8.2/bits/cpp_type_traits.h
/usr/include/c++/4.8.2/bits/cxxabi_forced.h
/usr/include/c++/4.8.2/bits/deque.tcc
/usr/include/c++/4.8.2/bits/exception_defines.h
/usr/include/c++/4.8.2/bits/exception_ptr.h
/usr/include/c++/4.8.2/bits/forward_list.h
/usr/include/c++/4.8.2/bits/forward_list.tcc
/usr/include/c++/4.8.2/bits/fstream.tcc
/usr/include/c++/4.8.2/bits/functexcept.h
/usr/include/c++/4.8.2/bits/functional_hash.h
/usr/include/c++/4.8.2/bits/gslice.h
/usr/include/c++/4.8.2/bits/gslice_array.h
/usr/include/c++/4.8.2/bits/hash_bytes.h
/usr/include/c++/4.8.2/bits/hashtable.h
/usr/include/c++/4.8.2/bits/hashtable_policy.h
/usr/include/c++/4.8.2/bits/indirect_array.h
/usr/include/c++/4.8.2/bits/ios_base.h
/usr/include/c++/4.8.2/bits/istream.tcc
/usr/include/c++/4.8.2/bits/list.tcc
/usr/include/c++/4.8.2/bits/locale_classes.h
/usr/include/c++/4.8.2/bits/locale_classes.tcc
/usr/include/c++/4.8.2/bits/locale_facets.h
/usr/include/c++/4.8.2/bits/locale_facets.tcc
/usr/include/c++/4.8.2/bits/locale_facets_nonio.h
/usr/include/c++/4.8.2/bits/locale_facets_nonio.tcc
/usr/include/c++/4.8.2/bits/localefwd.h
/usr/include/c++/4.8.2/bits/mask_array.h
/usr/include/c++/4.8.2/bits/memoryfwd.h
/usr/include/c++/4.8.2/bits/move.h
/usr/include/c++/4.8.2/bits/nested_exception.h
/usr/include/c++/4.8.2/bits/ostream.tcc
/usr/include/c++/4.8.2/bits/ostream_insert.h
/usr/include/c++/4.8.2/bits/postypes.h
/usr/include/c++/4.8.2/bits/ptr_traits.h
/usr/include/c++/4.8.2/bits/random.h
/usr/include/c++/4.8.2/bits/random.tcc
/usr/include/c++/4.8.2/bits/range_access.h
/usr/include/c++/4.8.2/bits/regex.h
/usr/include/c++/4.8.2/bits/regex_compiler.h
/usr/include/c++/4.8.2/bits/regex_constants.h
/usr/include/c++/4.8.2/bits/regex_cursor.h
/usr/include/c++/4.8.2/bits/regex_error.h
/usr/include/c++/4.8.2/bits/regex_grep_matcher.h
/usr/include/c++/4.8.2/bits/regex_grep_matcher.tcc
/usr/include/c++/4.8.2/bits/regex_nfa.h
/usr/include/c++/4.8.2/bits/regex_nfa.tcc
/usr/include/c++/4.8.2/bits/shared_ptr.h
/usr/include/c++/4.8.2/bits/shared_ptr_base.h
/usr/include/c++/4.8.2/bits/slice_array.h
/usr/include/c++/4.8.2/bits/sstream.tcc
/usr/include/c++/4.8.2/bits/stl_algo.h
/usr/include/c++/4.8.2/bits/stl_algobase.h
/usr/include/c++/4.8.2/bits/stl_bvector.h
/usr/include/c++/4.8.2/bits/stl_construct.h
/usr/include/c++/4.8.2/bits/stl_deque.h
/usr/include/c++/4.8.2/bits/stl_function.h
/usr/include/c++/4.8.2/bits/stl_heap.h
/usr/include/c++/4.8.2/bits/stl_iterator.h
/usr/include/c++/4.8.2/bits/stl_iterator_base_funcs.h
/usr/include/c++/4.8.2/bits/stl_iterator_base_types.h
/usr/include/c++/4.8.2/bits/stl_list.h
/usr/include/c++/4.8.2/bits/stl_map.h
/usr/include/c++/4.8.2/bits/stl_multimap.h
/usr/include/c++/4.8.2/bits/stl_multiset.h
/usr/include/c++/4.8.2/bits/stl_numeric.h
/usr/include/c++/4.8.2/bits/stl_pair.h
/usr/include/c++/4.8.2/bits/stl_queue.h
/usr/include/c++/4.8.2/bits/stl_raw_storage_iter.h
/usr/include/c++/4.8.2/bits/stl_relops.h
/usr/include/c++/4.8.2/bits/stl_set.h
/usr/include/c++/4.8.2/bits/stl_stack.h
/usr/include/c++/4.8.2/bits/stl_tempbuf.h
/usr/include/c++/4.8.2/bits/stl_tree.h
/usr/include/c++/4.8.2/bits/stl_uninitialized.h
/usr/include/c++/4.8.2/bits/stl_vector.h
/usr/include/c++/4.8.2/bits/stream_iterator.h
/usr/include/c++/4.8.2/bits/streambuf.tcc
/usr/include/c++/4.8.2/bits/streambuf_iterator.h
/usr/include/c++/4.8.2/bits/stringfwd.h
/usr/include/c++/4.8.2/bits/unique_ptr.h
/usr/include/c++/4.8.2/bits/unordered_map.h
/usr/include/c++/4.8.2/bits/unordered_set.h
/usr/include/c++/4.8.2/bits/uses_allocator.h
/usr/include/c++/4.8.2/bits/valarray_after.h
/usr/include/c++/4.8.2/bits/valarray_array.h
/usr/include/c++/4.8.2/bits/valarray_array.tcc
/usr/include/c++/4.8.2/bits/valarray_before.h
/usr/include/c++/4.8.2/bits/vector.tcc
/usr/include/c++/4.8.2/debug/array
/usr/include/c++/4.8.2/debug/bitset
/usr/include/c++/4.8.2/debug/debug.h
/usr/include/c++/4.8.2/debug/deque
/usr/include/c++/4.8.2/debug/formatter.h
/usr/include/c++/4.8.2/debug/forward_list
/usr/include/c++/4.8.2/debug/functions.h
/usr/include/c++/4.8.2/debug/list
/usr/include/c++/4.8.2/debug/macros.h
/usr/include/c++/4.8.2/debug/map
/usr/include/c++/4.8.2/debug/map.h
/usr/include/c++/4.8.2/debug/multimap.h
/usr/include/c++/4.8.2/debug/multiset.h
/usr/include/c++/4.8.2/debug/safe_base.h
/usr/include/c++/4.8.2/debug/safe_iterator.h
/usr/include/c++/4.8.2/debug/safe_iterator.tcc
/usr/include/c++/4.8.2/debug/safe_local_iterator.h
/usr/include/c++/4.8.2/debug/safe_local_iterator.tcc
/usr/include/c++/4.8.2/debug/safe_sequence.h
/usr/include/c++/4.8.2/debug/safe_sequence.tcc
/usr/include/c++/4.8.2/debug/safe_unordered_base.h
/usr/include/c++/4.8.2/debug/safe_unordered_container.h
/usr/include/c++/4.8.2/debug/safe_unordered_container.tcc
/usr/include/c++/4.8.2/debug/set
/usr/include/c++/4.8.2/debug/set.h
/usr/include/c++/4.8.2/debug/string
/usr/include/c++/4.8.2/debug/unordered_map
/usr/include/c++/4.8.2/debug/unordered_set
/usr/include/c++/4.8.2/debug/vector
/usr/include/c++/4.8.2/decimal/decimal
/usr/include/c++/4.8.2/decimal/decimal.h
/usr/include/c++/4.8.2/ext/algorithm
/usr/include/c++/4.8.2/ext/alloc_traits.h
/usr/include/c++/4.8.2/ext/array_allocator.h
/usr/include/c++/4.8.2/ext/atomicity.h
/usr/include/c++/4.8.2/ext/bitmap_allocator.h
/usr/include/c++/4.8.2/ext/cast.h
/usr/include/c++/4.8.2/ext/cmath
/usr/include/c++/4.8.2/ext/codecvt_specializations.h
/usr/include/c++/4.8.2/ext/concurrence.h
/usr/include/c++/4.8.2/ext/debug_allocator.h
/usr/include/c++/4.8.2/ext/enc_filebuf.h
/usr/include/c++/4.8.2/ext/extptr_allocator.h
/usr/include/c++/4.8.2/ext/functional
/usr/include/c++/4.8.2/ext/hash_map
/usr/include/c++/4.8.2/ext/hash_set
/usr/include/c++/4.8.2/ext/iterator
/usr/include/c++/4.8.2/ext/malloc_allocator.h
/usr/include/c++/4.8.2/ext/memory
/usr/include/c++/4.8.2/ext/mt_allocator.h
/usr/include/c++/4.8.2/ext/new_allocator.h
/usr/include/c++/4.8.2/ext/numeric
/usr/include/c++/4.8.2/ext/numeric_traits.h
/usr/include/c++/4.8.2/ext/pb_ds
/usr/include/c++/4.8.2/ext/pod_char_traits.h
/usr/include/c++/4.8.2/ext/pointer.h
/usr/include/c++/4.8.2/ext/pool_allocator.h
/usr/include/c++/4.8.2/ext/random
/usr/include/c++/4.8.2/ext/random.tcc
/usr/include/c++/4.8.2/ext/rb_tree
/usr/include/c++/4.8.2/ext/rc_string_base.h
/usr/include/c++/4.8.2/ext/rope
/usr/include/c++/4.8.2/ext/ropeimpl.h
/usr/include/c++/4.8.2/ext/slist
/usr/include/c++/4.8.2/ext/sso_string_base.h
/usr/include/c++/4.8.2/ext/stdio_filebuf.h
/usr/include/c++/4.8.2/ext/stdio_sync_filebuf.h
/usr/include/c++/4.8.2/ext/string_conversions.h
/usr/include/c++/4.8.2/ext/throw_allocator.h
/usr/include/c++/4.8.2/ext/type_traits.h
/usr/include/c++/4.8.2/ext/typelist.h
/usr/include/c++/4.8.2/ext/vstring.h
/usr/include/c++/4.8.2/ext/vstring.tcc
/usr/include/c++/4.8.2/ext/vstring_fwd.h
/usr/include/c++/4.8.2/ext/vstring_util.h
/usr/include/c++/4.8.2/ext/pb_ds/assoc_container.hpp
/usr/include/c++/4.8.2/ext/pb_ds/detail
/usr/include/c++/4.8.2/ext/pb_ds/exception.hpp
/usr/include/c++/4.8.2/ext/pb_ds/hash_policy.hpp
/usr/include/c++/4.8.2/ext/pb_ds/list_update_policy.hpp
/usr/include/c++/4.8.2/ext/pb_ds/priority_queue.hpp
/usr/include/c++/4.8.2/ext/pb_ds/tag_and_trait.hpp
/usr/include/c++/4.8.2/ext/pb_ds/tree_policy.hpp
/usr/include/c++/4.8.2/ext/pb_ds/trie_policy.hpp
/usr/include/c++/4.8.2/ext/pb_ds/detail/bin_search_tree_
/usr/include/c++/4.8.2/ext/pb_ds/detail/binary_heap_
/usr/include/c++/4.8.2/ext/pb_ds/detail/binomial_heap_
/usr/include/c++/4.8.2/ext/pb_ds/detail/binomial_heap_base_
/usr/include/c++/4.8.2/ext/pb_ds/detail/branch_policy
/usr/include/c++/4.8.2/ext/pb_ds/detail/cc_hash_table_map_
/usr/include/c++/4.8.2/ext/pb_ds/detail/cond_dealtor.hpp
/usr/include/c++/4.8.2/ext/pb_ds/detail/container_base_dispatch.hpp
/usr/include/c++/4.8.2/ext/pb_ds/detail/debug_map_base.hpp
/usr/include/c++/4.8.2/ext/pb_ds/detail/eq_fn
/usr/include/c++/4.8.2/ext/pb_ds/detail/gp_hash_table_map_
/usr/include/c++/4.8.2/ext/pb_ds/detail/hash_fn
/usr/include/c++/4.8.2/ext/pb_ds/detail/left_child_next_sibling_heap_
/usr/include/c++/4.8.2/ext/pb_ds/detail/list_update_map_
/usr/include/c++/4.8.2/ext/pb_ds/detail/list_update_policy
/usr/include/c++/4.8.2/ext/pb_ds/detail/ov_tree_map_
/usr/include/c++/4.8.2/ext/pb_ds/detail/pairing_heap_
/usr/include/c++/4.8.2/ext/pb_ds/detail/pat_trie_
/usr/include/c++/4.8.2/ext/pb_ds/detail/priority_queue_base_dispatch.hpp
/usr/include/c++/4.8.2/ext/pb_ds/detail/rb_tree_map_
/usr/include/c++/4.8.2/ext/pb_ds/detail/rc_binomial_heap_
/usr/include/c++/4.8.2/ext/pb_ds/detail/resize_policy
/usr/include/c++/4.8.2/ext/pb_ds/detail/splay_tree_
/usr/include/c++/4.8.2/ext/pb_ds/detail/standard_policies.hpp
/usr/include/c++/4.8.2/ext/pb_ds/detail/thin_heap_
/usr/include/c++/4.8.2/ext/pb_ds/detail/tree_policy
/usr/include/c++/4.8.2/ext/pb_ds/detail/tree_trace_base.hpp
/usr/include/c++/4.8.2/ext/pb_ds/detail/trie_policy
/usr/include/c++/4.8.2/ext/pb_ds/detail/type_utils.hpp
/usr/include/c++/4.8.2/ext/pb_ds/detail/types_traits.hpp
/usr/include/c++/4.8.2/ext/pb_ds/detail/unordered_iterator
/usr/include/c++/4.8.2/ext/pb_ds/detail/bin_search_tree_/bin_search_tree_.hpp
/usr/include/c++/4.8.2/ext/pb_ds/detail/bin_search_tree_/constructors_destructor_fn_imps.hpp
/usr/include/c++/4.8.2/ext/pb_ds/detail/bin_search_tree_/debug_fn_imps.hpp
/usr/include/c++/4.8.2/ext/pb_ds/detail/bin_search_tree_/erase_fn_imps.hpp
/usr/include/c++/4.8.2/ext/pb_ds/detail/bin_search_tree_/find_fn_imps.hpp
/usr/include/c++/4.8.2/ext/pb_ds/detail/bin_search_tree_/info_fn_imps.hpp
/usr/include/c++/4.8.2/ext/pb_ds/detail/bin_search_tree_/insert_fn_imps.hpp
/usr/include/c++/4.8.2/ext/pb_ds/detail/bin_search_tree_/iterators_fn_imps.hpp
/usr/include/c++/4.8.2/ext/pb_ds/detail/bin_search_tree_/node_iterators.hpp
/usr/include/c++/4.8.2/ext/pb_ds/detail/bin_search_tree_/point_iterators.hpp
/usr/include/c++/4.8.2/ext/pb_ds/detail/bin_search_tree_/policy_access_fn_imps.hpp
/usr/include/c++/4.8.2/ext/pb_ds/detail/bin_search_tree_/r_erase_fn_imps.hpp
/usr/include/c++/4.8.2/ext/pb_ds/detail/bin_search_tree_/rotate_fn_imps.hpp
/usr/include/c++/4.8.2/ext/pb_ds/detail/bin_search_tree_/split_join_fn_imps.hpp
/usr/include/c++/4.8.2/ext/pb_ds/detail/bin_search_tree_/traits.hpp
/usr/include/c++/4.8.2/ext/pb_ds/detail/binary_heap_/binary_heap_.hpp
/usr/include/c++/4.8.2/ext/pb_ds/detail/binary_heap_/const_iterator.hpp
/usr/include/c++/4.8.2/ext/pb_ds/detail/binary_heap_/constructors_destructor_fn_imps.hpp
/usr/include/c++/4.8.2/ext/pb_ds/detail/binary_heap_/debug_fn_imps.hpp
/usr/include/c++/4.8.2/ext/pb_ds/detail/binary_heap_/entry_cmp.hpp
/usr/include/c++/4.8.2/ext/pb_ds/detail/binary_heap_/entry_pred.hpp
/usr/include/c++/4.8.2/ext/pb_ds/detail/binary_heap_/erase_fn_imps.hpp
/usr/include/c++/4.8.2/ext/pb_ds/detail/binary_heap_/find_fn_imps.hpp
/usr/include/c++/4.8.2/ext/pb_ds/detail/binary_heap_/info_fn_imps.hpp
/usr/include/c++/4.8.2/ext/pb_ds/detail/binary_heap_/insert_fn_imps.hpp
/usr/include/c++/4.8.2/ext/pb_ds/detail/binary_heap_/iterators_fn_imps.hpp
/usr/include/c++/4.8.2/ext/pb_ds/detail/binary_heap_/point_const_iterator.hpp
/usr/include/c++/4.8.2/ext/pb_ds/detail/binary_heap_/policy_access_fn_imps.hpp
/usr/include/c++/4.8.2/ext/pb_ds/detail/binary_heap_/resize_policy.hpp
/usr/include/c++/4.8.2/ext/pb_ds/detail/binary_heap_/split_join_fn_imps.hpp
/usr/include/c++/4.8.2/ext/pb_ds/detail/binary_heap_/trace_fn_imps.hpp
/usr/include/c++/4.8.2/ext/pb_ds/detail/binomial_heap_/binomial_heap_.hpp
/usr/include/c++/4.8.2/ext/pb_ds/detail/binomial_heap_/constructors_destructor_fn_imps.hpp
/usr/include/c++/4.8.2/ext/pb_ds/detail/binomial_heap_/debug_fn_imps.hpp
/usr/include/c++/4.8.2/ext/pb_ds/detail/binomial_heap_base_/binomial_heap_base_.hpp
/usr/include/c++/4.8.2/ext/pb_ds/detail/binomial_heap_base_/constructors_destructor_fn_imps.hpp
/usr/include/c++/4.8.2/ext/pb_ds/detail/binomial_heap_base_/debug_fn_imps.hpp
/usr/include/c++/4.8.2/ext/pb_ds/detail/binomial_heap_base_/erase_fn_imps.hpp
/usr/include/c++/4.8.2/ext/pb_ds/detail/binomial_heap_base_/find_fn_imps.hpp
/usr/include/c++/4.8.2/ext/pb_ds/detail/binomial_heap_base_/insert_fn_imps.hpp
/usr/include/c++/4.8.2/ext/pb_ds/detail/binomial_heap_base_/split_join_fn_imps.hpp
/usr/include/c++/4.8.2/ext/pb_ds/detail/branch_policy/branch_policy.hpp
/usr/include/c++/4.8.2/ext/pb_ds/detail/branch_policy/null_node_metadata.hpp
/usr/include/c++/4.8.2/ext/pb_ds/detail/branch_policy/traits.hpp
/usr/include/c++/4.8.2/ext/pb_ds/detail/cc_hash_table_map_/cc_ht_map_.hpp
/usr/include/c++/4.8.2/ext/pb_ds/detail/cc_hash_table_map_/cmp_fn_imps.hpp
/usr/include/c++/4.8.2/ext/pb_ds/detail/cc_hash_table_map_/cond_key_dtor_entry_dealtor.hpp
/usr/include/c++/4.8.2/ext/pb_ds/detail/cc_hash_table_map_/constructor_destructor_fn_imps.hpp
/usr/include/c++/4.8.2/ext/pb_ds/detail/cc_hash_table_map_/constructor_destructor_no_store_hash_fn_imps.hpp
/usr/include/c++/4.8.2/ext/pb_ds/detail/cc_hash_table_map_/constructor_destructor_store_hash_fn_imps.hpp
/usr/include/c++/4.8.2/ext/pb_ds/detail/cc_hash_table_map_/debug_fn_imps.hpp
/usr/include/c++/4.8.2/ext/pb_ds/detail/cc_hash_table_map_/debug_no_store_hash_fn_imps.hpp
/usr/include/c++/4.8.2/ext/pb_ds/detail/cc_hash_table_map_/debug_store_hash_fn_imps.hpp
/usr/include/c++/4.8.2/ext/pb_ds/detail/cc_hash_table_map_/entry_list_fn_imps.hpp
/usr/include/c++/4.8.2/ext/pb_ds/detail/cc_hash_table_map_/erase_fn_imps.hpp
/usr/include/c++/4.8.2/ext/pb_ds/detail/cc_hash_table_map_/erase_no_store_hash_fn_imps.hpp
/usr/include/c++/4.8.2/ext/pb_ds/detail/cc_hash_table_map_/erase_store_hash_fn_imps.hpp
/usr/include/c++/4.8.2/ext/pb_ds/detail/cc_hash_table_map_/find_fn_imps.hpp
/usr/include/c++/4.8.2/ext/pb_ds/detail/cc_hash_table_map_/find_store_hash_fn_imps.hpp
/usr/include/c++/4.8.2/ext/pb_ds/detail/cc_hash_table_map_/info_fn_imps.hpp
/usr/include/c++/4.8.2/ext/pb_ds/detail/cc_hash_table_map_/insert_fn_imps.hpp
/usr/include/c++/4.8.2/ext/pb_ds/detail/cc_hash_table_map_/insert_no_store_hash_fn_imps.hpp
/usr/include/c++/4.8.2/ext/pb_ds/detail/cc_hash_table_map_/insert_store_hash_fn_imps.hpp
/usr/include/c++/4.8.2/ext/pb_ds/detail/cc_hash_table_map_/iterators_fn_imps.hpp
/usr/include/c++/4.8.2/ext/pb_ds/detail/cc_hash_table_map_/policy_access_fn_imps.hpp
/usr/include/c++/4.8.2/ext/pb_ds/detail/cc_hash_table_map_/resize_fn_imps.hpp
/usr/include/c++/4.8.2/ext/pb_ds/detail/cc_hash_table_map_/resize_no_store_hash_fn_imps.hpp
/usr/include/c++/4.8.2/ext/pb_ds/detail/cc_hash_table_map_/resize_store_hash_fn_imps.hpp
/usr/include/c++/4.8.2/ext/pb_ds/detail/cc_hash_table_map_/size_fn_imps.hpp
/usr/include/c++/4.8.2/ext/pb_ds/detail/cc_hash_table_map_/trace_fn_imps.hpp
/usr/include/c++/4.8.2/ext/pb_ds/detail/eq_fn/eq_by_less.hpp
/usr/include/c++/4.8.2/ext/pb_ds/detail/eq_fn/hash_eq_fn.hpp
/usr/include/c++/4.8.2/ext/pb_ds/detail/gp_hash_table_map_/constructor_destructor_fn_imps.hpp
/usr/include/c++/4.8.2/ext/pb_ds/detail/gp_hash_table_map_/constructor_destructor_no_store_hash_fn_imps.hpp
/usr/include/c++/4.8.2/ext/pb_ds/detail/gp_hash_table_map_/constructor_destructor_store_hash_fn_imps.hpp
/usr/include/c++/4.8.2/ext/pb_ds/detail/gp_hash_table_map_/debug_fn_imps.hpp
/usr/include/c++/4.8.2/ext/pb_ds/detail/gp_hash_table_map_/debug_no_store_hash_fn_imps.hpp
/usr/include/c++/4.8.2/ext/pb_ds/detail/gp_hash_table_map_/debug_store_hash_fn_imps.hpp
/usr/include/c++/4.8.2/ext/pb_ds/detail/gp_hash_table_map_/erase_fn_imps.hpp
/usr/include/c++/4.8.2/ext/pb_ds/detail/gp_hash_table_map_/erase_no_store_hash_fn_imps.hpp
/usr/include/c++/4.8.2/ext/pb_ds/detail/gp_hash_table_map_/erase_store_hash_fn_imps.hpp
/usr/include/c++/4.8.2/ext/pb_ds/detail/gp_hash_table_map_/find_fn_imps.hpp
/usr/include/c++/4.8.2/ext/pb_ds/detail/gp_hash_table_map_/find_no_store_hash_fn_imps.hpp
/usr/include/c++/4.8.2/ext/pb_ds/detail/gp_hash_table_map_/find_store_hash_fn_imps.hpp
/usr/include/c++/4.8.2/ext/pb_ds/detail/gp_hash_table_map_/gp_ht_map_.hpp
/usr/include/c++/4.8.2/ext/pb_ds/detail/gp_hash_table_map_/info_fn_imps.hpp
/usr/include/c++/4.8.2/ext/pb_ds/detail/gp_hash_table_map_/insert_fn_imps.hpp
/usr/include/c++/4.8.2/ext/pb_ds/detail/gp_hash_table_map_/insert_no_store_hash_fn_imps.hpp
/usr/include/c++/4.8.2/ext/pb_ds/detail/gp_hash_table_map_/insert_store_hash_fn_imps.hpp
/usr/include/c++/4.8.2/ext/pb_ds/detail/gp_hash_table_map_/iterator_fn_imps.hpp
/usr/include/c++/4.8.2/ext/pb_ds/detail/gp_hash_table_map_/policy_access_fn_imps.hpp
/usr/include/c++/4.8.2/ext/pb_ds/detail/gp_hash_table_map_/resize_fn_imps.hpp
/usr/include/c++/4.8.2/ext/pb_ds/detail/gp_hash_table_map_/resize_no_store_hash_fn_imps.hpp
/usr/include/c++/4.8.2/ext/pb_ds/detail/gp_hash_table_map_/resize_store_hash_fn_imps.hpp
/usr/include/c++/4.8.2/ext/pb_ds/detail/gp_hash_table_map_/trace_fn_imps.hpp
/usr/include/c++/4.8.2/ext/pb_ds/detail/hash_fn/direct_mask_range_hashing_imp.hpp
/usr/include/c++/4.8.2/ext/pb_ds/detail/hash_fn/direct_mod_range_hashing_imp.hpp
/usr/include/c++/4.8.2/ext/pb_ds/detail/hash_fn/linear_probe_fn_imp.hpp
/usr/include/c++/4.8.2/ext/pb_ds/detail/hash_fn/mask_based_range_hashing.hpp
/usr/include/c++/4.8.2/ext/pb_ds/detail/hash_fn/mod_based_range_hashing.hpp
/usr/include/c++/4.8.2/ext/pb_ds/detail/hash_fn/probe_fn_base.hpp
/usr/include/c++/4.8.2/ext/pb_ds/detail/hash_fn/quadratic_probe_fn_imp.hpp
/usr/include/c++/4.8.2/ext/pb_ds/detail/hash_fn/ranged_hash_fn.hpp
/usr/include/c++/4.8.2/ext/pb_ds/detail/hash_fn/ranged_probe_fn.hpp
/usr/include/c++/4.8.2/ext/pb_ds/detail/hash_fn/sample_probe_fn.hpp
/usr/include/c++/4.8.2/ext/pb_ds/detail/hash_fn/sample_range_hashing.hpp
/usr/include/c++/4.8.2/ext/pb_ds/detail/hash_fn/sample_ranged_hash_fn.hpp
/usr/include/c++/4.8.2/ext/pb_ds/detail/hash_fn/sample_ranged_probe_fn.hpp
/usr/include/c++/4.8.2/ext/pb_ds/detail/left_child_next_sibling_heap_/const_iterator.hpp
/usr/include/c++/4.8.2/ext/pb_ds/detail/left_child_next_sibling_heap_/constructors_destructor_fn_imps.hpp
/usr/include/c++/4.8.2/ext/pb_ds/detail/left_child_next_sibling_heap_/debug_fn_imps.hpp
/usr/include/c++/4.8.2/ext/pb_ds/detail/left_child_next_sibling_heap_/erase_fn_imps.hpp
/usr/include/c++/4.8.2/ext/pb_ds/detail/left_child_next_sibling_heap_/info_fn_imps.hpp
/usr/include/c++/4.8.2/ext/pb_ds/detail/left_child_next_sibling_heap_/insert_fn_imps.hpp
/usr/include/c++/4.8.2/ext/pb_ds/detail/left_child_next_sibling_heap_/iterators_fn_imps.hpp
/usr/include/c++/4.8.2/ext/pb_ds/detail/left_child_next_sibling_heap_/left_child_next_sibling_heap_.hpp
/usr/include/c++/4.8.2/ext/pb_ds/detail/left_child_next_sibling_heap_/node.hpp
/usr/include/c++/4.8.2/ext/pb_ds/detail/left_child_next_sibling_heap_/point_const_iterator.hpp
/usr/include/c++/4.8.2/ext/pb_ds/detail/left_child_next_sibling_heap_/policy_access_fn_imps.hpp
/usr/include/c++/4.8.2/ext/pb_ds/detail/left_child_next_sibling_heap_/trace_fn_imps.hpp
/usr/include/c++/4.8.2/ext/pb_ds/detail/list_update_map_/constructor_destructor_fn_imps.hpp
/usr/include/c++/4.8.2/ext/pb_ds/detail/list_update_map_/debug_fn_imps.hpp
/usr/include/c++/4.8.2/ext/pb_ds/detail/list_update_map_/entry_metadata_base.hpp
/usr/include/c++/4.8.2/ext/pb_ds/detail/list_update_map_/erase_fn_imps.hpp
/usr/include/c++/4.8.2/ext/pb_ds/detail/list_update_map_/find_fn_imps.hpp
/usr/include/c++/4.8.2/ext/pb_ds/detail/list_update_map_/info_fn_imps.hpp
/usr/include/c++/4.8.2/ext/pb_ds/detail/list_update_map_/insert_fn_imps.hpp
/usr/include/c++/4.8.2/ext/pb_ds/detail/list_update_map_/iterators_fn_imps.hpp
/usr/include/c++/4.8.2/ext/pb_ds/detail/list_update_map_/lu_map_.hpp
/usr/include/c++/4.8.2/ext/pb_ds/detail/list_update_map_/trace_fn_imps.hpp
/usr/include/c++/4.8.2/ext/pb_ds/detail/list_update_policy/lu_counter_metadata.hpp
/usr/include/c++/4.8.2/ext/pb_ds/detail/list_update_policy/sample_update_policy.hpp
/usr/include/c++/4.8.2/ext/pb_ds/detail/ov_tree_map_/constructors_destructor_fn_imps.hpp
/usr/include/c++/4.8.2/ext/pb_ds/detail/ov_tree_map_/debug_fn_imps.hpp
/usr/include/c++/4.8.2/ext/pb_ds/detail/ov_tree_map_/erase_fn_imps.hpp
/usr/include/c++/4.8.2/ext/pb_ds/detail/ov_tree_map_/info_fn_imps.hpp
/usr/include/c++/4.8.2/ext/pb_ds/detail/ov_tree_map_/insert_fn_imps.hpp
/usr/include/c++/4.8.2/ext/pb_ds/detail/ov_tree_map_/iterators_fn_imps.hpp
/usr/include/c++/4.8.2/ext/pb_ds/detail/ov_tree_map_/node_iterators.hpp
/usr/include/c++/4.8.2/ext/pb_ds/detail/ov_tree_map_/ov_tree_map_.hpp
/usr/include/c++/4.8.2/ext/pb_ds/detail/ov_tree_map_/policy_access_fn_imps.hpp
/usr/include/c++/4.8.2/ext/pb_ds/detail/ov_tree_map_/split_join_fn_imps.hpp
/usr/include/c++/4.8.2/ext/pb_ds/detail/ov_tree_map_/traits.hpp
/usr/include/c++/4.8.2/ext/pb_ds/detail/pairing_heap_/constructors_destructor_fn_imps.hpp
/usr/include/c++/4.8.2/ext/pb_ds/detail/pairing_heap_/debug_fn_imps.hpp
/usr/include/c++/4.8.2/ext/pb_ds/detail/pairing_heap_/erase_fn_imps.hpp
/usr/include/c++/4.8.2/ext/pb_ds/detail/pairing_heap_/find_fn_imps.hpp
/usr/include/c++/4.8.2/ext/pb_ds/detail/pairing_heap_/insert_fn_imps.hpp
/usr/include/c++/4.8.2/ext/pb_ds/detail/pairing_heap_/pairing_heap_.hpp
/usr/include/c++/4.8.2/ext/pb_ds/detail/pairing_heap_/split_join_fn_imps.hpp
/usr/include/c++/4.8.2/ext/pb_ds/detail/pat_trie_/constructors_destructor_fn_imps.hpp
/usr/include/c++/4.8.2/ext/pb_ds/detail/pat_trie_/debug_fn_imps.hpp
/usr/include/c++/4.8.2/ext/pb_ds/detail/pat_trie_/erase_fn_imps.hpp
/usr/include/c++/4.8.2/ext/pb_ds/detail/pat_trie_/find_fn_imps.hpp
/usr/include/c++/4.8.2/ext/pb_ds/detail/pat_trie_/info_fn_imps.hpp
/usr/include/c++/4.8.2/ext/pb_ds/detail/pat_trie_/insert_join_fn_imps.hpp
/usr/include/c++/4.8.2/ext/pb_ds/detail/pat_trie_/iterators_fn_imps.hpp
/usr/include/c++/4.8.2/ext/pb_ds/detail/pat_trie_/pat_trie_.hpp
/usr/include/c++/4.8.2/ext/pb_ds/detail/pat_trie_/pat_trie_base.hpp
/usr/include/c++/4.8.2/ext/pb_ds/detail/pat_trie_/policy_access_fn_imps.hpp
/usr/include/c++/4.8.2/ext/pb_ds/detail/pat_trie_/r_erase_fn_imps.hpp
/usr/include/c++/4.8.2/ext/pb_ds/detail/pat_trie_/rotate_fn_imps.hpp
/usr/include/c++/4.8.2/ext/pb_ds/detail/pat_trie_/split_fn_imps.hpp
/usr/include/c++/4.8.2/ext/pb_ds/detail/pat_trie_/synth_access_traits.hpp
/usr/include/c++/4.8.2/ext/pb_ds/detail/pat_trie_/trace_fn_imps.hpp
/usr/include/c++/4.8.2/ext/pb_ds/detail/pat_trie_/traits.hpp
/usr/include/c++/4.8.2/ext/pb_ds/detail/pat_trie_/update_fn_imps.hpp
/usr/include/c++/4.8.2/ext/pb_ds/detail/rb_tree_map_/constructors_destructor_fn_imps.hpp
/usr/include/c++/4.8.2/ext/pb_ds/detail/rb_tree_map_/debug_fn_imps.hpp
/usr/include/c++/4.8.2/ext/pb_ds/detail/rb_tree_map_/erase_fn_imps.hpp
/usr/include/c++/4.8.2/ext/pb_ds/detail/rb_tree_map_/find_fn_imps.hpp
/usr/include/c++/4.8.2/ext/pb_ds/detail/rb_tree_map_/info_fn_imps.hpp
/usr/include/c++/4.8.2/ext/pb_ds/detail/rb_tree_map_/insert_fn_imps.hpp
/usr/include/c++/4.8.2/ext/pb_ds/detail/rb_tree_map_/node.hpp
/usr/include/c++/4.8.2/ext/pb_ds/detail/rb_tree_map_/rb_tree_.hpp
/usr/include/c++/4.8.2/ext/pb_ds/detail/rb_tree_map_/split_join_fn_imps.hpp
/usr/include/c++/4.8.2/ext/pb_ds/detail/rb_tree_map_/traits.hpp
/usr/include/c++/4.8.2/ext/pb_ds/detail/rc_binomial_heap_/constructors_destructor_fn_imps.hpp
/usr/include/c++/4.8.2/ext/pb_ds/detail/rc_binomial_heap_/debug_fn_imps.hpp
/usr/include/c++/4.8.2/ext/pb_ds/detail/rc_binomial_heap_/erase_fn_imps.hpp
/usr/include/c++/4.8.2/ext/pb_ds/detail/rc_binomial_heap_/insert_fn_imps.hpp
/usr/include/c++/4.8.2/ext/pb_ds/detail/rc_binomial_heap_/rc.hpp
/usr/include/c++/4.8.2/ext/pb_ds/detail/rc_binomial_heap_/rc_binomial_heap_.hpp
/usr/include/c++/4.8.2/ext/pb_ds/detail/rc_binomial_heap_/split_join_fn_imps.hpp
/usr/include/c++/4.8.2/ext/pb_ds/detail/rc_binomial_heap_/trace_fn_imps.hpp
/usr/include/c++/4.8.2/ext/pb_ds/detail/resize_policy/cc_hash_max_collision_check_resize_trigger_imp.hpp
/usr/include/c++/4.8.2/ext/pb_ds/detail/resize_policy/hash_exponential_size_policy_imp.hpp
/usr/include/c++/4.8.2/ext/pb_ds/detail/resize_policy/hash_load_check_resize_trigger_imp.hpp
/usr/include/c++/4.8.2/ext/pb_ds/detail/resize_policy/hash_load_check_resize_trigger_size_base.hpp
/usr/include/c++/4.8.2/ext/pb_ds/detail/resize_policy/hash_prime_size_policy_imp.hpp
/usr/include/c++/4.8.2/ext/pb_ds/detail/resize_policy/hash_standard_resize_policy_imp.hpp
/usr/include/c++/4.8.2/ext/pb_ds/detail/resize_policy/sample_resize_policy.hpp
/usr/include/c++/4.8.2/ext/pb_ds/detail/resize_policy/sample_resize_trigger.hpp
/usr/include/c++/4.8.2/ext/pb_ds/detail/resize_policy/sample_size_policy.hpp
/usr/include/c++/4.8.2/ext/pb_ds/detail/splay_tree_/constructors_destructor_fn_imps.hpp
/usr/include/c++/4.8.2/ext/pb_ds/detail/splay_tree_/debug_fn_imps.hpp
/usr/include/c++/4.8.2/ext/pb_ds/detail/splay_tree_/erase_fn_imps.hpp
/usr/include/c++/4.8.2/ext/pb_ds/detail/splay_tree_/find_fn_imps.hpp
/usr/include/c++/4.8.2/ext/pb_ds/detail/splay_tree_/info_fn_imps.hpp
/usr/include/c++/4.8.2/ext/pb_ds/detail/splay_tree_/insert_fn_imps.hpp
/usr/include/c++/4.8.2/ext/pb_ds/detail/splay_tree_/node.hpp
/usr/include/c++/4.8.2/ext/pb_ds/detail/splay_tree_/splay_fn_imps.hpp
/usr/include/c++/4.8.2/ext/pb_ds/detail/splay_tree_/splay_tree_.hpp
/usr/include/c++/4.8.2/ext/pb_ds/detail/splay_tree_/split_join_fn_imps.hpp
/usr/include/c++/4.8.2/ext/pb_ds/detail/splay_tree_/traits.hpp
/usr/include/c++/4.8.2/ext/pb_ds/detail/thin_heap_/constructors_destructor_fn_imps.hpp
/usr/include/c++/4.8.2/ext/pb_ds/detail/thin_heap_/debug_fn_imps.hpp
/usr/include/c++/4.8.2/ext/pb_ds/detail/thin_heap_/erase_fn_imps.hpp
/usr/include/c++/4.8.2/ext/pb_ds/detail/thin_heap_/find_fn_imps.hpp
/usr/include/c++/4.8.2/ext/pb_ds/detail/thin_heap_/insert_fn_imps.hpp
/usr/include/c++/4.8.2/ext/pb_ds/detail/thin_heap_/split_join_fn_imps.hpp
/usr/include/c++/4.8.2/ext/pb_ds/detail/thin_heap_/thin_heap_.hpp
/usr/include/c++/4.8.2/ext/pb_ds/detail/thin_heap_/trace_fn_imps.hpp
/usr/include/c++/4.8.2/ext/pb_ds/detail/tree_policy/node_metadata_selector.hpp
/usr/include/c++/4.8.2/ext/pb_ds/detail/tree_policy/order_statistics_imp.hpp
/usr/include/c++/4.8.2/ext/pb_ds/detail/tree_policy/sample_tree_node_update.hpp
/usr/include/c++/4.8.2/ext/pb_ds/detail/trie_policy/node_metadata_selector.hpp
/usr/include/c++/4.8.2/ext/pb_ds/detail/trie_policy/order_statistics_imp.hpp
/usr/include/c++/4.8.2/ext/pb_ds/detail/trie_policy/prefix_search_node_update_imp.hpp
/usr/include/c++/4.8.2/ext/pb_ds/detail/trie_policy/sample_trie_access_traits.hpp
/usr/include/c++/4.8.2/ext/pb_ds/detail/trie_policy/sample_trie_node_update.hpp
/usr/include/c++/4.8.2/ext/pb_ds/detail/trie_policy/trie_policy_base.hpp
/usr/include/c++/4.8.2/ext/pb_ds/detail/trie_policy/trie_string_access_traits_imp.hpp
/usr/include/c++/4.8.2/ext/pb_ds/detail/unordered_iterator/const_iterator.hpp
/usr/include/c++/4.8.2/ext/pb_ds/detail/unordered_iterator/iterator.hpp
/usr/include/c++/4.8.2/ext/pb_ds/detail/unordered_iterator/point_const_iterator.hpp
/usr/include/c++/4.8.2/ext/pb_ds/detail/unordered_iterator/point_iterator.hpp
/usr/include/c++/4.8.2/parallel/algo.h
/usr/include/c++/4.8.2/parallel/algobase.h
/usr/include/c++/4.8.2/parallel/algorithm
/usr/include/c++/4.8.2/parallel/algorithmfwd.h
/usr/include/c++/4.8.2/parallel/balanced_quicksort.h
/usr/include/c++/4.8.2/parallel/base.h
/usr/include/c++/4.8.2/parallel/basic_iterator.h
/usr/include/c++/4.8.2/parallel/checkers.h
/usr/include/c++/4.8.2/parallel/compatibility.h
/usr/include/c++/4.8.2/parallel/compiletime_settings.h
/usr/include/c++/4.8.2/parallel/equally_split.h
/usr/include/c++/4.8.2/parallel/features.h
/usr/include/c++/4.8.2/parallel/find.h
/usr/include/c++/4.8.2/parallel/find_selectors.h
/usr/include/c++/4.8.2/parallel/for_each.h
/usr/include/c++/4.8.2/parallel/for_each_selectors.h
/usr/include/c++/4.8.2/parallel/iterator.h
/usr/include/c++/4.8.2/parallel/list_partition.h
/usr/include/c++/4.8.2/parallel/losertree.h
/usr/include/c++/4.8.2/parallel/merge.h
/usr/include/c++/4.8.2/parallel/multiseq_selection.h
/usr/include/c++/4.8.2/parallel/multiway_merge.h
/usr/include/c++/4.8.2/parallel/multiway_mergesort.h
/usr/include/c++/4.8.2/parallel/numeric
/usr/include/c++/4.8.2/parallel/numericfwd.h
/usr/include/c++/4.8.2/parallel/omp_loop.h
/usr/include/c++/4.8.2/parallel/omp_loop_static.h
/usr/include/c++/4.8.2/parallel/par_loop.h
/usr/include/c++/4.8.2/parallel/parallel.h
/usr/include/c++/4.8.2/parallel/partial_sum.h
/usr/include/c++/4.8.2/parallel/partition.h
/usr/include/c++/4.8.2/parallel/queue.h
/usr/include/c++/4.8.2/parallel/quicksort.h
/usr/include/c++/4.8.2/parallel/random_number.h
/usr/include/c++/4.8.2/parallel/random_shuffle.h
/usr/include/c++/4.8.2/parallel/search.h
/usr/include/c++/4.8.2/parallel/set_operations.h
/usr/include/c++/4.8.2/parallel/settings.h
/usr/include/c++/4.8.2/parallel/sort.h
/usr/include/c++/4.8.2/parallel/tags.h
/usr/include/c++/4.8.2/parallel/types.h
/usr/include/c++/4.8.2/parallel/unique_copy.h
/usr/include/c++/4.8.2/parallel/workstealing.h
/usr/include/c++/4.8.2/profile/array
/usr/include/c++/4.8.2/profile/base.h
/usr/include/c++/4.8.2/profile/bitset
/usr/include/c++/4.8.2/profile/deque
/usr/include/c++/4.8.2/profile/forward_list
/usr/include/c++/4.8.2/profile/impl
/usr/include/c++/4.8.2/profile/iterator_tracker.h
/usr/include/c++/4.8.2/profile/list
/usr/include/c++/4.8.2/profile/map
/usr/include/c++/4.8.2/profile/map.h
/usr/include/c++/4.8.2/profile/multimap.h
/usr/include/c++/4.8.2/profile/multiset.h
/usr/include/c++/4.8.2/profile/set
/usr/include/c++/4.8.2/profile/set.h
/usr/include/c++/4.8.2/profile/unordered_base.h
/usr/include/c++/4.8.2/profile/unordered_map
/usr/include/c++/4.8.2/profile/unordered_set
/usr/include/c++/4.8.2/profile/vector
/usr/include/c++/4.8.2/profile/impl/profiler.h
/usr/include/c++/4.8.2/profile/impl/profiler_algos.h
/usr/include/c++/4.8.2/profile/impl/profiler_container_size.h
/usr/include/c++/4.8.2/profile/impl/profiler_hash_func.h
/usr/include/c++/4.8.2/profile/impl/profiler_hashtable_size.h
/usr/include/c++/4.8.2/profile/impl/profiler_list_to_slist.h
/usr/include/c++/4.8.2/profile/impl/profiler_list_to_vector.h
/usr/include/c++/4.8.2/profile/impl/profiler_map_to_unordered_map.h
/usr/include/c++/4.8.2/profile/impl/profiler_node.h
/usr/include/c++/4.8.2/profile/impl/profiler_state.h
/usr/include/c++/4.8.2/profile/impl/profiler_trace.h
/usr/include/c++/4.8.2/profile/impl/profiler_vector_size.h
/usr/include/c++/4.8.2/profile/impl/profiler_vector_to_list.h
/usr/include/c++/4.8.2/tr1/array
/usr/include/c++/4.8.2/tr1/bessel_function.tcc
/usr/include/c++/4.8.2/tr1/beta_function.tcc
/usr/include/c++/4.8.2/tr1/ccomplex
/usr/include/c++/4.8.2/tr1/cctype
/usr/include/c++/4.8.2/tr1/cfenv
/usr/include/c++/4.8.2/tr1/cfloat
/usr/include/c++/4.8.2/tr1/cinttypes
/usr/include/c++/4.8.2/tr1/climits
/usr/include/c++/4.8.2/tr1/cmath
/usr/include/c++/4.8.2/tr1/complex
/usr/include/c++/4.8.2/tr1/complex.h
/usr/include/c++/4.8.2/tr1/cstdarg
/usr/include/c++/4.8.2/tr1/cstdbool
/usr/include/c++/4.8.2/tr1/cstdint
/usr/include/c++/4.8.2/tr1/cstdio
/usr/include/c++/4.8.2/tr1/cstdlib
/usr/include/c++/4.8.2/tr1/ctgmath
/usr/include/c++/4.8.2/tr1/ctime
/usr/include/c++/4.8.2/tr1/ctype.h
/usr/include/c++/4.8.2/tr1/cwchar
/usr/include/c++/4.8.2/tr1/cwctype
/usr/include/c++/4.8.2/tr1/ell_integral.tcc
/usr/include/c++/4.8.2/tr1/exp_integral.tcc
/usr/include/c++/4.8.2/tr1/fenv.h
/usr/include/c++/4.8.2/tr1/float.h
/usr/include/c++/4.8.2/tr1/functional
/usr/include/c++/4.8.2/tr1/functional_hash.h
/usr/include/c++/4.8.2/tr1/gamma.tcc
/usr/include/c++/4.8.2/tr1/hashtable.h
/usr/include/c++/4.8.2/tr1/hashtable_policy.h
/usr/include/c++/4.8.2/tr1/hypergeometric.tcc
/usr/include/c++/4.8.2/tr1/inttypes.h
/usr/include/c++/4.8.2/tr1/legendre_function.tcc
/usr/include/c++/4.8.2/tr1/limits.h
/usr/include/c++/4.8.2/tr1/math.h
/usr/include/c++/4.8.2/tr1/memory
/usr/include/c++/4.8.2/tr1/modified_bessel_func.tcc
/usr/include/c++/4.8.2/tr1/poly_hermite.tcc
/usr/include/c++/4.8.2/tr1/poly_laguerre.tcc
/usr/include/c++/4.8.2/tr1/random
/usr/include/c++/4.8.2/tr1/random.h
/usr/include/c++/4.8.2/tr1/random.tcc
/usr/include/c++/4.8.2/tr1/regex
/usr/include/c++/4.8.2/tr1/riemann_zeta.tcc
/usr/include/c++/4.8.2/tr1/shared_ptr.h
/usr/include/c++/4.8.2/tr1/special_function_util.h
/usr/include/c++/4.8.2/tr1/stdarg.h
/usr/include/c++/4.8.2/tr1/stdbool.h
/usr/include/c++/4.8.2/tr1/stdint.h
/usr/include/c++/4.8.2/tr1/stdio.h
/usr/include/c++/4.8.2/tr1/stdlib.h
/usr/include/c++/4.8.2/tr1/tgmath.h
/usr/include/c++/4.8.2/tr1/tuple
/usr/include/c++/4.8.2/tr1/type_traits
/usr/include/c++/4.8.2/tr1/unordered_map
/usr/include/c++/4.8.2/tr1/unordered_map.h
/usr/include/c++/4.8.2/tr1/unordered_set
/usr/include/c++/4.8.2/tr1/unordered_set.h
/usr/include/c++/4.8.2/tr1/utility
/usr/include/c++/4.8.2/tr1/wchar.h
/usr/include/c++/4.8.2/tr1/wctype.h
/usr/include/c++/4.8.2/tr2/bool_set
/usr/include/c++/4.8.2/tr2/bool_set.tcc
/usr/include/c++/4.8.2/tr2/dynamic_bitset
/usr/include/c++/4.8.2/tr2/ratio
/usr/include/c++/4.8.2/tr2/type_traits
/usr/include/c++/4.8.2/x86_64-redhat-linux/32
/usr/include/c++/4.8.2/x86_64-redhat-linux/bits
/usr/include/c++/4.8.2/x86_64-redhat-linux/ext
/usr/include/c++/4.8.2/x86_64-redhat-linux/32/bits
/usr/include/c++/4.8.2/x86_64-redhat-linux/32/ext
/usr/include/c++/4.8.2/x86_64-redhat-linux/32/bits/atomic_word.h
/usr/include/c++/4.8.2/x86_64-redhat-linux/32/bits/basic_file.h
/usr/include/c++/4.8.2/x86_64-redhat-linux/32/bits/c++allocator.h
/usr/include/c++/4.8.2/x86_64-redhat-linux/32/bits/c++config.h
/usr/include/c++/4.8.2/x86_64-redhat-linux/32/bits/c++io.h
/usr/include/c++/4.8.2/x86_64-redhat-linux/32/bits/c++locale.h
/usr/include/c++/4.8.2/x86_64-redhat-linux/32/bits/cpu_defines.h
/usr/include/c++/4.8.2/x86_64-redhat-linux/32/bits/ctype_base.h
/usr/include/c++/4.8.2/x86_64-redhat-linux/32/bits/ctype_inline.h
/usr/include/c++/4.8.2/x86_64-redhat-linux/32/bits/cxxabi_tweaks.h
/usr/include/c++/4.8.2/x86_64-redhat-linux/32/bits/error_constants.h
/usr/include/c++/4.8.2/x86_64-redhat-linux/32/bits/extc++.h
/usr/include/c++/4.8.2/x86_64-redhat-linux/32/bits/gthr-default.h
/usr/include/c++/4.8.2/x86_64-redhat-linux/32/bits/gthr-posix.h
/usr/include/c++/4.8.2/x86_64-redhat-linux/32/bits/gthr-single.h
/usr/include/c++/4.8.2/x86_64-redhat-linux/32/bits/gthr.h
/usr/include/c++/4.8.2/x86_64-redhat-linux/32/bits/messages_members.h
/usr/include/c++/4.8.2/x86_64-redhat-linux/32/bits/opt_random.h
/usr/include/c++/4.8.2/x86_64-redhat-linux/32/bits/os_defines.h
/usr/include/c++/4.8.2/x86_64-redhat-linux/32/bits/stdc++.h
/usr/include/c++/4.8.2/x86_64-redhat-linux/32/bits/stdtr1c++.h
/usr/include/c++/4.8.2/x86_64-redhat-linux/32/bits/time_members.h
/usr/include/c++/4.8.2/x86_64-redhat-linux/32/ext/opt_random.h
/usr/include/c++/4.8.2/x86_64-redhat-linux/bits/atomic_word.h
/usr/include/c++/4.8.2/x86_64-redhat-linux/bits/basic_file.h
/usr/include/c++/4.8.2/x86_64-redhat-linux/bits/c++allocator.h
/usr/include/c++/4.8.2/x86_64-redhat-linux/bits/c++config.h
/usr/include/c++/4.8.2/x86_64-redhat-linux/bits/c++io.h
/usr/include/c++/4.8.2/x86_64-redhat-linux/bits/c++locale.h
/usr/include/c++/4.8.2/x86_64-redhat-linux/bits/cpu_defines.h
/usr/include/c++/4.8.2/x86_64-redhat-linux/bits/ctype_base.h
/usr/include/c++/4.8.2/x86_64-redhat-linux/bits/ctype_inline.h
/usr/include/c++/4.8.2/x86_64-redhat-linux/bits/cxxabi_tweaks.h
/usr/include/c++/4.8.2/x86_64-redhat-linux/bits/error_constants.h
/usr/include/c++/4.8.2/x86_64-redhat-linux/bits/extc++.h
/usr/include/c++/4.8.2/x86_64-redhat-linux/bits/gthr-default.h
/usr/include/c++/4.8.2/x86_64-redhat-linux/bits/gthr-posix.h
/usr/include/c++/4.8.2/x86_64-redhat-linux/bits/gthr-single.h
/usr/include/c++/4.8.2/x86_64-redhat-linux/bits/gthr.h
/usr/include/c++/4.8.2/x86_64-redhat-linux/bits/messages_members.h
/usr/include/c++/4.8.2/x86_64-redhat-linux/bits/opt_random.h
/usr/include/c++/4.8.2/x86_64-redhat-linux/bits/os_defines.h
/usr/include/c++/4.8.2/x86_64-redhat-linux/bits/stdc++.h
/usr/include/c++/4.8.2/x86_64-redhat-linux/bits/stdtr1c++.h
/usr/include/c++/4.8.2/x86_64-redhat-linux/bits/time_members.h
/usr/include/c++/4.8.2/x86_64-redhat-linux/ext/opt_random.h
/usr/lib/gcc/x86_64-redhat-linux/4.8.2/libstdc++.so
/usr/lib/gcc/x86_64-redhat-linux/4.8.2/32/libstdc++.a
/usr/lib/gcc/x86_64-redhat-linux/4.8.2/32/libstdc++.so
/usr/lib/gcc/x86_64-redhat-linux/4.8.2/32/libsupc++.a
/usr/lib64/libstdc++.so.6
/usr/lib64/libstdc++.so.6.0.19
/usr/share/bison/c++-skel.m4
/usr/share/bison/c++.m4
/usr/share/code/resources/app/extensions/objective-c/syntaxes/objective-c++.tmLanguage.json
/usr/share/doc/gcc-c++-4.8.5
/usr/share/doc/libsigc++20-2.10.0
/usr/share/doc/libstdc++-devel-4.8.5
/usr/share/doc/gcc-c++-4.8.5/ChangeLog-1993.bz2
/usr/share/doc/gcc-c++-4.8.5/ChangeLog-1994.bz2
/usr/share/doc/gcc-c++-4.8.5/ChangeLog-1995.bz2
/usr/share/doc/gcc-c++-4.8.5/ChangeLog-1996.bz2
/usr/share/doc/gcc-c++-4.8.5/ChangeLog-1997.bz2
/usr/share/doc/gcc-c++-4.8.5/ChangeLog-1998.bz2
/usr/share/doc/gcc-c++-4.8.5/ChangeLog-1999.bz2
/usr/share/doc/gcc-c++-4.8.5/ChangeLog-2000.bz2
/usr/share/doc/gcc-c++-4.8.5/ChangeLog-2001.bz2
/usr/share/doc/gcc-c++-4.8.5/ChangeLog-2002.bz2
/usr/share/doc/gcc-c++-4.8.5/ChangeLog-2003.bz2
/usr/share/doc/gcc-c++-4.8.5/ChangeLog-2004.bz2
/usr/share/doc/gcc-c++-4.8.5/ChangeLog-2005.bz2
/usr/share/doc/gcc-c++-4.8.5/ChangeLog-2006.bz2
/usr/share/doc/gcc-c++-4.8.5/ChangeLog-2007.bz2
/usr/share/doc/gcc-c++-4.8.5/ChangeLog-2008.bz2
/usr/share/doc/gcc-c++-4.8.5/ChangeLog-2009.bz2
/usr/share/doc/gcc-c++-4.8.5/ChangeLog-2010.bz2
/usr/share/doc/gcc-c++-4.8.5/ChangeLog-2011.bz2
/usr/share/doc/gcc-c++-4.8.5/ChangeLog-2012.bz2
/usr/share/doc/gcc-c++-4.8.5/ChangeLog.bz2
/usr/share/doc/gcc-c++-4.8.5/ChangeLog.ptr.bz2
/usr/share/doc/gcc-c++-4.8.5/ChangeLog.tree-ssa.bz2
/usr/share/doc/libsigc++20-2.10.0/AUTHORS
/usr/share/doc/libsigc++20-2.10.0/NEWS
/usr/share/doc/libsigc++20-2.10.0/README
/usr/share/doc/libstdc++-devel-4.8.5/ChangeLog-1998.bz2
/usr/share/doc/libstdc++-devel-4.8.5/ChangeLog-1999.bz2
/usr/share/doc/libstdc++-devel-4.8.5/ChangeLog-2000.bz2
/usr/share/doc/libstdc++-devel-4.8.5/ChangeLog-2001.bz2
/usr/share/doc/libstdc++-devel-4.8.5/ChangeLog-2002.bz2
/usr/share/doc/libstdc++-devel-4.8.5/ChangeLog-2003.bz2
/usr/share/doc/libstdc++-devel-4.8.5/ChangeLog-2004.bz2
/usr/share/doc/libstdc++-devel-4.8.5/ChangeLog-2005.bz2
/usr/share/doc/libstdc++-devel-4.8.5/ChangeLog-2006.bz2
/usr/share/doc/libstdc++-devel-4.8.5/ChangeLog-2007.bz2
/usr/share/doc/libstdc++-devel-4.8.5/ChangeLog-2008.bz2
/usr/share/doc/libstdc++-devel-4.8.5/ChangeLog-2009.bz2
/usr/share/doc/libstdc++-devel-4.8.5/ChangeLog-2010.bz2
/usr/share/doc/libstdc++-devel-4.8.5/ChangeLog-2011.bz2
/usr/share/doc/libstdc++-devel-4.8.5/ChangeLog-2012.bz2
/usr/share/doc/libstdc++-devel-4.8.5/ChangeLog.bz2
/usr/share/doc/libstdc++-devel-4.8.5/README
/usr/share/gdb/auto-load/usr/lib64/libstdc++.so.6.0.19-gdb.py
/usr/share/gdb/auto-load/usr/lib64/libstdc++.so.6.0.19-gdb.pyc
/usr/share/gdb/auto-load/usr/lib64/libstdc++.so.6.0.19-gdb.pyo
/usr/share/icons/mate/16x16/mimetypes/text-x-c++hdr.png
/usr/share/icons/mate/16x16/mimetypes/text-x-c++src.png
/usr/share/icons/mate/22x22/mimetypes/text-x-c++hdr.png
/usr/share/icons/mate/22x22/mimetypes/text-x-c++src.png
/usr/share/icons/mate/24x24/mimetypes/text-x-c++hdr.png
/usr/share/icons/mate/24x24/mimetypes/text-x-c++src.png
/usr/share/icons/mate/256x256/mimetypes/text-x-c++hdr.png
/usr/share/icons/mate/256x256/mimetypes/text-x-c++src.png
/usr/share/icons/mate/32x32/mimetypes/text-x-c++hdr.png
/usr/share/icons/mate/32x32/mimetypes/text-x-c++src.png
/usr/share/icons/mate/48x48/mimetypes/text-x-c++hdr.png
/usr/share/icons/mate/48x48/mimetypes/text-x-c++src.png
/usr/share/licenses/libsigc++20-2.10.0
/usr/share/licenses/libsigc++20-2.10.0/COPYING
/usr/share/man/man1/c++filt.1.gz
/usr/share/mime/text/x-c++hdr.xml
/usr/share/mime/text/x-c++src.xml
/var/lib/alternatives/c++
[root@izj6c4rpqm2vq9jxie4xrmz bin]# locate c++ | grep -P "c\+\+$"
/etc/alternatives/c++
/opt/rh/devtoolset-8/root/usr/bin/c++
/opt/rh/devtoolset-8/root/usr/bin/x86_64-redhat-linux-c++
/opt/rh/devtoolset-8/root/usr/include/c++
/usr/bin/_c++
/usr/bin/c++
/usr/bin/x86_64-redhat-linux-c++
/usr/include/c++
/var/lib/alternatives/c++
[root@izj6c4rpqm2vq9jxie4xrmz bin]# locate gcc
/opt/rh/devtoolset-8/root/usr/bin/gcc
/opt/rh/devtoolset-8/root/usr/bin/gcc-ar
/opt/rh/devtoolset-8/root/usr/bin/gcc-nm
/opt/rh/devtoolset-8/root/usr/bin/gcc-ranlib
/opt/rh/devtoolset-8/root/usr/bin/i686-redhat-linux-gcc-8
/opt/rh/devtoolset-8/root/usr/bin/x86_64-redhat-linux-gcc
/opt/rh/devtoolset-8/root/usr/bin/x86_64-redhat-linux-gcc-8
/opt/rh/devtoolset-8/root/usr/lib/gcc
/opt/rh/devtoolset-8/root/usr/lib/gcc/x86_64-redhat-linux
/opt/rh/devtoolset-8/root/usr/lib/gcc/x86_64-redhat-linux/8
/opt/rh/devtoolset-8/root/usr/lib/gcc/x86_64-redhat-linux/8/32
/opt/rh/devtoolset-8/root/usr/lib/gcc/x86_64-redhat-linux/8/crtbegin.o
/opt/rh/devtoolset-8/root/usr/lib/gcc/x86_64-redhat-linux/8/crtbeginS.o
/opt/rh/devtoolset-8/root/usr/lib/gcc/x86_64-redhat-linux/8/crtbeginT.o
/opt/rh/devtoolset-8/root/usr/lib/gcc/x86_64-redhat-linux/8/crtend.o
/opt/rh/devtoolset-8/root/usr/lib/gcc/x86_64-redhat-linux/8/crtendS.o
/opt/rh/devtoolset-8/root/usr/lib/gcc/x86_64-redhat-linux/8/crtfastmath.o
/opt/rh/devtoolset-8/root/usr/lib/gcc/x86_64-redhat-linux/8/crtprec32.o
/opt/rh/devtoolset-8/root/usr/lib/gcc/x86_64-redhat-linux/8/crtprec64.o
/opt/rh/devtoolset-8/root/usr/lib/gcc/x86_64-redhat-linux/8/crtprec80.o
/opt/rh/devtoolset-8/root/usr/lib/gcc/x86_64-redhat-linux/8/finclude
/opt/rh/devtoolset-8/root/usr/lib/gcc/x86_64-redhat-linux/8/include
/opt/rh/devtoolset-8/root/usr/lib/gcc/x86_64-redhat-linux/8/libcaf_single.a
/opt/rh/devtoolset-8/root/usr/lib/gcc/x86_64-redhat-linux/8/libgcc.a
/opt/rh/devtoolset-8/root/usr/lib/gcc/x86_64-redhat-linux/8/libgcc_eh.a
/opt/rh/devtoolset-8/root/usr/lib/gcc/x86_64-redhat-linux/8/libgcc_s.so
/opt/rh/devtoolset-8/root/usr/lib/gcc/x86_64-redhat-linux/8/libgcov.a
/opt/rh/devtoolset-8/root/usr/lib/gcc/x86_64-redhat-linux/8/libgfortran.a
/opt/rh/devtoolset-8/root/usr/lib/gcc/x86_64-redhat-linux/8/libgfortran.so
/opt/rh/devtoolset-8/root/usr/lib/gcc/x86_64-redhat-linux/8/libgfortran.spec
/opt/rh/devtoolset-8/root/usr/lib/gcc/x86_64-redhat-linux/8/libgomp.a
/opt/rh/devtoolset-8/root/usr/lib/gcc/x86_64-redhat-linux/8/libgomp.so
/opt/rh/devtoolset-8/root/usr/lib/gcc/x86_64-redhat-linux/8/libgomp.spec
/opt/rh/devtoolset-8/root/usr/lib/gcc/x86_64-redhat-linux/8/libisl.so.15
/opt/rh/devtoolset-8/root/usr/lib/gcc/x86_64-redhat-linux/8/libitm.spec
/opt/rh/devtoolset-8/root/usr/lib/gcc/x86_64-redhat-linux/8/libquadmath.a
/opt/rh/devtoolset-8/root/usr/lib/gcc/x86_64-redhat-linux/8/libquadmath.so
/opt/rh/devtoolset-8/root/usr/lib/gcc/x86_64-redhat-linux/8/libsanitizer.spec
/opt/rh/devtoolset-8/root/usr/lib/gcc/x86_64-redhat-linux/8/libstdc++.a
/opt/rh/devtoolset-8/root/usr/lib/gcc/x86_64-redhat-linux/8/libstdc++.so
/opt/rh/devtoolset-8/root/usr/lib/gcc/x86_64-redhat-linux/8/libstdc++_nonshared.a
/opt/rh/devtoolset-8/root/usr/lib/gcc/x86_64-redhat-linux/8/libstdc++fs.a
/opt/rh/devtoolset-8/root/usr/lib/gcc/x86_64-redhat-linux/8/libsupc++.a
/opt/rh/devtoolset-8/root/usr/lib/gcc/x86_64-redhat-linux/8/rpmver
/opt/rh/devtoolset-8/root/usr/lib/gcc/x86_64-redhat-linux/8/32/crtbegin.o
/opt/rh/devtoolset-8/root/usr/lib/gcc/x86_64-redhat-linux/8/32/crtbeginS.o
/opt/rh/devtoolset-8/root/usr/lib/gcc/x86_64-redhat-linux/8/32/crtbeginT.o
/opt/rh/devtoolset-8/root/usr/lib/gcc/x86_64-redhat-linux/8/32/crtend.o
/opt/rh/devtoolset-8/root/usr/lib/gcc/x86_64-redhat-linux/8/32/crtendS.o
/opt/rh/devtoolset-8/root/usr/lib/gcc/x86_64-redhat-linux/8/32/crtfastmath.o
/opt/rh/devtoolset-8/root/usr/lib/gcc/x86_64-redhat-linux/8/32/crtprec32.o
/opt/rh/devtoolset-8/root/usr/lib/gcc/x86_64-redhat-linux/8/32/crtprec64.o
/opt/rh/devtoolset-8/root/usr/lib/gcc/x86_64-redhat-linux/8/32/crtprec80.o
/opt/rh/devtoolset-8/root/usr/lib/gcc/x86_64-redhat-linux/8/32/finclude
/opt/rh/devtoolset-8/root/usr/lib/gcc/x86_64-redhat-linux/8/32/libasan.a
/opt/rh/devtoolset-8/root/usr/lib/gcc/x86_64-redhat-linux/8/32/libasan.so
/opt/rh/devtoolset-8/root/usr/lib/gcc/x86_64-redhat-linux/8/32/libasan_preinit.o
/opt/rh/devtoolset-8/root/usr/lib/gcc/x86_64-redhat-linux/8/32/libatomic.a
/opt/rh/devtoolset-8/root/usr/lib/gcc/x86_64-redhat-linux/8/32/libatomic.so
/opt/rh/devtoolset-8/root/usr/lib/gcc/x86_64-redhat-linux/8/32/libcaf_single.a
/opt/rh/devtoolset-8/root/usr/lib/gcc/x86_64-redhat-linux/8/32/libgcc.a
/opt/rh/devtoolset-8/root/usr/lib/gcc/x86_64-redhat-linux/8/32/libgcc_eh.a
/opt/rh/devtoolset-8/root/usr/lib/gcc/x86_64-redhat-linux/8/32/libgcc_s.so
/opt/rh/devtoolset-8/root/usr/lib/gcc/x86_64-redhat-linux/8/32/libgccjit.so
/opt/rh/devtoolset-8/root/usr/lib/gcc/x86_64-redhat-linux/8/32/libgcov.a
/opt/rh/devtoolset-8/root/usr/lib/gcc/x86_64-redhat-linux/8/32/libgfortran.a
/opt/rh/devtoolset-8/root/usr/lib/gcc/x86_64-redhat-linux/8/32/libgfortran.so
/opt/rh/devtoolset-8/root/usr/lib/gcc/x86_64-redhat-linux/8/32/libgomp.a
/opt/rh/devtoolset-8/root/usr/lib/gcc/x86_64-redhat-linux/8/32/libgomp.so
/opt/rh/devtoolset-8/root/usr/lib/gcc/x86_64-redhat-linux/8/32/libitm.a
/opt/rh/devtoolset-8/root/usr/lib/gcc/x86_64-redhat-linux/8/32/libitm.so
/opt/rh/devtoolset-8/root/usr/lib/gcc/x86_64-redhat-linux/8/32/libquadmath.a
/opt/rh/devtoolset-8/root/usr/lib/gcc/x86_64-redhat-linux/8/32/libquadmath.so
/opt/rh/devtoolset-8/root/usr/lib/gcc/x86_64-redhat-linux/8/32/libstdc++.a
/opt/rh/devtoolset-8/root/usr/lib/gcc/x86_64-redhat-linux/8/32/libstdc++.so
/opt/rh/devtoolset-8/root/usr/lib/gcc/x86_64-redhat-linux/8/32/libstdc++_nonshared.a
/opt/rh/devtoolset-8/root/usr/lib/gcc/x86_64-redhat-linux/8/32/libstdc++fs.a
/opt/rh/devtoolset-8/root/usr/lib/gcc/x86_64-redhat-linux/8/32/libsupc++.a
/opt/rh/devtoolset-8/root/usr/lib/gcc/x86_64-redhat-linux/8/32/libubsan.a
/opt/rh/devtoolset-8/root/usr/lib/gcc/x86_64-redhat-linux/8/32/libubsan.so
/opt/rh/devtoolset-8/root/usr/lib/gcc/x86_64-redhat-linux/8/32/finclude/ieee_arithmetic.mod
/opt/rh/devtoolset-8/root/usr/lib/gcc/x86_64-redhat-linux/8/32/finclude/ieee_exceptions.mod
/opt/rh/devtoolset-8/root/usr/lib/gcc/x86_64-redhat-linux/8/32/finclude/ieee_features.mod
/opt/rh/devtoolset-8/root/usr/lib/gcc/x86_64-redhat-linux/8/32/finclude/omp_lib.f90
/opt/rh/devtoolset-8/root/usr/lib/gcc/x86_64-redhat-linux/8/32/finclude/omp_lib.h
/opt/rh/devtoolset-8/root/usr/lib/gcc/x86_64-redhat-linux/8/32/finclude/omp_lib.mod
/opt/rh/devtoolset-8/root/usr/lib/gcc/x86_64-redhat-linux/8/32/finclude/omp_lib_kinds.mod
/opt/rh/devtoolset-8/root/usr/lib/gcc/x86_64-redhat-linux/8/32/finclude/openacc.f90
/opt/rh/devtoolset-8/root/usr/lib/gcc/x86_64-redhat-linux/8/32/finclude/openacc.mod
/opt/rh/devtoolset-8/root/usr/lib/gcc/x86_64-redhat-linux/8/32/finclude/openacc_kinds.mod
/opt/rh/devtoolset-8/root/usr/lib/gcc/x86_64-redhat-linux/8/32/finclude/openacc_lib.h
/opt/rh/devtoolset-8/root/usr/lib/gcc/x86_64-redhat-linux/8/finclude/ieee_arithmetic.mod
/opt/rh/devtoolset-8/root/usr/lib/gcc/x86_64-redhat-linux/8/finclude/ieee_exceptions.mod
/opt/rh/devtoolset-8/root/usr/lib/gcc/x86_64-redhat-linux/8/finclude/ieee_features.mod
/opt/rh/devtoolset-8/root/usr/lib/gcc/x86_64-redhat-linux/8/finclude/omp_lib.f90
/opt/rh/devtoolset-8/root/usr/lib/gcc/x86_64-redhat-linux/8/finclude/omp_lib.h
/opt/rh/devtoolset-8/root/usr/lib/gcc/x86_64-redhat-linux/8/finclude/omp_lib.mod
/opt/rh/devtoolset-8/root/usr/lib/gcc/x86_64-redhat-linux/8/finclude/omp_lib_kinds.mod
/opt/rh/devtoolset-8/root/usr/lib/gcc/x86_64-redhat-linux/8/finclude/openacc.f90
/opt/rh/devtoolset-8/root/usr/lib/gcc/x86_64-redhat-linux/8/finclude/openacc.mod
/opt/rh/devtoolset-8/root/usr/lib/gcc/x86_64-redhat-linux/8/finclude/openacc_kinds.mod
/opt/rh/devtoolset-8/root/usr/lib/gcc/x86_64-redhat-linux/8/finclude/openacc_lib.h
/opt/rh/devtoolset-8/root/usr/lib/gcc/x86_64-redhat-linux/8/include/adxintrin.h
/opt/rh/devtoolset-8/root/usr/lib/gcc/x86_64-redhat-linux/8/include/ammintrin.h
/opt/rh/devtoolset-8/root/usr/lib/gcc/x86_64-redhat-linux/8/include/avx2intrin.h
/opt/rh/devtoolset-8/root/usr/lib/gcc/x86_64-redhat-linux/8/include/avx5124fmapsintrin.h
/opt/rh/devtoolset-8/root/usr/lib/gcc/x86_64-redhat-linux/8/include/avx5124vnniwintrin.h
/opt/rh/devtoolset-8/root/usr/lib/gcc/x86_64-redhat-linux/8/include/avx512bitalgintrin.h
/opt/rh/devtoolset-8/root/usr/lib/gcc/x86_64-redhat-linux/8/include/avx512bwintrin.h
/opt/rh/devtoolset-8/root/usr/lib/gcc/x86_64-redhat-linux/8/include/avx512cdintrin.h
/opt/rh/devtoolset-8/root/usr/lib/gcc/x86_64-redhat-linux/8/include/avx512dqintrin.h
/opt/rh/devtoolset-8/root/usr/lib/gcc/x86_64-redhat-linux/8/include/avx512erintrin.h
/opt/rh/devtoolset-8/root/usr/lib/gcc/x86_64-redhat-linux/8/include/avx512fintrin.h
/opt/rh/devtoolset-8/root/usr/lib/gcc/x86_64-redhat-linux/8/include/avx512ifmaintrin.h
/opt/rh/devtoolset-8/root/usr/lib/gcc/x86_64-redhat-linux/8/include/avx512ifmavlintrin.h
/opt/rh/devtoolset-8/root/usr/lib/gcc/x86_64-redhat-linux/8/include/avx512pfintrin.h
/opt/rh/devtoolset-8/root/usr/lib/gcc/x86_64-redhat-linux/8/include/avx512vbmi2intrin.h
/opt/rh/devtoolset-8/root/usr/lib/gcc/x86_64-redhat-linux/8/include/avx512vbmi2vlintrin.h
/opt/rh/devtoolset-8/root/usr/lib/gcc/x86_64-redhat-linux/8/include/avx512vbmiintrin.h
/opt/rh/devtoolset-8/root/usr/lib/gcc/x86_64-redhat-linux/8/include/avx512vbmivlintrin.h
/opt/rh/devtoolset-8/root/usr/lib/gcc/x86_64-redhat-linux/8/include/avx512vlbwintrin.h
/opt/rh/devtoolset-8/root/usr/lib/gcc/x86_64-redhat-linux/8/include/avx512vldqintrin.h
/opt/rh/devtoolset-8/root/usr/lib/gcc/x86_64-redhat-linux/8/include/avx512vlintrin.h
/opt/rh/devtoolset-8/root/usr/lib/gcc/x86_64-redhat-linux/8/include/avx512vnniintrin.h
/opt/rh/devtoolset-8/root/usr/lib/gcc/x86_64-redhat-linux/8/include/avx512vnnivlintrin.h
/opt/rh/devtoolset-8/root/usr/lib/gcc/x86_64-redhat-linux/8/include/avx512vpopcntdqintrin.h
/opt/rh/devtoolset-8/root/usr/lib/gcc/x86_64-redhat-linux/8/include/avx512vpopcntdqvlintrin.h
/opt/rh/devtoolset-8/root/usr/lib/gcc/x86_64-redhat-linux/8/include/avxintrin.h
/opt/rh/devtoolset-8/root/usr/lib/gcc/x86_64-redhat-linux/8/include/bmi2intrin.h
/opt/rh/devtoolset-8/root/usr/lib/gcc/x86_64-redhat-linux/8/include/bmiintrin.h
/opt/rh/devtoolset-8/root/usr/lib/gcc/x86_64-redhat-linux/8/include/bmmintrin.h
/opt/rh/devtoolset-8/root/usr/lib/gcc/x86_64-redhat-linux/8/include/cet.h
/opt/rh/devtoolset-8/root/usr/lib/gcc/x86_64-redhat-linux/8/include/cetintrin.h
/opt/rh/devtoolset-8/root/usr/lib/gcc/x86_64-redhat-linux/8/include/clflushoptintrin.h
/opt/rh/devtoolset-8/root/usr/lib/gcc/x86_64-redhat-linux/8/include/clwbintrin.h
/opt/rh/devtoolset-8/root/usr/lib/gcc/x86_64-redhat-linux/8/include/clzerointrin.h
/opt/rh/devtoolset-8/root/usr/lib/gcc/x86_64-redhat-linux/8/include/cpuid.h
/opt/rh/devtoolset-8/root/usr/lib/gcc/x86_64-redhat-linux/8/include/cross-stdarg.h
/opt/rh/devtoolset-8/root/usr/lib/gcc/x86_64-redhat-linux/8/include/emmintrin.h
/opt/rh/devtoolset-8/root/usr/lib/gcc/x86_64-redhat-linux/8/include/f16cintrin.h
/opt/rh/devtoolset-8/root/usr/lib/gcc/x86_64-redhat-linux/8/include/float.h
/opt/rh/devtoolset-8/root/usr/lib/gcc/x86_64-redhat-linux/8/include/fma4intrin.h
/opt/rh/devtoolset-8/root/usr/lib/gcc/x86_64-redhat-linux/8/include/fmaintrin.h
/opt/rh/devtoolset-8/root/usr/lib/gcc/x86_64-redhat-linux/8/include/fxsrintrin.h
/opt/rh/devtoolset-8/root/usr/lib/gcc/x86_64-redhat-linux/8/include/gcov.h
/opt/rh/devtoolset-8/root/usr/lib/gcc/x86_64-redhat-linux/8/include/gfniintrin.h
/opt/rh/devtoolset-8/root/usr/lib/gcc/x86_64-redhat-linux/8/include/ia32intrin.h
/opt/rh/devtoolset-8/root/usr/lib/gcc/x86_64-redhat-linux/8/include/immintrin.h
/opt/rh/devtoolset-8/root/usr/lib/gcc/x86_64-redhat-linux/8/include/iso646.h
/opt/rh/devtoolset-8/root/usr/lib/gcc/x86_64-redhat-linux/8/include/limits.h
/opt/rh/devtoolset-8/root/usr/lib/gcc/x86_64-redhat-linux/8/include/lwpintrin.h
/opt/rh/devtoolset-8/root/usr/lib/gcc/x86_64-redhat-linux/8/include/lzcntintrin.h
/opt/rh/devtoolset-8/root/usr/lib/gcc/x86_64-redhat-linux/8/include/mm3dnow.h
/opt/rh/devtoolset-8/root/usr/lib/gcc/x86_64-redhat-linux/8/include/mm_malloc.h
/opt/rh/devtoolset-8/root/usr/lib/gcc/x86_64-redhat-linux/8/include/mmintrin.h
/opt/rh/devtoolset-8/root/usr/lib/gcc/x86_64-redhat-linux/8/include/movdirintrin.h
/opt/rh/devtoolset-8/root/usr/lib/gcc/x86_64-redhat-linux/8/include/mwaitxintrin.h
/opt/rh/devtoolset-8/root/usr/lib/gcc/x86_64-redhat-linux/8/include/nmmintrin.h
/opt/rh/devtoolset-8/root/usr/lib/gcc/x86_64-redhat-linux/8/include/omp.h
/opt/rh/devtoolset-8/root/usr/lib/gcc/x86_64-redhat-linux/8/include/openacc.h
/opt/rh/devtoolset-8/root/usr/lib/gcc/x86_64-redhat-linux/8/include/pconfigintrin.h
/opt/rh/devtoolset-8/root/usr/lib/gcc/x86_64-redhat-linux/8/include/pkuintrin.h
/opt/rh/devtoolset-8/root/usr/lib/gcc/x86_64-redhat-linux/8/include/pmmintrin.h
/opt/rh/devtoolset-8/root/usr/lib/gcc/x86_64-redhat-linux/8/include/popcntintrin.h
/opt/rh/devtoolset-8/root/usr/lib/gcc/x86_64-redhat-linux/8/include/prfchwintrin.h
/opt/rh/devtoolset-8/root/usr/lib/gcc/x86_64-redhat-linux/8/include/quadmath.h
/opt/rh/devtoolset-8/root/usr/lib/gcc/x86_64-redhat-linux/8/include/quadmath_weak.h
/opt/rh/devtoolset-8/root/usr/lib/gcc/x86_64-redhat-linux/8/include/rdseedintrin.h
/opt/rh/devtoolset-8/root/usr/lib/gcc/x86_64-redhat-linux/8/include/rtmintrin.h
/opt/rh/devtoolset-8/root/usr/lib/gcc/x86_64-redhat-linux/8/include/sanitizer
/opt/rh/devtoolset-8/root/usr/lib/gcc/x86_64-redhat-linux/8/include/sgxintrin.h
/opt/rh/devtoolset-8/root/usr/lib/gcc/x86_64-redhat-linux/8/include/shaintrin.h
/opt/rh/devtoolset-8/root/usr/lib/gcc/x86_64-redhat-linux/8/include/smmintrin.h
/opt/rh/devtoolset-8/root/usr/lib/gcc/x86_64-redhat-linux/8/include/stdalign.h
/opt/rh/devtoolset-8/root/usr/lib/gcc/x86_64-redhat-linux/8/include/stdarg.h
/opt/rh/devtoolset-8/root/usr/lib/gcc/x86_64-redhat-linux/8/include/stdatomic.h
/opt/rh/devtoolset-8/root/usr/lib/gcc/x86_64-redhat-linux/8/include/stdbool.h
/opt/rh/devtoolset-8/root/usr/lib/gcc/x86_64-redhat-linux/8/include/stddef.h
/opt/rh/devtoolset-8/root/usr/lib/gcc/x86_64-redhat-linux/8/include/stdfix.h
/opt/rh/devtoolset-8/root/usr/lib/gcc/x86_64-redhat-linux/8/include/stdint-gcc.h
/opt/rh/devtoolset-8/root/usr/lib/gcc/x86_64-redhat-linux/8/include/stdint.h
/opt/rh/devtoolset-8/root/usr/lib/gcc/x86_64-redhat-linux/8/include/stdnoreturn.h
/opt/rh/devtoolset-8/root/usr/lib/gcc/x86_64-redhat-linux/8/include/syslimits.h
/opt/rh/devtoolset-8/root/usr/lib/gcc/x86_64-redhat-linux/8/include/tbmintrin.h
/opt/rh/devtoolset-8/root/usr/lib/gcc/x86_64-redhat-linux/8/include/tmmintrin.h
/opt/rh/devtoolset-8/root/usr/lib/gcc/x86_64-redhat-linux/8/include/unwind.h
/opt/rh/devtoolset-8/root/usr/lib/gcc/x86_64-redhat-linux/8/include/vaesintrin.h
/opt/rh/devtoolset-8/root/usr/lib/gcc/x86_64-redhat-linux/8/include/varargs.h
/opt/rh/devtoolset-8/root/usr/lib/gcc/x86_64-redhat-linux/8/include/vpclmulqdqintrin.h
/opt/rh/devtoolset-8/root/usr/lib/gcc/x86_64-redhat-linux/8/include/wbnoinvdintrin.h
/opt/rh/devtoolset-8/root/usr/lib/gcc/x86_64-redhat-linux/8/include/wmmintrin.h
/opt/rh/devtoolset-8/root/usr/lib/gcc/x86_64-redhat-linux/8/include/x86intrin.h
/opt/rh/devtoolset-8/root/usr/lib/gcc/x86_64-redhat-linux/8/include/xmmintrin.h
/opt/rh/devtoolset-8/root/usr/lib/gcc/x86_64-redhat-linux/8/include/xopintrin.h
/opt/rh/devtoolset-8/root/usr/lib/gcc/x86_64-redhat-linux/8/include/xsavecintrin.h
/opt/rh/devtoolset-8/root/usr/lib/gcc/x86_64-redhat-linux/8/include/xsaveintrin.h
/opt/rh/devtoolset-8/root/usr/lib/gcc/x86_64-redhat-linux/8/include/xsaveoptintrin.h
/opt/rh/devtoolset-8/root/usr/lib/gcc/x86_64-redhat-linux/8/include/xsavesintrin.h
/opt/rh/devtoolset-8/root/usr/lib/gcc/x86_64-redhat-linux/8/include/xtestintrin.h
/opt/rh/devtoolset-8/root/usr/lib/gcc/x86_64-redhat-linux/8/include/sanitizer/asan_interface.h
/opt/rh/devtoolset-8/root/usr/lib/gcc/x86_64-redhat-linux/8/include/sanitizer/common_interface_defs.h
/opt/rh/devtoolset-8/root/usr/lib/gcc/x86_64-redhat-linux/8/include/sanitizer/lsan_interface.h
/opt/rh/devtoolset-8/root/usr/lib/gcc/x86_64-redhat-linux/8/include/sanitizer/tsan_interface.h
/opt/rh/devtoolset-8/root/usr/libexec/gcc
/opt/rh/devtoolset-8/root/usr/libexec/gcc/x86_64-redhat-linux
/opt/rh/devtoolset-8/root/usr/libexec/gcc/x86_64-redhat-linux/8
/opt/rh/devtoolset-8/root/usr/libexec/gcc/x86_64-redhat-linux/8/ar
/opt/rh/devtoolset-8/root/usr/libexec/gcc/x86_64-redhat-linux/8/as
/opt/rh/devtoolset-8/root/usr/libexec/gcc/x86_64-redhat-linux/8/cc1
/opt/rh/devtoolset-8/root/usr/libexec/gcc/x86_64-redhat-linux/8/cc1plus
/opt/rh/devtoolset-8/root/usr/libexec/gcc/x86_64-redhat-linux/8/collect2
/opt/rh/devtoolset-8/root/usr/libexec/gcc/x86_64-redhat-linux/8/f951
/opt/rh/devtoolset-8/root/usr/libexec/gcc/x86_64-redhat-linux/8/ld
/opt/rh/devtoolset-8/root/usr/libexec/gcc/x86_64-redhat-linux/8/ld.bfd
/opt/rh/devtoolset-8/root/usr/libexec/gcc/x86_64-redhat-linux/8/ld.gold
/opt/rh/devtoolset-8/root/usr/libexec/gcc/x86_64-redhat-linux/8/liblto_plugin.so
/opt/rh/devtoolset-8/root/usr/libexec/gcc/x86_64-redhat-linux/8/liblto_plugin.so.0
/opt/rh/devtoolset-8/root/usr/libexec/gcc/x86_64-redhat-linux/8/liblto_plugin.so.0.0.0
/opt/rh/devtoolset-8/root/usr/libexec/gcc/x86_64-redhat-linux/8/lto-wrapper
/opt/rh/devtoolset-8/root/usr/libexec/gcc/x86_64-redhat-linux/8/lto1
/opt/rh/devtoolset-8/root/usr/libexec/gcc/x86_64-redhat-linux/8/nm
/opt/rh/devtoolset-8/root/usr/libexec/gcc/x86_64-redhat-linux/8/objcopy
/opt/rh/devtoolset-8/root/usr/libexec/gcc/x86_64-redhat-linux/8/ranlib
/opt/rh/devtoolset-8/root/usr/libexec/gcc/x86_64-redhat-linux/8/strip
/opt/rh/devtoolset-8/root/usr/share/doc/devtoolset-8-gcc-8.2.1
/opt/rh/devtoolset-8/root/usr/share/doc/devtoolset-8-gcc-c++-8.2.1
/opt/rh/devtoolset-8/root/usr/share/doc/devtoolset-8-gcc-gfortran-8.2.1
/opt/rh/devtoolset-8/root/usr/share/doc/devtoolset-8-gcc-8.2.1/COPYING
/opt/rh/devtoolset-8/root/usr/share/doc/devtoolset-8-gcc-8.2.1/COPYING.LIB
/opt/rh/devtoolset-8/root/usr/share/doc/devtoolset-8-gcc-8.2.1/COPYING.RUNTIME
/opt/rh/devtoolset-8/root/usr/share/doc/devtoolset-8-gcc-8.2.1/COPYING3
/opt/rh/devtoolset-8/root/usr/share/doc/devtoolset-8-gcc-8.2.1/COPYING3.LIB
/opt/rh/devtoolset-8/root/usr/share/doc/devtoolset-8-gcc-8.2.1/ChangeLog-1997.bz2
/opt/rh/devtoolset-8/root/usr/share/doc/devtoolset-8-gcc-8.2.1/ChangeLog-1998.bz2
/opt/rh/devtoolset-8/root/usr/share/doc/devtoolset-8-gcc-8.2.1/ChangeLog-1999.bz2
/opt/rh/devtoolset-8/root/usr/share/doc/devtoolset-8-gcc-8.2.1/ChangeLog-2000.bz2
/opt/rh/devtoolset-8/root/usr/share/doc/devtoolset-8-gcc-8.2.1/ChangeLog-2001.bz2
/opt/rh/devtoolset-8/root/usr/share/doc/devtoolset-8-gcc-8.2.1/ChangeLog-2002.bz2
/opt/rh/devtoolset-8/root/usr/share/doc/devtoolset-8-gcc-8.2.1/ChangeLog-2003.bz2
/opt/rh/devtoolset-8/root/usr/share/doc/devtoolset-8-gcc-8.2.1/ChangeLog-2004.bz2
/opt/rh/devtoolset-8/root/usr/share/doc/devtoolset-8-gcc-8.2.1/ChangeLog-2005.bz2
/opt/rh/devtoolset-8/root/usr/share/doc/devtoolset-8-gcc-8.2.1/ChangeLog-2006.bz2
/opt/rh/devtoolset-8/root/usr/share/doc/devtoolset-8-gcc-8.2.1/ChangeLog-2007.bz2
/opt/rh/devtoolset-8/root/usr/share/doc/devtoolset-8-gcc-8.2.1/ChangeLog-2008.bz2
/opt/rh/devtoolset-8/root/usr/share/doc/devtoolset-8-gcc-8.2.1/ChangeLog-2009.bz2
/opt/rh/devtoolset-8/root/usr/share/doc/devtoolset-8-gcc-8.2.1/ChangeLog-2010.bz2
/opt/rh/devtoolset-8/root/usr/share/doc/devtoolset-8-gcc-8.2.1/ChangeLog-2011.bz2
/opt/rh/devtoolset-8/root/usr/share/doc/devtoolset-8-gcc-8.2.1/ChangeLog-2012.bz2
/opt/rh/devtoolset-8/root/usr/share/doc/devtoolset-8-gcc-8.2.1/ChangeLog-2013.bz2
/opt/rh/devtoolset-8/root/usr/share/doc/devtoolset-8-gcc-8.2.1/ChangeLog-2014.bz2
/opt/rh/devtoolset-8/root/usr/share/doc/devtoolset-8-gcc-8.2.1/ChangeLog-2015.bz2
/opt/rh/devtoolset-8/root/usr/share/doc/devtoolset-8-gcc-8.2.1/ChangeLog-2016.bz2
/opt/rh/devtoolset-8/root/usr/share/doc/devtoolset-8-gcc-8.2.1/ChangeLog-2017.bz2
/opt/rh/devtoolset-8/root/usr/share/doc/devtoolset-8-gcc-8.2.1/ChangeLog.bz2
/opt/rh/devtoolset-8/root/usr/share/doc/devtoolset-8-gcc-8.2.1/ChangeLog.dataflow.bz2
/opt/rh/devtoolset-8/root/usr/share/doc/devtoolset-8-gcc-8.2.1/ChangeLog.gimple-classes.bz2
/opt/rh/devtoolset-8/root/usr/share/doc/devtoolset-8-gcc-8.2.1/ChangeLog.graphite.bz2
/opt/rh/devtoolset-8/root/usr/share/doc/devtoolset-8-gcc-8.2.1/ChangeLog.jit.bz2
/opt/rh/devtoolset-8/root/usr/share/doc/devtoolset-8-gcc-8.2.1/ChangeLog.lib.bz2
/opt/rh/devtoolset-8/root/usr/share/doc/devtoolset-8-gcc-8.2.1/ChangeLog.ptr.bz2
/opt/rh/devtoolset-8/root/usr/share/doc/devtoolset-8-gcc-8.2.1/ChangeLog.tree-ssa.bz2
/opt/rh/devtoolset-8/root/usr/share/doc/devtoolset-8-gcc-8.2.1/ChangeLog.tuples.bz2
/opt/rh/devtoolset-8/root/usr/share/doc/devtoolset-8-gcc-8.2.1/README.Portability
/opt/rh/devtoolset-8/root/usr/share/doc/devtoolset-8-gcc-c++-8.2.1/ChangeLog-1993.bz2
/opt/rh/devtoolset-8/root/usr/share/doc/devtoolset-8-gcc-c++-8.2.1/ChangeLog-1994.bz2
/opt/rh/devtoolset-8/root/usr/share/doc/devtoolset-8-gcc-c++-8.2.1/ChangeLog-1995.bz2
/opt/rh/devtoolset-8/root/usr/share/doc/devtoolset-8-gcc-c++-8.2.1/ChangeLog-1996.bz2
/opt/rh/devtoolset-8/root/usr/share/doc/devtoolset-8-gcc-c++-8.2.1/ChangeLog-1997.bz2
/opt/rh/devtoolset-8/root/usr/share/doc/devtoolset-8-gcc-c++-8.2.1/ChangeLog-1998.bz2
/opt/rh/devtoolset-8/root/usr/share/doc/devtoolset-8-gcc-c++-8.2.1/ChangeLog-1999.bz2
/opt/rh/devtoolset-8/root/usr/share/doc/devtoolset-8-gcc-c++-8.2.1/ChangeLog-2000.bz2
/opt/rh/devtoolset-8/root/usr/share/doc/devtoolset-8-gcc-c++-8.2.1/ChangeLog-2001.bz2
/opt/rh/devtoolset-8/root/usr/share/doc/devtoolset-8-gcc-c++-8.2.1/ChangeLog-2002.bz2
/opt/rh/devtoolset-8/root/usr/share/doc/devtoolset-8-gcc-c++-8.2.1/ChangeLog-2003.bz2
/opt/rh/devtoolset-8/root/usr/share/doc/devtoolset-8-gcc-c++-8.2.1/ChangeLog-2004.bz2
/opt/rh/devtoolset-8/root/usr/share/doc/devtoolset-8-gcc-c++-8.2.1/ChangeLog-2005.bz2
/opt/rh/devtoolset-8/root/usr/share/doc/devtoolset-8-gcc-c++-8.2.1/ChangeLog-2006.bz2
/opt/rh/devtoolset-8/root/usr/share/doc/devtoolset-8-gcc-c++-8.2.1/ChangeLog-2007.bz2
/opt/rh/devtoolset-8/root/usr/share/doc/devtoolset-8-gcc-c++-8.2.1/ChangeLog-2008.bz2
/opt/rh/devtoolset-8/root/usr/share/doc/devtoolset-8-gcc-c++-8.2.1/ChangeLog-2009.bz2
/opt/rh/devtoolset-8/root/usr/share/doc/devtoolset-8-gcc-c++-8.2.1/ChangeLog-2010.bz2
/opt/rh/devtoolset-8/root/usr/share/doc/devtoolset-8-gcc-c++-8.2.1/ChangeLog-2011.bz2
/opt/rh/devtoolset-8/root/usr/share/doc/devtoolset-8-gcc-c++-8.2.1/ChangeLog-2012.bz2
/opt/rh/devtoolset-8/root/usr/share/doc/devtoolset-8-gcc-c++-8.2.1/ChangeLog-2013.bz2
/opt/rh/devtoolset-8/root/usr/share/doc/devtoolset-8-gcc-c++-8.2.1/ChangeLog-2014.bz2
/opt/rh/devtoolset-8/root/usr/share/doc/devtoolset-8-gcc-c++-8.2.1/ChangeLog-2015.bz2
/opt/rh/devtoolset-8/root/usr/share/doc/devtoolset-8-gcc-c++-8.2.1/ChangeLog-2016.bz2
/opt/rh/devtoolset-8/root/usr/share/doc/devtoolset-8-gcc-c++-8.2.1/ChangeLog-2017.bz2
/opt/rh/devtoolset-8/root/usr/share/doc/devtoolset-8-gcc-c++-8.2.1/ChangeLog.bz2
/opt/rh/devtoolset-8/root/usr/share/doc/devtoolset-8-gcc-c++-8.2.1/ChangeLog.ptr.bz2
/opt/rh/devtoolset-8/root/usr/share/doc/devtoolset-8-gcc-c++-8.2.1/ChangeLog.tree-ssa.bz2
/opt/rh/devtoolset-8/root/usr/share/doc/devtoolset-8-gcc-gfortran-8.2.1/ChangeLog-2002.bz2
/opt/rh/devtoolset-8/root/usr/share/doc/devtoolset-8-gcc-gfortran-8.2.1/ChangeLog-2002.libgfortran.bz2
/opt/rh/devtoolset-8/root/usr/share/doc/devtoolset-8-gcc-gfortran-8.2.1/ChangeLog-2003.bz2
/opt/rh/devtoolset-8/root/usr/share/doc/devtoolset-8-gcc-gfortran-8.2.1/ChangeLog-2003.libgfortran.bz2
/opt/rh/devtoolset-8/root/usr/share/doc/devtoolset-8-gcc-gfortran-8.2.1/ChangeLog-2004.bz2
/opt/rh/devtoolset-8/root/usr/share/doc/devtoolset-8-gcc-gfortran-8.2.1/ChangeLog-2004.libgfortran.bz2
/opt/rh/devtoolset-8/root/usr/share/doc/devtoolset-8-gcc-gfortran-8.2.1/ChangeLog-2005.bz2
/opt/rh/devtoolset-8/root/usr/share/doc/devtoolset-8-gcc-gfortran-8.2.1/ChangeLog-2005.libgfortran.bz2
/opt/rh/devtoolset-8/root/usr/share/doc/devtoolset-8-gcc-gfortran-8.2.1/ChangeLog-2006.bz2
/opt/rh/devtoolset-8/root/usr/share/doc/devtoolset-8-gcc-gfortran-8.2.1/ChangeLog-2006.libgfortran.bz2
/opt/rh/devtoolset-8/root/usr/share/doc/devtoolset-8-gcc-gfortran-8.2.1/ChangeLog-2007.bz2
/opt/rh/devtoolset-8/root/usr/share/doc/devtoolset-8-gcc-gfortran-8.2.1/ChangeLog-2007.libgfortran.bz2
/opt/rh/devtoolset-8/root/usr/share/doc/devtoolset-8-gcc-gfortran-8.2.1/ChangeLog-2008.bz2
/opt/rh/devtoolset-8/root/usr/share/doc/devtoolset-8-gcc-gfortran-8.2.1/ChangeLog-2008.libgfortran.bz2
/opt/rh/devtoolset-8/root/usr/share/doc/devtoolset-8-gcc-gfortran-8.2.1/ChangeLog-2009.bz2
/opt/rh/devtoolset-8/root/usr/share/doc/devtoolset-8-gcc-gfortran-8.2.1/ChangeLog-2009.libgfortran.bz2
/opt/rh/devtoolset-8/root/usr/share/doc/devtoolset-8-gcc-gfortran-8.2.1/ChangeLog-2010.bz2
/opt/rh/devtoolset-8/root/usr/share/doc/devtoolset-8-gcc-gfortran-8.2.1/ChangeLog-2010.libgfortran.bz2
/opt/rh/devtoolset-8/root/usr/share/doc/devtoolset-8-gcc-gfortran-8.2.1/ChangeLog-2011.bz2
/opt/rh/devtoolset-8/root/usr/share/doc/devtoolset-8-gcc-gfortran-8.2.1/ChangeLog-2011.libgfortran.bz2
/opt/rh/devtoolset-8/root/usr/share/doc/devtoolset-8-gcc-gfortran-8.2.1/ChangeLog-2012.bz2
/opt/rh/devtoolset-8/root/usr/share/doc/devtoolset-8-gcc-gfortran-8.2.1/ChangeLog-2012.libgfortran.bz2
/opt/rh/devtoolset-8/root/usr/share/doc/devtoolset-8-gcc-gfortran-8.2.1/ChangeLog-2013.bz2
/opt/rh/devtoolset-8/root/usr/share/doc/devtoolset-8-gcc-gfortran-8.2.1/ChangeLog-2013.libgfortran.bz2
/opt/rh/devtoolset-8/root/usr/share/doc/devtoolset-8-gcc-gfortran-8.2.1/ChangeLog-2014.bz2
/opt/rh/devtoolset-8/root/usr/share/doc/devtoolset-8-gcc-gfortran-8.2.1/ChangeLog-2014.libgfortran.bz2
/opt/rh/devtoolset-8/root/usr/share/doc/devtoolset-8-gcc-gfortran-8.2.1/ChangeLog-2015.bz2
/opt/rh/devtoolset-8/root/usr/share/doc/devtoolset-8-gcc-gfortran-8.2.1/ChangeLog-2015.libgfortran.bz2
/opt/rh/devtoolset-8/root/usr/share/doc/devtoolset-8-gcc-gfortran-8.2.1/ChangeLog-2016.bz2
/opt/rh/devtoolset-8/root/usr/share/doc/devtoolset-8-gcc-gfortran-8.2.1/ChangeLog-2016.libgfortran.bz2
/opt/rh/devtoolset-8/root/usr/share/doc/devtoolset-8-gcc-gfortran-8.2.1/ChangeLog-2017.bz2
/opt/rh/devtoolset-8/root/usr/share/doc/devtoolset-8-gcc-gfortran-8.2.1/ChangeLog-2017.libgfortran.bz2
/opt/rh/devtoolset-8/root/usr/share/doc/devtoolset-8-gcc-gfortran-8.2.1/ChangeLog.bz2
/opt/rh/devtoolset-8/root/usr/share/doc/devtoolset-8-gcc-gfortran-8.2.1/ChangeLog.libgfortran.bz2
/opt/rh/devtoolset-8/root/usr/share/doc/devtoolset-8-gcc-gfortran-8.2.1/ChangeLog.ptr.bz2
/opt/rh/devtoolset-8/root/usr/share/info/gcc.info.gz
/opt/rh/devtoolset-8/root/usr/share/info/gccinstall.info.gz
/opt/rh/devtoolset-8/root/usr/share/info/gccint.info.gz
/opt/rh/devtoolset-8/root/usr/share/man/man1/gcc.1.gz
/root/.mozilla/firefox/sv78kuaf.default/gmp/Linux_x86_64-gcc3
/root/Downloads/openonload-201811/mk/apple_gcc.mk
/root/Downloads/openonload-201811/mk/linux_gcc.mk
/root/Downloads/openonload-201811/src/include/ci/compat/gcc.h
/root/Downloads/openonload-201811/src/include/ci/compat/gcc_aarch64.h
/root/Downloads/openonload-201811/src/include/ci/compat/gcc_ppc.h
/root/Downloads/openonload-201811/src/include/ci/compat/gcc_x86.h
/root/Downloads/openonload-201811/src/include/ci/tools/platform/gcc_aarch64.h
/root/Downloads/openonload-201811/src/include/ci/tools/platform/gcc_ppc.h
/root/Downloads/openonload-201811/src/include/ci/tools/platform/gcc_x86.h
/usr/bin/_gcc
/usr/bin/gcc
/usr/bin/gcc-ar
/usr/bin/gcc-nm
/usr/bin/gcc-ranlib
/usr/bin/x86_64-redhat-linux-gcc
/usr/lib/gcc
/usr/lib/gcc/x86_64-redhat-linux
/usr/lib/gcc/x86_64-redhat-linux/4.8.2
/usr/lib/gcc/x86_64-redhat-linux/4.8.5
/usr/lib/gcc/x86_64-redhat-linux/4.8.2/32
/usr/lib/gcc/x86_64-redhat-linux/4.8.2/crtbegin.o
/usr/lib/gcc/x86_64-redhat-linux/4.8.2/crtbeginS.o
/usr/lib/gcc/x86_64-redhat-linux/4.8.2/crtbeginT.o
/usr/lib/gcc/x86_64-redhat-linux/4.8.2/crtend.o
/usr/lib/gcc/x86_64-redhat-linux/4.8.2/crtendS.o
/usr/lib/gcc/x86_64-redhat-linux/4.8.2/crtfastmath.o
/usr/lib/gcc/x86_64-redhat-linux/4.8.2/crtprec32.o
/usr/lib/gcc/x86_64-redhat-linux/4.8.2/crtprec64.o
/usr/lib/gcc/x86_64-redhat-linux/4.8.2/crtprec80.o
/usr/lib/gcc/x86_64-redhat-linux/4.8.2/finclude
/usr/lib/gcc/x86_64-redhat-linux/4.8.2/include
/usr/lib/gcc/x86_64-redhat-linux/4.8.2/libasan.so
/usr/lib/gcc/x86_64-redhat-linux/4.8.2/libasan_preinit.o
/usr/lib/gcc/x86_64-redhat-linux/4.8.2/libatomic.so
/usr/lib/gcc/x86_64-redhat-linux/4.8.2/libcaf_single.a
/usr/lib/gcc/x86_64-redhat-linux/4.8.2/libcloog-isl.so.4
/usr/lib/gcc/x86_64-redhat-linux/4.8.2/libgcc.a
/usr/lib/gcc/x86_64-redhat-linux/4.8.2/libgcc_eh.a
/usr/lib/gcc/x86_64-redhat-linux/4.8.2/libgcc_s.so
/usr/lib/gcc/x86_64-redhat-linux/4.8.2/libgcov.a
/usr/lib/gcc/x86_64-redhat-linux/4.8.2/libgfortran.so
/usr/lib/gcc/x86_64-redhat-linux/4.8.2/libgfortran.spec
/usr/lib/gcc/x86_64-redhat-linux/4.8.2/libgfortranbegin.a
/usr/lib/gcc/x86_64-redhat-linux/4.8.2/libgomp.a
/usr/lib/gcc/x86_64-redhat-linux/4.8.2/libgomp.so
/usr/lib/gcc/x86_64-redhat-linux/4.8.2/libgomp.spec
/usr/lib/gcc/x86_64-redhat-linux/4.8.2/libitm.spec
/usr/lib/gcc/x86_64-redhat-linux/4.8.2/libquadmath.so
/usr/lib/gcc/x86_64-redhat-linux/4.8.2/libstdc++.so
/usr/lib/gcc/x86_64-redhat-linux/4.8.2/libtsan.so
/usr/lib/gcc/x86_64-redhat-linux/4.8.2/rpmver
/usr/lib/gcc/x86_64-redhat-linux/4.8.2/32/crtbegin.o
/usr/lib/gcc/x86_64-redhat-linux/4.8.2/32/crtbeginS.o
/usr/lib/gcc/x86_64-redhat-linux/4.8.2/32/crtbeginT.o
/usr/lib/gcc/x86_64-redhat-linux/4.8.2/32/crtend.o
/usr/lib/gcc/x86_64-redhat-linux/4.8.2/32/crtendS.o
/usr/lib/gcc/x86_64-redhat-linux/4.8.2/32/crtfastmath.o
/usr/lib/gcc/x86_64-redhat-linux/4.8.2/32/crtprec32.o
/usr/lib/gcc/x86_64-redhat-linux/4.8.2/32/crtprec64.o
/usr/lib/gcc/x86_64-redhat-linux/4.8.2/32/crtprec80.o
/usr/lib/gcc/x86_64-redhat-linux/4.8.2/32/libasan.a
/usr/lib/gcc/x86_64-redhat-linux/4.8.2/32/libasan.so
/usr/lib/gcc/x86_64-redhat-linux/4.8.2/32/libasan_preinit.o
/usr/lib/gcc/x86_64-redhat-linux/4.8.2/32/libatomic.a
/usr/lib/gcc/x86_64-redhat-linux/4.8.2/32/libatomic.so
/usr/lib/gcc/x86_64-redhat-linux/4.8.2/32/libcaf_single.a
/usr/lib/gcc/x86_64-redhat-linux/4.8.2/32/libgcc.a
/usr/lib/gcc/x86_64-redhat-linux/4.8.2/32/libgcc_eh.a
/usr/lib/gcc/x86_64-redhat-linux/4.8.2/32/libgcc_s.so
/usr/lib/gcc/x86_64-redhat-linux/4.8.2/32/libgcov.a
/usr/lib/gcc/x86_64-redhat-linux/4.8.2/32/libgfortran.a
/usr/lib/gcc/x86_64-redhat-linux/4.8.2/32/libgfortran.so
/usr/lib/gcc/x86_64-redhat-linux/4.8.2/32/libgfortranbegin.a
/usr/lib/gcc/x86_64-redhat-linux/4.8.2/32/libgomp.a
/usr/lib/gcc/x86_64-redhat-linux/4.8.2/32/libgomp.so
/usr/lib/gcc/x86_64-redhat-linux/4.8.2/32/libitm.a
/usr/lib/gcc/x86_64-redhat-linux/4.8.2/32/libitm.so
/usr/lib/gcc/x86_64-redhat-linux/4.8.2/32/libmudflap.a
/usr/lib/gcc/x86_64-redhat-linux/4.8.2/32/libmudflap.so
/usr/lib/gcc/x86_64-redhat-linux/4.8.2/32/libmudflapth.a
/usr/lib/gcc/x86_64-redhat-linux/4.8.2/32/libmudflapth.so
/usr/lib/gcc/x86_64-redhat-linux/4.8.2/32/libquadmath.a
/usr/lib/gcc/x86_64-redhat-linux/4.8.2/32/libquadmath.so
/usr/lib/gcc/x86_64-redhat-linux/4.8.2/32/libstdc++.a
/usr/lib/gcc/x86_64-redhat-linux/4.8.2/32/libstdc++.so
/usr/lib/gcc/x86_64-redhat-linux/4.8.2/32/libsupc++.a
/usr/lib/gcc/x86_64-redhat-linux/4.8.2/finclude/omp_lib.f90
/usr/lib/gcc/x86_64-redhat-linux/4.8.2/finclude/omp_lib.h
/usr/lib/gcc/x86_64-redhat-linux/4.8.2/finclude/omp_lib.mod
/usr/lib/gcc/x86_64-redhat-linux/4.8.2/finclude/omp_lib_kinds.mod
/usr/lib/gcc/x86_64-redhat-linux/4.8.2/include/adxintrin.h
/usr/lib/gcc/x86_64-redhat-linux/4.8.2/include/ammintrin.h
/usr/lib/gcc/x86_64-redhat-linux/4.8.2/include/avx2intrin.h
/usr/lib/gcc/x86_64-redhat-linux/4.8.2/include/avxintrin.h
/usr/lib/gcc/x86_64-redhat-linux/4.8.2/include/bmi2intrin.h
/usr/lib/gcc/x86_64-redhat-linux/4.8.2/include/bmiintrin.h
/usr/lib/gcc/x86_64-redhat-linux/4.8.2/include/bmmintrin.h
/usr/lib/gcc/x86_64-redhat-linux/4.8.2/include/cpuid.h
/usr/lib/gcc/x86_64-redhat-linux/4.8.2/include/cross-stdarg.h
/usr/lib/gcc/x86_64-redhat-linux/4.8.2/include/emmintrin.h
/usr/lib/gcc/x86_64-redhat-linux/4.8.2/include/f16cintrin.h
/usr/lib/gcc/x86_64-redhat-linux/4.8.2/include/float.h
/usr/lib/gcc/x86_64-redhat-linux/4.8.2/include/fma4intrin.h
/usr/lib/gcc/x86_64-redhat-linux/4.8.2/include/fmaintrin.h
/usr/lib/gcc/x86_64-redhat-linux/4.8.2/include/fxsrintrin.h
/usr/lib/gcc/x86_64-redhat-linux/4.8.2/include/ia32intrin.h
/usr/lib/gcc/x86_64-redhat-linux/4.8.2/include/immintrin.h
/usr/lib/gcc/x86_64-redhat-linux/4.8.2/include/iso646.h
/usr/lib/gcc/x86_64-redhat-linux/4.8.2/include/limits.h
/usr/lib/gcc/x86_64-redhat-linux/4.8.2/include/lwpintrin.h
/usr/lib/gcc/x86_64-redhat-linux/4.8.2/include/lzcntintrin.h
/usr/lib/gcc/x86_64-redhat-linux/4.8.2/include/mm3dnow.h
/usr/lib/gcc/x86_64-redhat-linux/4.8.2/include/mm_malloc.h
/usr/lib/gcc/x86_64-redhat-linux/4.8.2/include/mmintrin.h
/usr/lib/gcc/x86_64-redhat-linux/4.8.2/include/nmmintrin.h
/usr/lib/gcc/x86_64-redhat-linux/4.8.2/include/omp.h
/usr/lib/gcc/x86_64-redhat-linux/4.8.2/include/pkuintrin.h
/usr/lib/gcc/x86_64-redhat-linux/4.8.2/include/pmmintrin.h
/usr/lib/gcc/x86_64-redhat-linux/4.8.2/include/popcntintrin.h
/usr/lib/gcc/x86_64-redhat-linux/4.8.2/include/prfchwintrin.h
/usr/lib/gcc/x86_64-redhat-linux/4.8.2/include/quadmath.h
/usr/lib/gcc/x86_64-redhat-linux/4.8.2/include/quadmath_weak.h
/usr/lib/gcc/x86_64-redhat-linux/4.8.2/include/rdseedintrin.h
/usr/lib/gcc/x86_64-redhat-linux/4.8.2/include/rtmintrin.h
/usr/lib/gcc/x86_64-redhat-linux/4.8.2/include/smmintrin.h
/usr/lib/gcc/x86_64-redhat-linux/4.8.2/include/stdalign.h
/usr/lib/gcc/x86_64-redhat-linux/4.8.2/include/stdarg.h
/usr/lib/gcc/x86_64-redhat-linux/4.8.2/include/stdbool.h
/usr/lib/gcc/x86_64-redhat-linux/4.8.2/include/stddef.h
/usr/lib/gcc/x86_64-redhat-linux/4.8.2/include/stdfix.h
/usr/lib/gcc/x86_64-redhat-linux/4.8.2/include/stdint-gcc.h
/usr/lib/gcc/x86_64-redhat-linux/4.8.2/include/stdint.h
/usr/lib/gcc/x86_64-redhat-linux/4.8.2/include/stdnoreturn.h
/usr/lib/gcc/x86_64-redhat-linux/4.8.2/include/syslimits.h
/usr/lib/gcc/x86_64-redhat-linux/4.8.2/include/tbmintrin.h
/usr/lib/gcc/x86_64-redhat-linux/4.8.2/include/tmmintrin.h
/usr/lib/gcc/x86_64-redhat-linux/4.8.2/include/unwind.h
/usr/lib/gcc/x86_64-redhat-linux/4.8.2/include/varargs.h
/usr/lib/gcc/x86_64-redhat-linux/4.8.2/include/wmmintrin.h
/usr/lib/gcc/x86_64-redhat-linux/4.8.2/include/x86intrin.h
/usr/lib/gcc/x86_64-redhat-linux/4.8.2/include/xmmintrin.h
/usr/lib/gcc/x86_64-redhat-linux/4.8.2/include/xopintrin.h
/usr/lib/gcc/x86_64-redhat-linux/4.8.2/include/xsaveintrin.h
/usr/lib/gcc/x86_64-redhat-linux/4.8.2/include/xsaveoptintrin.h
/usr/lib/gcc/x86_64-redhat-linux/4.8.2/include/xtestintrin.h
/usr/lib64/libgcc_s-4.8.5-20150702.so.1
/usr/lib64/libgcc_s.so.1
/usr/libexec/gcc
/usr/libexec/gcc/x86_64-redhat-linux
/usr/libexec/gcc/x86_64-redhat-linux/4.8.2
/usr/libexec/gcc/x86_64-redhat-linux/4.8.5
/usr/libexec/gcc/x86_64-redhat-linux/4.8.2/cc1
/usr/libexec/gcc/x86_64-redhat-linux/4.8.2/cc1plus
/usr/libexec/gcc/x86_64-redhat-linux/4.8.2/collect2
/usr/libexec/gcc/x86_64-redhat-linux/4.8.2/f951
/usr/libexec/gcc/x86_64-redhat-linux/4.8.2/liblto_plugin.so
/usr/libexec/gcc/x86_64-redhat-linux/4.8.2/liblto_plugin.so.0
/usr/libexec/gcc/x86_64-redhat-linux/4.8.2/liblto_plugin.so.0.0.0
/usr/libexec/gcc/x86_64-redhat-linux/4.8.2/lto-wrapper
/usr/libexec/gcc/x86_64-redhat-linux/4.8.2/lto1
/usr/share/gcc-4.8.2
/usr/share/gcc-4.8.5
/usr/share/doc/gcc-4.8.5
/usr/share/doc/gcc-c++-4.8.5
/usr/share/doc/gcc-gfortran-4.8.5
/usr/share/doc/libgcc-4.8.5
/usr/share/doc/gcc-4.8.5/COPYING
/usr/share/doc/gcc-4.8.5/COPYING.LIB
/usr/share/doc/gcc-4.8.5/COPYING.RUNTIME
/usr/share/doc/gcc-4.8.5/COPYING3
/usr/share/doc/gcc-4.8.5/COPYING3.LIB
/usr/share/doc/gcc-4.8.5/ChangeLog-1997.bz2
/usr/share/doc/gcc-4.8.5/ChangeLog-1998.bz2
/usr/share/doc/gcc-4.8.5/ChangeLog-1999.bz2
/usr/share/doc/gcc-4.8.5/ChangeLog-2000.bz2
/usr/share/doc/gcc-4.8.5/ChangeLog-2001.bz2
/usr/share/doc/gcc-4.8.5/ChangeLog-2002.bz2
/usr/share/doc/gcc-4.8.5/ChangeLog-2003.bz2
/usr/share/doc/gcc-4.8.5/ChangeLog-2004.bz2
/usr/share/doc/gcc-4.8.5/ChangeLog-2005.bz2
/usr/share/doc/gcc-4.8.5/ChangeLog-2006.bz2
/usr/share/doc/gcc-4.8.5/ChangeLog-2007.bz2
/usr/share/doc/gcc-4.8.5/ChangeLog-2008.bz2
/usr/share/doc/gcc-4.8.5/ChangeLog-2009.bz2
/usr/share/doc/gcc-4.8.5/ChangeLog-2010.bz2
/usr/share/doc/gcc-4.8.5/ChangeLog-2011.bz2
/usr/share/doc/gcc-4.8.5/ChangeLog-2012.bz2
/usr/share/doc/gcc-4.8.5/ChangeLog.bz2
/usr/share/doc/gcc-4.8.5/ChangeLog.dataflow.bz2
/usr/share/doc/gcc-4.8.5/ChangeLog.graphite.bz2
/usr/share/doc/gcc-4.8.5/ChangeLog.lib.bz2
/usr/share/doc/gcc-4.8.5/ChangeLog.ptr.bz2
/usr/share/doc/gcc-4.8.5/ChangeLog.tree-ssa.bz2
/usr/share/doc/gcc-4.8.5/ChangeLog.tuples.bz2
/usr/share/doc/gcc-4.8.5/README.Portability
/usr/share/doc/gcc-c++-4.8.5/ChangeLog-1993.bz2
/usr/share/doc/gcc-c++-4.8.5/ChangeLog-1994.bz2
/usr/share/doc/gcc-c++-4.8.5/ChangeLog-1995.bz2
/usr/share/doc/gcc-c++-4.8.5/ChangeLog-1996.bz2
/usr/share/doc/gcc-c++-4.8.5/ChangeLog-1997.bz2
/usr/share/doc/gcc-c++-4.8.5/ChangeLog-1998.bz2
/usr/share/doc/gcc-c++-4.8.5/ChangeLog-1999.bz2
/usr/share/doc/gcc-c++-4.8.5/ChangeLog-2000.bz2
/usr/share/doc/gcc-c++-4.8.5/ChangeLog-2001.bz2
/usr/share/doc/gcc-c++-4.8.5/ChangeLog-2002.bz2
/usr/share/doc/gcc-c++-4.8.5/ChangeLog-2003.bz2
/usr/share/doc/gcc-c++-4.8.5/ChangeLog-2004.bz2
/usr/share/doc/gcc-c++-4.8.5/ChangeLog-2005.bz2
/usr/share/doc/gcc-c++-4.8.5/ChangeLog-2006.bz2
/usr/share/doc/gcc-c++-4.8.5/ChangeLog-2007.bz2
/usr/share/doc/gcc-c++-4.8.5/ChangeLog-2008.bz2
/usr/share/doc/gcc-c++-4.8.5/ChangeLog-2009.bz2
/usr/share/doc/gcc-c++-4.8.5/ChangeLog-2010.bz2
/usr/share/doc/gcc-c++-4.8.5/ChangeLog-2011.bz2
/usr/share/doc/gcc-c++-4.8.5/ChangeLog-2012.bz2
/usr/share/doc/gcc-c++-4.8.5/ChangeLog.bz2
/usr/share/doc/gcc-c++-4.8.5/ChangeLog.ptr.bz2
/usr/share/doc/gcc-c++-4.8.5/ChangeLog.tree-ssa.bz2
/usr/share/doc/gcc-gfortran-4.8.5/ChangeLog-2002.bz2
/usr/share/doc/gcc-gfortran-4.8.5/ChangeLog-2002.libgfortran.bz2
/usr/share/doc/gcc-gfortran-4.8.5/ChangeLog-2003.bz2
/usr/share/doc/gcc-gfortran-4.8.5/ChangeLog-2003.libgfortran.bz2
/usr/share/doc/gcc-gfortran-4.8.5/ChangeLog-2004.bz2
/usr/share/doc/gcc-gfortran-4.8.5/ChangeLog-2004.libgfortran.bz2
/usr/share/doc/gcc-gfortran-4.8.5/ChangeLog-2005.bz2
/usr/share/doc/gcc-gfortran-4.8.5/ChangeLog-2005.libgfortran.bz2
/usr/share/doc/gcc-gfortran-4.8.5/ChangeLog-2006.bz2
/usr/share/doc/gcc-gfortran-4.8.5/ChangeLog-2006.libgfortran.bz2
/usr/share/doc/gcc-gfortran-4.8.5/ChangeLog-2007.bz2
/usr/share/doc/gcc-gfortran-4.8.5/ChangeLog-2007.libgfortran.bz2
/usr/share/doc/gcc-gfortran-4.8.5/ChangeLog-2008.bz2
/usr/share/doc/gcc-gfortran-4.8.5/ChangeLog-2008.libgfortran.bz2
/usr/share/doc/gcc-gfortran-4.8.5/ChangeLog-2009.bz2
/usr/share/doc/gcc-gfortran-4.8.5/ChangeLog-2009.libgfortran.bz2
/usr/share/doc/gcc-gfortran-4.8.5/ChangeLog-2010.bz2
/usr/share/doc/gcc-gfortran-4.8.5/ChangeLog-2010.libgfortran.bz2
/usr/share/doc/gcc-gfortran-4.8.5/ChangeLog-2011.bz2
/usr/share/doc/gcc-gfortran-4.8.5/ChangeLog-2011.libgfortran.bz2
/usr/share/doc/gcc-gfortran-4.8.5/ChangeLog-2012.bz2
/usr/share/doc/gcc-gfortran-4.8.5/ChangeLog-2012.libgfortran.bz2
/usr/share/doc/gcc-gfortran-4.8.5/ChangeLog.bz2
/usr/share/doc/gcc-gfortran-4.8.5/ChangeLog.libgfortran.bz2
/usr/share/doc/gcc-gfortran-4.8.5/ChangeLog.ptr.bz2
/usr/share/doc/libgcc-4.8.5/COPYING
/usr/share/doc/libgcc-4.8.5/COPYING.LIB
/usr/share/doc/libgcc-4.8.5/COPYING.RUNTIME
/usr/share/doc/libgcc-4.8.5/COPYING3
/usr/share/doc/libgcc-4.8.5/COPYING3.LIB
/usr/share/gcc-4.8.2/python
/usr/share/gcc-4.8.2/python/libstdcxx
/usr/share/gcc-4.8.2/python/libstdcxx/__init__.py
/usr/share/gcc-4.8.2/python/libstdcxx/__init__.pyc
/usr/share/gcc-4.8.2/python/libstdcxx/__init__.pyo
/usr/share/gcc-4.8.2/python/libstdcxx/v6
/usr/share/gcc-4.8.2/python/libstdcxx/v6/__init__.py
/usr/share/gcc-4.8.2/python/libstdcxx/v6/__init__.pyc
/usr/share/gcc-4.8.2/python/libstdcxx/v6/__init__.pyo
/usr/share/gcc-4.8.2/python/libstdcxx/v6/printers.py
/usr/share/gcc-4.8.2/python/libstdcxx/v6/printers.pyc
/usr/share/gcc-4.8.2/python/libstdcxx/v6/printers.pyo
/usr/share/ghostscript/9.07/Resource/CMap/HKgccs-B5-H
/usr/share/ghostscript/9.07/Resource/CMap/HKgccs-B5-V
/usr/share/info/gcc.info.gz
/usr/share/info/gccgo.info.gz
/usr/share/info/gccinstall.info.gz
/usr/share/info/gccint.info.gz
/usr/share/locale/be/LC_MESSAGES/gcc.mo
/usr/share/locale/da/LC_MESSAGES/gcc.mo
/usr/share/locale/de/LC_MESSAGES/gcc.mo
/usr/share/locale/el/LC_MESSAGES/gcc.mo
/usr/share/locale/es/LC_MESSAGES/gcc.mo
/usr/share/locale/fi/LC_MESSAGES/gcc.mo
/usr/share/locale/fr/LC_MESSAGES/gcc.mo
/usr/share/locale/hr/LC_MESSAGES/gcc.mo
/usr/share/locale/id/LC_MESSAGES/gcc.mo
/usr/share/locale/ja/LC_MESSAGES/gcc.mo
/usr/share/locale/nl/LC_MESSAGES/gcc.mo
/usr/share/locale/ru/LC_MESSAGES/gcc.mo
/usr/share/locale/sr/LC_MESSAGES/gcc.mo
/usr/share/locale/sv/LC_MESSAGES/gcc.mo
/usr/share/locale/tr/LC_MESSAGES/gcc.mo
/usr/share/locale/vi/LC_MESSAGES/gcc.mo
/usr/share/locale/zh_CN/LC_MESSAGES/gcc.mo
/usr/share/locale/zh_TW/LC_MESSAGES/gcc.mo
/usr/share/man/man1/gcc.1.gz
/usr/share/poppler/cMap/Adobe-CNS1/HKgccs-B5-H
/usr/share/poppler/cMap/Adobe-CNS1/HKgccs-B5-V
/usr/share/vim/vim74/compiler/gcc.vim
/usr/src/kernels/3.10.0-957.10.1.el7.x86_64/include/acpi/platform/acgcc.h
/usr/src/kernels/3.10.0-957.10.1.el7.x86_64/include/linux/compiler-gcc.h
/usr/src/kernels/3.10.0-957.10.1.el7.x86_64/scripts/gcc-goto.sh
/usr/src/kernels/3.10.0-957.10.1.el7.x86_64/scripts/gcc-version.sh
/usr/src/kernels/3.10.0-957.10.1.el7.x86_64/scripts/gcc-x86_32-has-stack-protector.sh
/usr/src/kernels/3.10.0-957.10.1.el7.x86_64/scripts/gcc-x86_64-has-stack-protector.sh
/usr/src/kernels/3.10.0-957.10.1.el7.x86_64.debug/include/acpi/platform/acgcc.h
/usr/src/kernels/3.10.0-957.10.1.el7.x86_64.debug/include/linux/compiler-gcc.h
/usr/src/kernels/3.10.0-957.10.1.el7.x86_64.debug/scripts/gcc-goto.sh
/usr/src/kernels/3.10.0-957.10.1.el7.x86_64.debug/scripts/gcc-version.sh
/usr/src/kernels/3.10.0-957.10.1.el7.x86_64.debug/scripts/gcc-x86_32-has-stack-protector.sh
/usr/src/kernels/3.10.0-957.10.1.el7.x86_64.debug/scripts/gcc-x86_64-has-stack-protector.sh
[root@izj6c4rpqm2vq9jxie4xrmz bin]# locate gcc | grep -P "gcc$"
/opt/rh/devtoolset-8/root/usr/bin/gcc
/opt/rh/devtoolset-8/root/usr/bin/x86_64-redhat-linux-gcc
/opt/rh/devtoolset-8/root/usr/lib/gcc
/opt/rh/devtoolset-8/root/usr/libexec/gcc
/usr/bin/_gcc
/usr/bin/gcc
/usr/bin/x86_64-redhat-linux-gcc
/usr/lib/gcc
/usr/libexec/gcc
[root@izj6c4rpqm2vq9jxie4xrmz bin]# update-alternatives --install /usr/bin/g++ g++ /opt/rh/devtoolset-8/root/usr/bin/g++ 90
u[root@izj6c4rpqm2vq9jxie4xrmz bin]# update-alternatives --install /usr/bin/c++ c++ /opt/rh/devtoolset-8/root/usr/bin/c+ 90
[root@izj6c4rpqm2vq9jxie4xrmz bin]# update-alternatives --install /usr/bin/gcc cc /opt/rh/devtoolset-8/root/usr/bin/gcc 90
[root@izj6c4rpqm2vq9jxie4xrmz bin]# g++
-bash: g++: command not found
[root@izj6c4rpqm2vq9jxie4xrmz bin]# /usr/bin/g++
-bash: /usr/bin/g++: No such file or directory
[root@izj6c4rpqm2vq9jxie4xrmz bin]# update-alternatives --install /usr/bin/gcc cc /opt/rh/devtoolset-8/root/usr/bin/gcc 100
[root@izj6c4rpqm2vq9jxie4xrmz bin]# update-alternatives --install /usr/bin/c++ c++ /opt/rh/devtoolset-8/root/usr/bin/c++ 100
[root@izj6c4rpqm2vq9jxie4xrmz bin]# update-alternatives --install /usr/bin/g++ g++ /opt/rh/devtoolset-8/root/usr/bin/g++ 100
[root@izj6c4rpqm2vq9jxie4xrmz bin]# g++
-bash: g++: command not found
[root@izj6c4rpqm2vq9jxie4xrmz bin]# /usr/bin/g++
-bash: /usr/bin/g++: No such file or directory
[root@izj6c4rpqm2vq9jxie4xrmz bin]# ls /usr/bin/g++
/usr/bin/g++
[root@izj6c4rpqm2vq9jxie4xrmz bin]# rm -f /usr/bin/g++
[root@izj6c4rpqm2vq9jxie4xrmz bin]# ls -sr g++ /opt/rh/devtoolset-8/root/usr/bin/g++
ls: cannot access g++: No such file or directory
1088 /opt/rh/devtoolset-8/root/usr/bin/g++
[root@izj6c4rpqm2vq9jxie4xrmz bin]# rm -rf g++ gcc
[root@izj6c4rpqm2vq9jxie4xrmz bin]# ls -sr gcc /opt/rh/devtoolset-8/root/usr/bin/gcc
ls: cannot access gcc: No such file or directory
1088 /opt/rh/devtoolset-8/root/usr/bin/gcc
[root@izj6c4rpqm2vq9jxie4xrmz bin]# ls -sr c++ /opt/rh/devtoolset-8/root/usr/bin/c++
1088 /opt/rh/devtoolset-8/root/usr/bin/c++     0 c++
[root@izj6c4rpqm2vq9jxie4xrmz bin]# /opt/rh/devtoolset-8/root/usr/bin/g++
g++: fatal error: no input files
compilation terminated.
[root@izj6c4rpqm2vq9jxie4xrmz bin]# /opt/rh/devtoolset-8/root/usr/bin/c++
c++: fatal error: no input files
compilation terminated.
[root@izj6c4rpqm2vq9jxie4xrmz bin]# c++
-bash: c++: command not found
[root@izj6c4rpqm2vq9jxie4xrmz bin]# g++
-bash: g++: command not found
[root@izj6c4rpqm2vq9jxie4xrmz bin]# gcc
-bash: gcc: command not found
[root@izj6c4rpqm2vq9jxie4xrmz bin]# ls /usr/bin/g++
ls: cannot access /usr/bin/g++: No such file or directory
[root@izj6c4rpqm2vq9jxie4xrmz bin]# ls /usr/bin
[                                    gupnp-dlna-ls-profiles-2.0            ps2pdf14
2to3-3                               gvfs-cat                              ps2pdfwr
2to3-3.6                             gvfs-copy                             ps2ps
7z                                   gvfs-info                             ps2ps2
7za                                  gvfs-less                             psed
a2p                                  gvfs-ls                               psfaddtable
abrt-action-analyze-backtrace        gvfs-mime                             psfgettable
abrt-action-analyze-c                gvfs-mkdir                            psfstriptable
abrt-action-analyze-ccpp-local       gvfs-monitor-dir                      psfxtable
abrt-action-analyze-core             gvfs-monitor-file                     pstack
abrt-action-analyze-java             gvfs-mount                            pstree
abrt-action-analyze-oops             gvfs-move                             pstree.x11
abrt-action-analyze-python           gvfs-open                             pstruct
abrt-action-analyze-vmcore           gvfs-rename                           ptx
abrt-action-analyze-vulnerability    gvfs-rm                               pwd
abrt-action-analyze-xorg             gvfs-save                             pwdx
abrt-action-check-oops-for-hw-error  gvfs-set-attribute                    pwmake
abrt-action-generate-backtrace       gvfs-trash                            pwscore
abrt-action-generate-core-backtrace  gvfs-tree                             pydoc
abrt-action-install-debuginfo        gzexe                                 pydoc3
abrt-action-list-dsos                gzip                                  pydoc3.6
abrt-action-notify                   h2ph                                  pygtk-demo
abrt-action-perform-ccpp-analysis    hangul                                pyinotify
abrt-action-save-kernel-data         hdmv_test                             python
abrt-action-save-package-data        hdsploader                            python2
abrt-action-trim-files               head                                  python2.7
abrt-applet                          hexdump                               python3
abrt-dump-oops                       hostid                                python36
abrt-dump-xorg                       hostname                              python3.6
abrt-handle-upload                   hostnamectl                           python3.6-config
abrt-merge-pstoreoops                hunspell                              python3.6m
abrt-retrace-client                  i386                                  python3.6m-config
abrt-watch-log                       ibus                                  python3.6m-x86_64-config
aclocal                              ibus-daemon                           python3-config
aclocal-1.13                         ibus-setup                            pyvenv
aconnect                             ibus-table-createdb                   pyvenv-3.6
addr2line                            iceauth                               ranlib
alias                                icedax                                rarian-example
alsabat                              iconv                                 rarian-sk-config
alsa-delay                           id                                    rarian-sk-extract
alsaloop                             ident                                 rarian-sk-gen-uuid
alsamixer                            identify                              rarian-sk-get-cl
alsatplg                             idiag-socket-details                  rarian-sk-get-content-list
alsaucm                              idn                                   rarian-sk-get-extended-content-list
alsaunmute                           iecset                                rarian-sk-get-scripts
amidi                                ifnames                               rarian-sk-install
amixer                               igawk                                 rarian-sk-migrate
anaconda-cleanup                     implantisomd5                         rarian-sk-preinstall
anaconda-disable-nm-ibft-plugin      import                                rarian-sk-rebuild
analog                               indent                                rarian-sk-update
animate                              index_dump                            raw
aplay                                info                                  rcs
aplaymidi                            infocmp                               rcsclean
applydeltarpm                        infokey                               rcsdiff
appstream-compose                    infotocap                             rcsfreeze
appstream-util                       install                               rcsmerge
apropos                              install-printerdriver                 read
ar                                   instperf                              readcd
arch                                 interdiff                             readelf
arecord                              intltool-extract                      readlink
arecordmidi                          intltoolize                           readmult
as                                   intltool-merge                        readom
aseqdump                             intltool-prepare                      realpath
aseqnet                              intltool-update                       recode
aserver                              ionice                                recode-sr-latin
at                                   iostat                                recountdiff
atq                                  ipcalc                                red
atril                                ipcmk                                 redhat_lsb_init
atril-previewer                      ipcrm                                 rediff
atril-thumbnailer                    ipcs                                  rename
atrm                                 ipod-read-sysinfo-extended            renice
audit2allow                          iptables-xml                          repoclosure
audit2why                            iptc                                  repodiff
aulast                               isdv4-serial-inputattach              repo-graph
aulastlog                            isodebug                              repomanage
ausyscall                            isodump                               repoquery
autoconf                             isoinfo                               repo-rss
autoheader                           iso-info                              report-cli
autom4te                             iso-read                              reporter-bugzilla
automake                             isosize                               reporter-mantisbt
automake-1.13                        isovfy                                reporter-rhtsupport
autopoint                            jobs                                  reporter-upload
autoreconf                           join                                  reporter-ureport
autoscan                             journalctl                            report-gtk
autoupdate                           jsondiff                              reposync
auvirt                               jsonpatch                             repotrack
awk                                  jsonpointer                           reset
base64                               kbdinfo                               resizecons
basename                             kbd_mode                              rev
bash                                 kbdrate                               rhythmbox
bashbug                              kdumpctl                              rhythmbox-client
bashbug-64                           kernel-install                        rlog
batch                                kill                                  rm
bc                                   killall                               rmail
bdftopcf                             kmod                                  rmail.postfix
bdftruncate                          ksflatten                             rmdir
bd_info                              ksshell                               rpcgen
bdsplice                             ksvalidator                           rpm
bg                                   ksverdiff                             rpm2cpio
bison                                last                                  rpmbuild
bond2team                            lastb                                 rpmdb
bootctl                              lastlog                               rpmdumpheader
brasero                              lchfn                                 rpmkeys
bunzip2                              lchsh                                 rpmquery
busctl                               ld                                    rpmsign
byacc                                ld.bfd                                rpmspec
bzcat                                ldd                                   rpmverify
bzcmp                                ld.gold                               rsync
bzdiff                               ldns-chaos                            rsyslog-recover-qi.pl
bzgrep                               ldns-compare-zones                    runcon
bzip2                                ldnsd                                 run-parts
bzip2recover                         ldns-dane                             rvi
bzless                               ldns-dpa                              rview
bzmore                               ldns-gen-zone                         rvim
_c++                                 ldns-key2ds                           s2p
c++                                  ldns-keyfetcher                       sadf
c2ph                                 ldns-keygen                           sandbox
c89                                  ldns-mx                               sar
c99                                  ldns-notify                           satyr
cairo-sphinx                         ldns-nsec3-hash                       scl
caja                                 ldns-read-zone                        scl_enabled
caja-autorun-software                ldns-resolver                         scl_source
caja-connect-server                  ldns-revoke                           scp
caja-file-management-properties      ldns-rrsig                            scp-dbus-service
caja-sendto                          ldns-signzone                         script
cal                                  ldns-test-edns                        scriptreplay
ca-legacy                            ldns-testns                           scrollkeeper-config
canberra-boot                        ldns-update                           scrollkeeper-extract
canberra-gtk-play                    ldns-verify-zone                      scrollkeeper-gen-seriesid
cancel                               ldns-version                          scrollkeeper-get-cl
cancel.cups                          ldns-walk                             scrollkeeper-get-content-list
captoinfo                            ldns-zcat                             scrollkeeper-get-extended-content-list
cat                                  ldns-zsplit                           scrollkeeper-get-index-from-docpath
catchsegv                            less                                  scrollkeeper-get-toc-from-docpath
catman                               lessecho                              scrollkeeper-get-toc-from-id
cc                                   lesskey                               scrollkeeper-install
ccache-swig                          lesspipe.sh                           scrollkeeper-preinstall
cd                                   lex                                   scrollkeeper-rebuilddb
cdda2ogg                             lexgrog                               scrollkeeper-uninstall
cdda2wav                             libbluray_test                        scrollkeeper-update
cdda-player                          libieee1284_test                      sdiff
cd-drive                             libinput                              seahorse
cd-info                              libinput-debug-events                 sealert
cdparanoia                           libinput-list-devices                 seapplet
cd-paranoia                          libtar                                secon
cdrdao                               libtool                               secret-tool
cd-read                              libtoolize                            sed
cdrecord                             libwacom-list-local-devices           sedismod
centrino-decode                      link                                  sedispol
certutil                             linux32                               semodule_package
c++filt                              linux64                               sendiso
chacl                                linux-boot-prober                     seq
chage                                list_titles                           sessreg
chardetect                           liveinst                              setarch
charmap                              ln                                    setfacl
chattr                               loadkeys                              setfont
chcat                                loadunimap                            setkeycodes
chcon                                locale                                setlayout
checkisomd5                          localectl                             setleds
checkmodule                          localedef                             setmetamode
checkpolicy                          locate                                setpriv
cheetah                              logger                                setsid
cheetah-analyze                      login                                 setterm
cheetah-compile                      loginctl                              setup-nsssysinit
chfn                                 logname                               setup-nsssysinit.sh
chgrp                                look                                  setvtrgb
chmod                                lp                                    setxkbmap
chown                                lp.cups                               sexp-conv
chronyc                              lpoptions                             sfcaffinity
chrt                                 lppasswd                              sfcaffinity_tool
chsh                                 lpq                                   sftp
chvt                                 lpq.cups                              sg
ci                                   lpr                                   sh
cifsiostat                           lpr.cups                              sha1sum
cisco-decrypt                        lprm                                  sha224sum
cksum                                lprm.cups                             sha256sum
clear                                lprsetup.sh                           sha384sum
cloud-init                           lpstat                                sha512sum
cloud-init-per                       lpstat.cups                           show-changed-rco
cloud-init-upgrade                   ls                                    showconsolefont
clpi_dump                            lsattr                                show-installed
cmp                                  lsblk                                 showkey
cmsutil                              lsb_release                           showrgb
co                                   lscpu                                 shred
code                                 lsdiff                                shuf
col                                  lsinitrd                              signtool
colcrt                               lsipc                                 signver
colrm                                lslocks                               simple-scan
column                               lslogins                              size
combinedeltarpm                      lsns                                  skill
combinediff                          lsscsi                                slabtop
comm                                 lua                                   sleep
command                              luac                                  slogin
compare                              lz4                                   sndfile-resample
composite                            lz4c                                  snice
conjure                              lz4cat                                soelim
consolehelper                        m17n-conv                             sort
consolehelper-gtk                    m4                                    sotruss
convert                              machinectl                            sound_dump
coredumpctl                          mail                                  soundstretch
coverage                             Mail                                  spax
coverage2                            mailq                                 speaker-test
coverage-2.7                         mailq.postfix                         spice-vdagent
cp                                   mailx                                 splain
cpio                                 make                                  split
cpp                                  makedb                                splitdiff
cpupower                             makedeltarpm                          sprof
createrepo                           man                                   sqlite3
crlutil                              mandb                                 ssh
crontab                              manpath                               ssh-add
cscope                               mapscrn                               ssh-agent
cscope-indexer                       marco                                 ssh-copy-id
csplit                               marco-message                         ssh-keygen
csslint-0.6                          markdown_py                           ssh-keyscan
ctags                                mate-about                            ssltap
cue2toc                              mate-about-me                         stap
curl                                 mate-appearance-properties            stapbpf
cut                                  mate-at-properties                    stapdyn
cvt                                  mate-calc                             stap-merge
date                                 mate-calc-cmd                         stap-prep
db_archive                           mate-calculator                       stap-report
db_checkpoint                        mate-color-select                     staprun
db_deadlock                          mate-control-center                   stapsh
db_dump                              mate-cpufreq-selector                 startx
db_dump185                           mate-default-applications-properties  stat
db_hotbackup                         mate-desktop-item-edit                stdbuf
db_load                              mate-dictionary                       strace
db_log_verify                        mate-disk-usage-analyzer              strace-log-merge
db_printlog                          mate-display-properties               stream
db_recover                           mate-font-viewer                      strings
db_replicate                         mate-invest-chart                     strip
db_stat                              mate-keybinding-properties            stty
db_tuner                             mate-keyboard-properties              su
db_upgrade                           mate-mouse-properties                 sudo
dbus-binding-tool                    mate-network-properties               sudoedit
dbus-cleanup-sockets                 mate-notification-properties          sudoreplay
dbus-daemon                          mate-panel                            sum
dbus-launch                          mate-panel-screenshot                 svn
dbus-monitor                         mate-panel-test-applets               svnadmin
dbus-run-session                     mate-power-manager                    svndumpfilter
dbus-send                            mate-power-preferences                svnlook
dbus-test-tool                       mate-power-statistics                 svnrdump
dbus-update-activation-environment   mate-screensaver                      svnserve
dbus-uuidgen                         mate-screensaver-command              svnsync
db_verify                            mate-screensaver-preferences          svnversion
dc                                   mate-screenshot                       swig
dconf                                mate-search-tool                      sync
dconf-editor                         mate-session                          synclient
dd                                   mate-session-inhibit                  syndaemon
deallocvt                            mate-session-properties               system-config-abrt
debuginfo-install                    mate-session-save                     system-config-date
dehtmldiff                           mate-system-log                       system-config-language
desktop-file-edit                    mate-system-monitor                   system-config-printer
desktop-file-install                 mate-terminal                         system-config-printer-applet
desktop-file-validate                mate-terminal.wrapper                 system-config-users
devdump                              mate-thumbnail-font                   systemctl
df                                   mate-typing-monitor                   systemd-analyze
dgawk                                mate-volume-control                   systemd-ask-password
diff                                 mate-volume-control-applet            systemd-cat
diff3                                mate-window-properties                systemd-cgls
diffstat                             mate-wm                               systemd-cgtop
dir                                  mcookie                               systemd-coredumpctl
dircolors                            md5sum                                systemd-delta
dirname                              merge                                 systemd-detect-virt
display                              mergerepo                             systemd-escape
dmesg                                mesg                                  systemd-firstboot
dm-tool                              mixartloader                          systemd-hwdb
dnsdomainname                        mkdir                                 systemd-inhibit
domainname                           mkfifo                                systemd-loginctl
doxygen                              mkfontdir                             systemd-machine-id-setup
dracut                               mkfontscale                           systemd-notify
drill                                mkhybrid                              systemd-nspawn
du                                   mkinitrd                              systemd-path
dumpiso                              mkisofs                               systemd-run
dumpkeys                             mknod                                 systemd-stdio-bridge
dvcont                               mkrfc2734                             systemd-sysv-convert
dvd-ram-control                      mktemp                                systemd-tmpfiles
dvdrecord                            mmc-tool                              systemd-tty-ask-password-agent
dvd+rw-booktype                      mobj_dump                             tabs
dvd+rw-format                        modifyrepo                            tac
dvd+rw-mediainfo                     modutil                               tail
dvipdf                               mogrify                               tailf
dwp                                  mokutil                               tapestat
dwz                                  montage                               tar
easy_install                         more                                  taskset
easy_install-2.7                     mount                                 tbl
echo                                 mountpoint                            teamd
ed                                   mozo                                  teamdctl
edid-decode                          mpaste                                teamnl
editdiff                             mpls_dump                             tee
egrep                                mpstat                                test
eject                                msgattrib                             testgdbm
elfedit                              msgcat                                testlibraw
enchant                              msgcmp                                tic
enchant-lsmod                        msgcomm                               time
engrampa                             msgconv                               timedatectl
env                                  msgen                                 timeout
envsubst                             msgexec                               tload
eom                                  msgfilter                             tmon
eps2eps                              msgfmt                                toc2cddb
eqn                                  msggrep                               toc2cue
espdiff                              msghack                               toe
eu-addr2line                         msginit                               top
eu-ar                                msgmerge                              totem
eu-elfcmp                            msgunfmt                              totem-video-thumbnailer
eu-elfcompress                       msguniq                               touch
eu-elflint                           mv                                    tput
eu-findtextrel                       nail                                  tr
eu-make-debug-archive                namei                                 tracepath
eu-nm                                natpmpc                               tracepath6
eu-objdump                           ndctl                                 tracker
eu-ranlib                            ndptool                               transmission-create
eu-readelf                           needs-restarting                      transmission-edit
eu-size                              neqn                                  transmission-gtk
eu-stack                             netstat                               transmission-remote
eu-strings                           nettle-hash                           transmission-show
eu-strip                             nettle-lfib-stream                    troff
eu-unstrip                           newaliases                            true
ex                                   newaliases.postfix                    truncate
exempi                               newgrp                                trust
expand                               nf-ct-add                             tset
expr                                 nf-ct-list                            tsort
f95                                  nf-exp-add                            tty
factor                               nf-exp-delete                         turbostat
fallocate                            nf-exp-list                           tzselect
false                                nf-log                                ucs2any
fc                                   nf-monitor                            udevadm
fc-cache                             nf-queue                              udisksctl
fc-cache-64                          nfsiostat-sysstat                     ul
fc-cat                               ngettext                              ulockmgr_server
fc-conflist                          nice                                  umask
fc-list                              nisdomainname                         umount
fc-match                             nl                                    unalias
fc-pattern                           nl-addr-add                           uname
fc-query                             nl-addr-delete                        unexpand
fc-scan                              nl-addr-list                          unicode_start
fc-validate                          nl-class-add                          unicode_stop
fg                                   nl-class-delete                       uniq
fgconsole                            nl-classid-lookup                     unix-lpr.sh
fgrep                                nl-class-list                         unlink
file                                 nl-cls-add                            unlz4
filezilla                            nl-cls-delete                         unshare
filterdiff                           nl-cls-list                           unwrapdiff
find                                 nl-fib-lookup                         unxz
find2perl                            nl-link-enslave                       unzip
findmnt                              nl-link-ifindex2name                  unzipsfx
find-repos-of-install                nl-link-list                          update-ca-trust
fipscheck                            nl-link-name2ifindex                  updatedb
fipshmac                             nl-link-release                       update-desktop-database
firefox                              nl-link-set                           update-gtk-immodules
firewall-cmd                         nl-link-stats                         update-mime-database
firewall-config                      nl-list-caches                        upower
firewall-offline-cmd                 nl-list-sockets                       uptime
fixcvsdiff                           nl-monitor                            urlgrabber
flatpak                              nl-neigh-add                          userformat
flex                                 nl-neigh-delete                       userinfo
flex++                               nl-neigh-list                         usermount
flipdiff                             nl-neightbl-list                      userpasswd
flock                                nl-pktloc-lookup                      users
fmt                                  nl-qdisc-add                          usleep
fold                                 nl-qdisc-delete                       usx2yloader
font2c                               nl-qdisc-list                         utmpdump
fonttosfnt                           nl-route-add                          uuidgen
fortune                              nl-route-delete                       vcut
free                                 nl-route-get                          vdir
fribidi                              nl-route-list                         verifytree
fros                                 nl-rule-list                          vi
funzip                               nl-tctree-list                        view
fusermount                           nl-util-addr                          vim
fzputtygen                           nm                                    vimdiff
fzsftp                               nm-applet                             vimtutor
_g++                                 nmcli                                 vlock
gapplication                         nm-connection-editor                  vmmouse_detect
gawk                                 nm-online                             vmstat
_gcc                                 nmtui                                 vncconfig
gcc-ar                               nmtui-connect                         vncpasswd
gcc-nm                               nmtui-edit                            vorbiscomment
gcc-ranlib                           nmtui-hostname                        vxloader
gconf-merge-tree                     nohup                                 w
gconftool-2                          notify-send                           wait
gcore                                nproc                                 wall
gcov                                 nroff                                 watch
gcr-viewer                           nsenter                               watchgnupg
gdb                                  ntpstat                               wavpack
gdb-add-index                        numfmt                                wc
gdbus                                objcopy                               wdctl
gdk-pixbuf-query-loaders-64          objdump                               WebKitWebDriver
gdk-pixbuf-thumbnailer               obxprop                               wftopfa
gencat                               ocs                                   wget
gendiff                              od                                    whatis
genisoimage                          oddjob_request                        whereis
genl-ctrl-list                       ogg123                                which
geoiplookup                          oggdec                                whiptail
geoiplookup6                         oggenc                                who
geoipupdate                          ogginfo                               whoami
geqn                                 oldfind                               wnck-urgency-monitor
getconf                              onload                                wodim
getent                               onload_fuser                          write
getfacl                              onload_iptables                       wvgain
getkeycodes                          onload_metrics                        wvunpack
getopt                               onload_metrics_record                 X
getopts                              onload_mibdump                        x86_64
gettext                              onload_stackdump                      x86_64-redhat-linux-c++
gettextize                           onload_tcpdump                        x86_64-redhat-linux-g++
gettext.sh                           onload_tcpdump.bin                    x86_64-redhat-linux-gcc
gfortran                             open                                  x86_energy_perf_policy
ghostscript                          openbox                               xargs
gio                                  openbox-session                       xauth
gio-querymodules-64                  openssl                               xchat
git                                  openvt                                xdg-desktop-icon
git-receive-pack                     orc-bugreport                         xdg-desktop-menu
git-shell                            orm_json                              xdg-email
git-upload-archive                   orm_webserver                         xdg-icon-resource
git-upload-pack                      osinfo-db-export                      xdg-mime
gkbd-keyboard-display                osinfo-db-import                      xdg-open
glib-compile-schemas                 osinfo-db-path                        xdg-screensaver
glxgears                             osinfo-db-validate                    xdg-settings
glxinfo                              osinfo-detect                         xdg-user-dir
glxinfo64                            osinfo-install-script                 xdg-user-dirs-gtk-update
gmake                                osinfo-query                          xdg-user-dirs-update
gneqn                                os-prober                             xdpyinfo
gnome-abrt                           p11-kit                               xdriinfo
gnome-character-map                  package-cleanup                       xev
gnome-help                           pam-panel-icon                        xgamma
gnome-keyring                        panelctl                              xgettext
gnome-keyring-3                      pango-list                            xhost
gnome-keyring-daemon                 pango-querymodules-64                 xinit
gnote                                pango-view                            xinput
gnroff                               passwd                                xkbcomp
gparted                              paste                                 xkill
gpasswd                              patch                                 xlsatoms
gpg                                  pathchk                               xlsclients
gpg2                                 pathfix.py                            xlsfonts
gpg-agent                            pax                                   xmlcatalog
gpgconf                              pdf2dsc                               xmllint
gpg-connect-agent                    pdf2ps                                xmlwf
gpg-error                            peekfd                                xmodmap
gpgparsemail                         perl                                  Xorg
gpgsplit                             perl5.16.3                            xorg-x11-fonts-update-dirs
gpgv                                 perlbug                               xprop
gpgv2                                perldoc                               xrandr
gpg-zip                              perlthanks                            xrdb
gpic                                 pf2afm                                xrefresh
gprof                                pfbtopfa                              xset
gr2fonttest                          pfc                                   xsetmode
grep                                 pgawk                                 xsetpointer
grepdiff                             pgrep                                 xsetroot
grilo-test-ui-0.3                    pic                                   xsetwacom
grl-inspect-0.3                      piconv                                xsltproc
grl-launch-0.3                       pidstat                               xstdcmap
groff                                pinentry                              xvattr
grops                                pinentry-curses                       xvinfo
grotty                               pinentry-gtk                          Xvnc
groups                               pinentry-gtk-2                        xwininfo
growisofs                            ping                                  xxd
grub2-editenv                        ping6                                 xz
grub2-file                           pinky                                 xzcat
grub2-fstest                         pip                                   xzcmp
grub2-glue-efi                       pip2                                  xzdec
grub2-kbdcomp                        pip2.7                                xzdiff
grub2-menulst2cfg                    pitchplay                             xzegrep
grub2-mkfont                         pk12util                              xzfgrep
grub2-mkimage                        pkaction                              xzgrep
grub2-mklayout                       pkcheck                               xzless
grub2-mknetdir                       pkcs1-conv                            xzmore
grub2-mkpasswd-pbkdf2                pkexec                                yacc
grub2-mkrelpath                      pkg-config                            yelp
grub2-mkrescue                       pkill                                 yes
grub2-mkstandalone                   pkla-admin-identities                 ypdomainname
grub2-render-label                   pkla-check-authorization              yum
grub2-script-check                   pkttyagent                            yum-builddep
grub2-syslinux2cfg                   pl2pm                                 yum-config-manager
gs                                   pldd                                  yum-debug-dump
gsbj                                 plistutil                             yum-debug-restore
gsdj                                 pluma                                 yumdownloader
gsdj500                              plymouth                              yumex
gsettings                            pmap                                  yum-groups-manager
gsettings-data-convert               pod2html                              zcat
gsf-office-thumbnailer               pod2man                               zcmp
gslj                                 pod2text                              zdiff
gslp                                 pod2usage                             zegrep
gsnd                                 post-grohtml                          zenheiset
gsoelim                              powernow-k8-decode                    zenity
gstack                               pphs                                  zf_debug
gst-inspect-1.0                      pr                                    zfgrep
gst-launch-1.0                       preconv                               zforce
gst-stats-1.0                        pre-grohtml                           zf_stackdump
gst-typefind-1.0                     printafm                              zgrep
gtar                                 printenv                              zip
gtbl                                 printf                                zipcloak
gtf                                  prlimit                               zipgrep
gtk-launch                           prove                                 zipinfo
gtk-query-immodules-2.0-64           prtstat                               zipnote
gtk-query-immodules-3.0-64           ps                                    zipsplit
gtk-update-icon-cache                ps2ascii                              zless
gtroff                               ps2epsi                               zmore
gucharmap                            ps2pdf                                znew
gunzip                               ps2pdf12                              zsoelim
gupnp-dlna-info-2.0                  ps2pdf13
[root@izj6c4rpqm2vq9jxie4xrmz bin]# ls /usr/bin/g++
ls: cannot access /usr/bin/g++: No such file or directory
[root@izj6c4rpqm2vq9jxie4xrmz bin]# ls -sr g++ /opt/rh/devtoolset-8/root/usr/bin/g++
ls: cannot access g++: No such file or directory
1088 /opt/rh/devtoolset-8/root/usr/bin/g++
[root@izj6c4rpqm2vq9jxie4xrmz bin]# ls g++
ls: cannot access g++: No such file or directory
[root@izj6c4rpqm2vq9jxie4xrmz bin]# ls /opt/rh/devtoolset-8/root/usr/bin/g++
/opt/rh/devtoolset-8/root/usr/bin/g++
[root@izj6c4rpqm2vq9jxie4xrmz bin]# /opt/rh/devtoolset-8/root/usr/bin/g++
g++: fatal error: no input files
compilation terminated.
[root@izj6c4rpqm2vq9jxie4xrmz bin]# cp /opt/rh/devtoolset-8/root/usr/bin/g++ .
[root@izj6c4rpqm2vq9jxie4xrmz bin]# cp /opt/rh/devtoolset-8/root/usr/bin/gcc .
[root@izj6c4rpqm2vq9jxie4xrmz bin]# g++
g++: fatal error: no input files
compilation terminated.
[root@izj6c4rpqm2vq9jxie4xrmz bin]# cp /opt/rh/devtoolset-8/root/usr/bin/c++ .
cp: not writing through dangling symlink ./c++
[root@izj6c4rpqm2vq9jxie4xrmz bin]# cp /opt/rh/devtoolset-8/root/usr/bin/c++ .
cp: not writing through dangling symlink ./c++
[root@izj6c4rpqm2vq9jxie4xrmz bin]# c++
-bash: c++: command not found
[root@izj6c4rpqm2vq9jxie4xrmz bin]# ./c++
-bash: ./c++: No such file or directory
[root@izj6c4rpqm2vq9jxie4xrmz bin]# ls c++
c++
[root@izj6c4rpqm2vq9jxie4xrmz bin]# rm -rf c++
[root@izj6c4rpqm2vq9jxie4xrmz bin]# ls -sr c++ /opt/rh/devtoolset-8/root/usr/bin/c++
ls: cannot access c++: No such file or directory
1088 /opt/rh/devtoolset-8/root/usr/bin/c++
[root@izj6c4rpqm2vq9jxie4xrmz bin]# ./c++
-bash: ./c++: No such file or directory
[root@izj6c4rpqm2vq9jxie4xrmz bin]# ./c++^C
[root@izj6c4rpqm2vq9jxie4xrmz bin]# rm -f c++ g++ gcc
[root@izj6c4rpqm2vq9jxie4xrmz bin]# ln -sr gcc /opt/rh/devtoolset-8/root/usr/bin/gcc
ln: failed to create symbolic link /opt/rh/devtoolset-8/root/usr/bin/gcc: File exists
[root@izj6c4rpqm2vq9jxie4xrmz bin]# gcc
-bash: gcc: command not found
[root@izj6c4rpqm2vq9jxie4xrmz bin]# ln -sr /opt/rh/devtoolset-8/root/usr/bin/gcc gcc
[root@izj6c4rpqm2vq9jxie4xrmz bin]# gcc
gcc: fatal error: no input files
compilation terminated.
[root@izj6c4rpqm2vq9jxie4xrmz bin]# ln -sr /opt/rh/devtoolset-8/root/usr/bin/g++ g++
[root@izj6c4rpqm2vq9jxie4xrmz bin]# ln -sr /opt/rh/devtoolset-8/root/usr/bin/c++ c++
[root@izj6c4rpqm2vq9jxie4xrmz bin]# ls
[                                    gupnp-dlna-info-2.0                   ps2pdf14
2to3-3                               gupnp-dlna-ls-profiles-2.0            ps2pdfwr
2to3-3.6                             gvfs-cat                              ps2ps
7z                                   gvfs-copy                             ps2ps2
7za                                  gvfs-info                             psed
a2p                                  gvfs-less                             psfaddtable
abrt-action-analyze-backtrace        gvfs-ls                               psfgettable
abrt-action-analyze-c                gvfs-mime                             psfstriptable
abrt-action-analyze-ccpp-local       gvfs-mkdir                            psfxtable
abrt-action-analyze-core             gvfs-monitor-dir                      pstack
abrt-action-analyze-java             gvfs-monitor-file                     pstree
abrt-action-analyze-oops             gvfs-mount                            pstree.x11
abrt-action-analyze-python           gvfs-move                             pstruct
abrt-action-analyze-vmcore           gvfs-open                             ptx
abrt-action-analyze-vulnerability    gvfs-rename                           pwd
abrt-action-analyze-xorg             gvfs-rm                               pwdx
abrt-action-check-oops-for-hw-error  gvfs-save                             pwmake
abrt-action-generate-backtrace       gvfs-set-attribute                    pwscore
abrt-action-generate-core-backtrace  gvfs-trash                            pydoc
abrt-action-install-debuginfo        gvfs-tree                             pydoc3
abrt-action-list-dsos                gzexe                                 pydoc3.6
abrt-action-notify                   gzip                                  pygtk-demo
abrt-action-perform-ccpp-analysis    h2ph                                  pyinotify
abrt-action-save-kernel-data         hangul                                python
abrt-action-save-package-data        hdmv_test                             python2
abrt-action-trim-files               hdsploader                            python2.7
abrt-applet                          head                                  python3
abrt-dump-oops                       hexdump                               python36
abrt-dump-xorg                       hostid                                python3.6
abrt-handle-upload                   hostname                              python3.6-config
abrt-merge-pstoreoops                hostnamectl                           python3.6m
abrt-retrace-client                  hunspell                              python3.6m-config
abrt-watch-log                       i386                                  python3.6m-x86_64-config
aclocal                              ibus                                  python3-config
aclocal-1.13                         ibus-daemon                           pyvenv
aconnect                             ibus-setup                            pyvenv-3.6
addr2line                            ibus-table-createdb                   ranlib
alias                                iceauth                               rarian-example
alsabat                              icedax                                rarian-sk-config
alsa-delay                           iconv                                 rarian-sk-extract
alsaloop                             id                                    rarian-sk-gen-uuid
alsamixer                            ident                                 rarian-sk-get-cl
alsatplg                             identify                              rarian-sk-get-content-list
alsaucm                              idiag-socket-details                  rarian-sk-get-extended-content-list
alsaunmute                           idn                                   rarian-sk-get-scripts
amidi                                iecset                                rarian-sk-install
amixer                               ifnames                               rarian-sk-migrate
anaconda-cleanup                     igawk                                 rarian-sk-preinstall
anaconda-disable-nm-ibft-plugin      implantisomd5                         rarian-sk-rebuild
analog                               import                                rarian-sk-update
animate                              indent                                raw
aplay                                index_dump                            rcs
aplaymidi                            info                                  rcsclean
applydeltarpm                        infocmp                               rcsdiff
appstream-compose                    infokey                               rcsfreeze
appstream-util                       infotocap                             rcsmerge
apropos                              install                               read
ar                                   install-printerdriver                 readcd
arch                                 instperf                              readelf
arecord                              interdiff                             readlink
arecordmidi                          intltool-extract                      readmult
as                                   intltoolize                           readom
aseqdump                             intltool-merge                        realpath
aseqnet                              intltool-prepare                      recode
aserver                              intltool-update                       recode-sr-latin
at                                   ionice                                recountdiff
atq                                  iostat                                red
atril                                ipcalc                                redhat_lsb_init
atril-previewer                      ipcmk                                 rediff
atril-thumbnailer                    ipcrm                                 rename
atrm                                 ipcs                                  renice
audit2allow                          ipod-read-sysinfo-extended            repoclosure
audit2why                            iptables-xml                          repodiff
aulast                               iptc                                  repo-graph
aulastlog                            isdv4-serial-inputattach              repomanage
ausyscall                            isodebug                              repoquery
autoconf                             isodump                               repo-rss
autoheader                           isoinfo                               report-cli
autom4te                             iso-info                              reporter-bugzilla
automake                             iso-read                              reporter-mantisbt
automake-1.13                        isosize                               reporter-rhtsupport
autopoint                            isovfy                                reporter-upload
autoreconf                           jobs                                  reporter-ureport
autoscan                             join                                  report-gtk
autoupdate                           journalctl                            reposync
auvirt                               jsondiff                              repotrack
awk                                  jsonpatch                             reset
base64                               jsonpointer                           resizecons
basename                             kbdinfo                               rev
bash                                 kbd_mode                              rhythmbox
bashbug                              kbdrate                               rhythmbox-client
bashbug-64                           kdumpctl                              rlog
batch                                kernel-install                        rm
bc                                   kill                                  rmail
bdftopcf                             killall                               rmail.postfix
bdftruncate                          kmod                                  rmdir
bd_info                              ksflatten                             rpcgen
bdsplice                             ksshell                               rpm
bg                                   ksvalidator                           rpm2cpio
bison                                ksverdiff                             rpmbuild
bond2team                            last                                  rpmdb
bootctl                              lastb                                 rpmdumpheader
brasero                              lastlog                               rpmkeys
bunzip2                              lchfn                                 rpmquery
busctl                               lchsh                                 rpmsign
byacc                                ld                                    rpmspec
bzcat                                ld.bfd                                rpmverify
bzcmp                                ldd                                   rsync
bzdiff                               ld.gold                               rsyslog-recover-qi.pl
bzgrep                               ldns-chaos                            runcon
bzip2                                ldns-compare-zones                    run-parts
bzip2recover                         ldnsd                                 rvi
bzless                               ldns-dane                             rview
bzmore                               ldns-dpa                              rvim
_c++                                 ldns-gen-zone                         s2p
c++                                  ldns-key2ds                           sadf
c2ph                                 ldns-keyfetcher                       sandbox
c89                                  ldns-keygen                           sar
c99                                  ldns-mx                               satyr
cairo-sphinx                         ldns-notify                           scl
caja                                 ldns-nsec3-hash                       scl_enabled
caja-autorun-software                ldns-read-zone                        scl_source
caja-connect-server                  ldns-resolver                         scp
caja-file-management-properties      ldns-revoke                           scp-dbus-service
caja-sendto                          ldns-rrsig                            script
cal                                  ldns-signzone                         scriptreplay
ca-legacy                            ldns-test-edns                        scrollkeeper-config
canberra-boot                        ldns-testns                           scrollkeeper-extract
canberra-gtk-play                    ldns-update                           scrollkeeper-gen-seriesid
cancel                               ldns-verify-zone                      scrollkeeper-get-cl
cancel.cups                          ldns-version                          scrollkeeper-get-content-list
captoinfo                            ldns-walk                             scrollkeeper-get-extended-content-list
cat                                  ldns-zcat                             scrollkeeper-get-index-from-docpath
catchsegv                            ldns-zsplit                           scrollkeeper-get-toc-from-docpath
catman                               less                                  scrollkeeper-get-toc-from-id
cc                                   lessecho                              scrollkeeper-install
ccache-swig                          lesskey                               scrollkeeper-preinstall
cd                                   lesspipe.sh                           scrollkeeper-rebuilddb
cdda2ogg                             lex                                   scrollkeeper-uninstall
cdda2wav                             lexgrog                               scrollkeeper-update
cdda-player                          libbluray_test                        sdiff
cd-drive                             libieee1284_test                      seahorse
cd-info                              libinput                              sealert
cdparanoia                           libinput-debug-events                 seapplet
cd-paranoia                          libinput-list-devices                 secon
cdrdao                               libtar                                secret-tool
cd-read                              libtool                               sed
cdrecord                             libtoolize                            sedismod
centrino-decode                      libwacom-list-local-devices           sedispol
certutil                             link                                  semodule_package
c++filt                              linux32                               sendiso
chacl                                linux64                               seq
chage                                linux-boot-prober                     sessreg
chardetect                           list_titles                           setarch
charmap                              liveinst                              setfacl
chattr                               ln                                    setfont
chcat                                loadkeys                              setkeycodes
chcon                                loadunimap                            setlayout
checkisomd5                          locale                                setleds
checkmodule                          localectl                             setmetamode
checkpolicy                          localedef                             setpriv
cheetah                              locate                                setsid
cheetah-analyze                      logger                                setterm
cheetah-compile                      login                                 setup-nsssysinit
chfn                                 loginctl                              setup-nsssysinit.sh
chgrp                                logname                               setvtrgb
chmod                                look                                  setxkbmap
chown                                lp                                    sexp-conv
chronyc                              lp.cups                               sfcaffinity
chrt                                 lpoptions                             sfcaffinity_tool
chsh                                 lppasswd                              sftp
chvt                                 lpq                                   sg
ci                                   lpq.cups                              sh
cifsiostat                           lpr                                   sha1sum
cisco-decrypt                        lpr.cups                              sha224sum
cksum                                lprm                                  sha256sum
clear                                lprm.cups                             sha384sum
cloud-init                           lprsetup.sh                           sha512sum
cloud-init-per                       lpstat                                show-changed-rco
cloud-init-upgrade                   lpstat.cups                           showconsolefont
clpi_dump                            ls                                    show-installed
cmp                                  lsattr                                showkey
cmsutil                              lsblk                                 showrgb
co                                   lsb_release                           shred
code                                 lscpu                                 shuf
col                                  lsdiff                                signtool
colcrt                               lsinitrd                              signver
colrm                                lsipc                                 simple-scan
column                               lslocks                               size
combinedeltarpm                      lslogins                              skill
combinediff                          lsns                                  slabtop
comm                                 lsscsi                                sleep
command                              lua                                   slogin
compare                              luac                                  sndfile-resample
composite                            lz4                                   snice
conjure                              lz4c                                  soelim
consolehelper                        lz4cat                                sort
consolehelper-gtk                    m17n-conv                             sotruss
convert                              m4                                    sound_dump
coredumpctl                          machinectl                            soundstretch
coverage                             mail                                  spax
coverage2                            Mail                                  speaker-test
coverage-2.7                         mailq                                 spice-vdagent
cp                                   mailq.postfix                         splain
cpio                                 mailx                                 split
cpp                                  make                                  splitdiff
cpupower                             makedb                                sprof
createrepo                           makedeltarpm                          sqlite3
crlutil                              man                                   ssh
crontab                              mandb                                 ssh-add
cscope                               manpath                               ssh-agent
cscope-indexer                       mapscrn                               ssh-copy-id
csplit                               marco                                 ssh-keygen
csslint-0.6                          marco-message                         ssh-keyscan
ctags                                markdown_py                           ssltap
cue2toc                              mate-about                            stap
curl                                 mate-about-me                         stapbpf
cut                                  mate-appearance-properties            stapdyn
cvt                                  mate-at-properties                    stap-merge
date                                 mate-calc                             stap-prep
db_archive                           mate-calc-cmd                         stap-report
db_checkpoint                        mate-calculator                       staprun
db_deadlock                          mate-color-select                     stapsh
db_dump                              mate-control-center                   startx
db_dump185                           mate-cpufreq-selector                 stat
db_hotbackup                         mate-default-applications-properties  stdbuf
db_load                              mate-desktop-item-edit                strace
db_log_verify                        mate-dictionary                       strace-log-merge
db_printlog                          mate-disk-usage-analyzer              stream
db_recover                           mate-display-properties               strings
db_replicate                         mate-font-viewer                      strip
db_stat                              mate-invest-chart                     stty
db_tuner                             mate-keybinding-properties            su
db_upgrade                           mate-keyboard-properties              sudo
dbus-binding-tool                    mate-mouse-properties                 sudoedit
dbus-cleanup-sockets                 mate-network-properties               sudoreplay
dbus-daemon                          mate-notification-properties          sum
dbus-launch                          mate-panel                            svn
dbus-monitor                         mate-panel-screenshot                 svnadmin
dbus-run-session                     mate-panel-test-applets               svndumpfilter
dbus-send                            mate-power-manager                    svnlook
dbus-test-tool                       mate-power-preferences                svnrdump
dbus-update-activation-environment   mate-power-statistics                 svnserve
dbus-uuidgen                         mate-screensaver                      svnsync
db_verify                            mate-screensaver-command              svnversion
dc                                   mate-screensaver-preferences          swig
dconf                                mate-screenshot                       sync
dconf-editor                         mate-search-tool                      synclient
dd                                   mate-session                          syndaemon
deallocvt                            mate-session-inhibit                  system-config-abrt
debuginfo-install                    mate-session-properties               system-config-date
dehtmldiff                           mate-session-save                     system-config-language
desktop-file-edit                    mate-system-log                       system-config-printer
desktop-file-install                 mate-system-monitor                   system-config-printer-applet
desktop-file-validate                mate-terminal                         system-config-users
devdump                              mate-terminal.wrapper                 systemctl
df                                   mate-thumbnail-font                   systemd-analyze
dgawk                                mate-typing-monitor                   systemd-ask-password
diff                                 mate-volume-control                   systemd-cat
diff3                                mate-volume-control-applet            systemd-cgls
diffstat                             mate-window-properties                systemd-cgtop
dir                                  mate-wm                               systemd-coredumpctl
dircolors                            mcookie                               systemd-delta
dirname                              md5sum                                systemd-detect-virt
display                              merge                                 systemd-escape
dmesg                                mergerepo                             systemd-firstboot
dm-tool                              mesg                                  systemd-hwdb
dnsdomainname                        mixartloader                          systemd-inhibit
domainname                           mkdir                                 systemd-loginctl
doxygen                              mkfifo                                systemd-machine-id-setup
dracut                               mkfontdir                             systemd-notify
drill                                mkfontscale                           systemd-nspawn
du                                   mkhybrid                              systemd-path
dumpiso                              mkinitrd                              systemd-run
dumpkeys                             mkisofs                               systemd-stdio-bridge
dvcont                               mknod                                 systemd-sysv-convert
dvd-ram-control                      mkrfc2734                             systemd-tmpfiles
dvdrecord                            mktemp                                systemd-tty-ask-password-agent
dvd+rw-booktype                      mmc-tool                              tabs
dvd+rw-format                        mobj_dump                             tac
dvd+rw-mediainfo                     modifyrepo                            tail
dvipdf                               modutil                               tailf
dwp                                  mogrify                               tapestat
dwz                                  mokutil                               tar
easy_install                         montage                               taskset
easy_install-2.7                     more                                  tbl
echo                                 mount                                 teamd
ed                                   mountpoint                            teamdctl
edid-decode                          mozo                                  teamnl
editdiff                             mpaste                                tee
egrep                                mpls_dump                             test
eject                                mpstat                                testgdbm
elfedit                              msgattrib                             testlibraw
enchant                              msgcat                                tic
enchant-lsmod                        msgcmp                                time
engrampa                             msgcomm                               timedatectl
env                                  msgconv                               timeout
envsubst                             msgen                                 tload
eom                                  msgexec                               tmon
eps2eps                              msgfilter                             toc2cddb
eqn                                  msgfmt                                toc2cue
espdiff                              msggrep                               toe
eu-addr2line                         msghack                               top
eu-ar                                msginit                               totem
eu-elfcmp                            msgmerge                              totem-video-thumbnailer
eu-elfcompress                       msgunfmt                              touch
eu-elflint                           msguniq                               tput
eu-findtextrel                       mv                                    tr
eu-make-debug-archive                nail                                  tracepath
eu-nm                                namei                                 tracepath6
eu-objdump                           natpmpc                               tracker
eu-ranlib                            ndctl                                 transmission-create
eu-readelf                           ndptool                               transmission-edit
eu-size                              needs-restarting                      transmission-gtk
eu-stack                             neqn                                  transmission-remote
eu-strings                           netstat                               transmission-show
eu-strip                             nettle-hash                           troff
eu-unstrip                           nettle-lfib-stream                    true
ex                                   newaliases                            truncate
exempi                               newaliases.postfix                    trust
expand                               newgrp                                tset
expr                                 nf-ct-add                             tsort
f95                                  nf-ct-list                            tty
factor                               nf-exp-add                            turbostat
fallocate                            nf-exp-delete                         tzselect
false                                nf-exp-list                           ucs2any
fc                                   nf-log                                udevadm
fc-cache                             nf-monitor                            udisksctl
fc-cache-64                          nf-queue                              ul
fc-cat                               nfsiostat-sysstat                     ulockmgr_server
fc-conflist                          ngettext                              umask
fc-list                              nice                                  umount
fc-match                             nisdomainname                         unalias
fc-pattern                           nl                                    uname
fc-query                             nl-addr-add                           unexpand
fc-scan                              nl-addr-delete                        unicode_start
fc-validate                          nl-addr-list                          unicode_stop
fg                                   nl-class-add                          uniq
fgconsole                            nl-class-delete                       unix-lpr.sh
fgrep                                nl-classid-lookup                     unlink
file                                 nl-class-list                         unlz4
filezilla                            nl-cls-add                            unshare
filterdiff                           nl-cls-delete                         unwrapdiff
find                                 nl-cls-list                           unxz
find2perl                            nl-fib-lookup                         unzip
findmnt                              nl-link-enslave                       unzipsfx
find-repos-of-install                nl-link-ifindex2name                  update-ca-trust
fipscheck                            nl-link-list                          updatedb
fipshmac                             nl-link-name2ifindex                  update-desktop-database
firefox                              nl-link-release                       update-gtk-immodules
firewall-cmd                         nl-link-set                           update-mime-database
firewall-config                      nl-link-stats                         upower
firewall-offline-cmd                 nl-list-caches                        uptime
fixcvsdiff                           nl-list-sockets                       urlgrabber
flatpak                              nl-monitor                            userformat
flex                                 nl-neigh-add                          userinfo
flex++                               nl-neigh-delete                       usermount
flipdiff                             nl-neigh-list                         userpasswd
flock                                nl-neightbl-list                      users
fmt                                  nl-pktloc-lookup                      usleep
fold                                 nl-qdisc-add                          usx2yloader
font2c                               nl-qdisc-delete                       utmpdump
fonttosfnt                           nl-qdisc-list                         uuidgen
fortune                              nl-route-add                          vcut
free                                 nl-route-delete                       vdir
fribidi                              nl-route-get                          verifytree
fros                                 nl-route-list                         vi
funzip                               nl-rule-list                          view
fusermount                           nl-tctree-list                        vim
fzputtygen                           nl-util-addr                          vimdiff
fzsftp                               nm                                    vimtutor
_g++                                 nm-applet                             vlock
g++                                  nmcli                                 vmmouse_detect
gapplication                         nm-connection-editor                  vmstat
gawk                                 nm-online                             vncconfig
gcc                                  nmtui                                 vncpasswd
_gcc                                 nmtui-connect                         vorbiscomment
gcc-ar                               nmtui-edit                            vxloader
gcc-nm                               nmtui-hostname                        w
gcc-ranlib                           nohup                                 wait
gconf-merge-tree                     notify-send                           wall
gconftool-2                          nproc                                 watch
gcore                                nroff                                 watchgnupg
gcov                                 nsenter                               wavpack
gcr-viewer                           ntpstat                               wc
gdb                                  numfmt                                wdctl
gdb-add-index                        objcopy                               WebKitWebDriver
gdbus                                objdump                               wftopfa
gdk-pixbuf-query-loaders-64          obxprop                               wget
gdk-pixbuf-thumbnailer               ocs                                   whatis
gencat                               od                                    whereis
gendiff                              oddjob_request                        which
genisoimage                          ogg123                                whiptail
genl-ctrl-list                       oggdec                                who
geoiplookup                          oggenc                                whoami
geoiplookup6                         ogginfo                               wnck-urgency-monitor
geoipupdate                          oldfind                               wodim
geqn                                 onload                                write
getconf                              onload_fuser                          wvgain
getent                               onload_iptables                       wvunpack
getfacl                              onload_metrics                        X
getkeycodes                          onload_metrics_record                 x86_64
getopt                               onload_mibdump                        x86_64-redhat-linux-c++
getopts                              onload_stackdump                      x86_64-redhat-linux-g++
gettext                              onload_tcpdump                        x86_64-redhat-linux-gcc
gettextize                           onload_tcpdump.bin                    x86_energy_perf_policy
gettext.sh                           open                                  xargs
gfortran                             openbox                               xauth
ghostscript                          openbox-session                       xchat
gio                                  openssl                               xdg-desktop-icon
gio-querymodules-64                  openvt                                xdg-desktop-menu
git                                  orc-bugreport                         xdg-email
git-receive-pack                     orm_json                              xdg-icon-resource
git-shell                            orm_webserver                         xdg-mime
git-upload-archive                   osinfo-db-export                      xdg-open
git-upload-pack                      osinfo-db-import                      xdg-screensaver
gkbd-keyboard-display                osinfo-db-path                        xdg-settings
glib-compile-schemas                 osinfo-db-validate                    xdg-user-dir
glxgears                             osinfo-detect                         xdg-user-dirs-gtk-update
glxinfo                              osinfo-install-script                 xdg-user-dirs-update
glxinfo64                            osinfo-query                          xdpyinfo
gmake                                os-prober                             xdriinfo
gneqn                                p11-kit                               xev
gnome-abrt                           package-cleanup                       xgamma
gnome-character-map                  pam-panel-icon                        xgettext
gnome-help                           panelctl                              xhost
gnome-keyring                        pango-list                            xinit
gnome-keyring-3                      pango-querymodules-64                 xinput
gnome-keyring-daemon                 pango-view                            xkbcomp
gnote                                passwd                                xkill
gnroff                               paste                                 xlsatoms
gparted                              patch                                 xlsclients
gpasswd                              pathchk                               xlsfonts
gpg                                  pathfix.py                            xmlcatalog
gpg2                                 pax                                   xmllint
gpg-agent                            pdf2dsc                               xmlwf
gpgconf                              pdf2ps                                xmodmap
gpg-connect-agent                    peekfd                                Xorg
gpg-error                            perl                                  xorg-x11-fonts-update-dirs
gpgparsemail                         perl5.16.3                            xprop
gpgsplit                             perlbug                               xrandr
gpgv                                 perldoc                               xrdb
gpgv2                                perlthanks                            xrefresh
gpg-zip                              pf2afm                                xset
gpic                                 pfbtopfa                              xsetmode
gprof                                pfc                                   xsetpointer
gr2fonttest                          pgawk                                 xsetroot
grep                                 pgrep                                 xsetwacom
grepdiff                             pic                                   xsltproc
grilo-test-ui-0.3                    piconv                                xstdcmap
grl-inspect-0.3                      pidstat                               xvattr
grl-launch-0.3                       pinentry                              xvinfo
groff                                pinentry-curses                       Xvnc
grops                                pinentry-gtk                          xwininfo
grotty                               pinentry-gtk-2                        xxd
groups                               ping                                  xz
growisofs                            ping6                                 xzcat
grub2-editenv                        pinky                                 xzcmp
grub2-file                           pip                                   xzdec
grub2-fstest                         pip2                                  xzdiff
grub2-glue-efi                       pip2.7                                xzegrep
grub2-kbdcomp                        pitchplay                             xzfgrep
grub2-menulst2cfg                    pk12util                              xzgrep
grub2-mkfont                         pkaction                              xzless
grub2-mkimage                        pkcheck                               xzmore
grub2-mklayout                       pkcs1-conv                            yacc
grub2-mknetdir                       pkexec                                yelp
grub2-mkpasswd-pbkdf2                pkg-config                            yes
grub2-mkrelpath                      pkill                                 ypdomainname
grub2-mkrescue                       pkla-admin-identities                 yum
grub2-mkstandalone                   pkla-check-authorization              yum-builddep
grub2-render-label                   pkttyagent                            yum-config-manager
grub2-script-check                   pl2pm                                 yum-debug-dump
grub2-syslinux2cfg                   pldd                                  yum-debug-restore
gs                                   plistutil                             yumdownloader
gsbj                                 pluma                                 yumex
gsdj                                 plymouth                              yum-groups-manager
gsdj500                              pmap                                  zcat
gsettings                            pod2html                              zcmp
gsettings-data-convert               pod2man                               zdiff
gsf-office-thumbnailer               pod2text                              zegrep
gslj                                 pod2usage                             zenheiset
gslp                                 post-grohtml                          zenity
gsnd                                 powernow-k8-decode                    zf_debug
gsoelim                              pphs                                  zfgrep
gstack                               pr                                    zforce
gst-inspect-1.0                      preconv                               zf_stackdump
gst-launch-1.0                       pre-grohtml                           zgrep
gst-stats-1.0                        printafm                              zip
gst-typefind-1.0                     printenv                              zipcloak
gtar                                 printf                                zipgrep
gtbl                                 prlimit                               zipinfo
gtf                                  prove                                 zipnote
gtk-launch                           prtstat                               zipsplit
gtk-query-immodules-2.0-64           ps                                    zless
gtk-query-immodules-3.0-64           ps2ascii                              zmore
gtk-update-icon-cache                ps2epsi                               znew
gtroff                               ps2pdf                                zsoelim
gucharmap                            ps2pdf12
gunzip                               ps2pdf13
[root@izj6c4rpqm2vq9jxie4xrmz bin]# cd
[root@izj6c4rpqm2vq9jxie4xrmz ~]# ls
Desktop    Downloads  Music     projects  tacfeed_api_shfe_v4.0.4  tacZip     Videos
Documents  include    Pictures  Public    tacmars_api_v1.3.1       Templates  vntac.h
[root@izj6c4rpqm2vq9jxie4xrmz ~]# cd projects/
[root@izj6c4rpqm2vq9jxie4xrmz projects]# ls
vntac.h  vntactd  vntactdConsoleApp
[root@izj6c4rpqm2vq9jxie4xrmz projects]# cd vntactd
[root@izj6c4rpqm2vq9jxie4xrmz vntactd]# ls
bin  include  main.cpp  obj  targetver.h  vntac  vntactd.cpp  vntactd.h
[root@izj6c4rpqm2vq9jxie4xrmz vntactd]# scl enable devtoolset^C
[root@izj6c4rpqm2vq9jxie4xrmz vntactd]#
[root@izj6c4rpqm2vq9jxie4xrmz vntactd]# ls
bin  include  main.cpp  obj  targetver.h  vntac  vntactd.cpp  vntactd.h
[root@izj6c4rpqm2vq9jxie4xrmz vntactd]# gcc vntactd.cpp
In file included from vntactd.cpp:1:
vntactd.h:6:10: fatal error: vntac.h: No such file or directory
 #include "vntac.h"
          ^~~~~~~~~
compilation terminated.
[root@izj6c4rpqm2vq9jxie4xrmz vntactd]#
[root@izj6c4rpqm2vq9jxie4xrmz vntactd]#
[root@izj6c4rpqm2vq9jxie4xrmz vntactd]# gcc vntactd.cpp -I ..
In file included from vntactd.h:6,
                 from vntactd.cpp:1:
../vntac.h:6:10: fatal error: codecvt.h: No such file or directory
 #include <codecvt.h>
          ^~~~~~~~~~~
compilation terminated.
[root@izj6c4rpqm2vq9jxie4xrmz vntactd]# gcc vntactd.cpp -I..
In file included from vntactd.h:6,
                 from vntactd.cpp:1:
../vntac.h:6:10: fatal error: codecvt.h: No such file or directory
 #include <codecvt.h>
          ^~~~~~~~~~~
compilation terminated.
[root@izj6c4rpqm2vq9jxie4xrmz vntactd]# ls
bin  include  main.cpp  obj  targetver.h  vntac  vntactd.cpp  vntactd.h
[root@izj6c4rpqm2vq9jxie4xrmz vntactd]# cd ..
[root@izj6c4rpqm2vq9jxie4xrmz projects]# ls
vntac.h  vntactd  vntactdConsoleApp
[root@izj6c4rpqm2vq9jxie4xrmz projects]# cd vntactd
[root@izj6c4rpqm2vq9jxie4xrmz vntactd]# gcc vntactd.cpp
In file included from vntactd.cpp:1:
vntactd.h:6:10: fatal error: vntac.h: No such file or directory
 #include "vntac.h"
          ^~~~~~~~~
compilation terminated.
[root@izj6c4rpqm2vq9jxie4xrmz vntactd]# pwd
/root/projects/vntactd
[root@izj6c4rpqm2vq9jxie4xrmz vntactd]# gcc vntactd.cpp -I ^C
[root@izj6c4rpqm2vq9jxie4xrmz vntactd]# cd ..
[root@izj6c4rpqm2vq9jxie4xrmz projects]# pwd
/root/projects
[root@izj6c4rpqm2vq9jxie4xrmz projects]# ls
vntac.h  vntactd  vntactdConsoleApp
[root@izj6c4rpqm2vq9jxie4xrmz projects]# cd vntactd
[root@izj6c4rpqm2vq9jxie4xrmz vntactd]# gcc vntactd.cpp -I/root/projects/vntactd
In file included from vntactd.cpp:1:
vntactd.h:6:10: fatal error: vntac.h: No such file or directory
 #include "vntac.h"
          ^~~~~~~~~
compilation terminated.
[root@izj6c4rpqm2vq9jxie4xrmz vntactd]# g++ vntactd.cpp -I/root/projects/vntactd^C
[root@izj6c4rpqm2vq9jxie4xrmz vntactd]# cp ../vntac.h .
[root@izj6c4rpqm2vq9jxie4xrmz vntactd]# g++ vntactd.cpp
In file included from vntactd.h:6,
                 from vntactd.cpp:1:
vntac.h:6:10: fatal error: codecvt.h: No such file or directory
 #include <codecvt.h>
          ^~~~~~~~~~~
compilation terminated.
[root@izj6c4rpqm2vq9jxie4xrmz vntactd]# vim vntac.h
[root@izj6c4rpqm2vq9jxie4xrmz vntactd]#
[root@izj6c4rpqm2vq9jxie4xrmz vntactd]# g++ vntactd.cpp
In file included from vntactd.h:6,
                 from vntactd.cpp:1:
vntac.h:9:10: fatal error: pybind11/pybind11.h: No such file or directory
 #include "pybind11/pybind11.h"
          ^~~~~~~~~~~~~~~~~~~~~
compilation terminated.
[root@izj6c4rpqm2vq9jxie4xrmz vntactd]# ls
bin  include  main.cpp  obj  targetver.h  vntac  vntac.h  vntactd.cpp  vntactd.h
[root@izj6c4rpqm2vq9jxie4xrmz vntactd]# locate pybind11
/root/projects/vntactd/include/pybind11
/root/projects/vntactd/include/pybind11/attr.h
/root/projects/vntactd/include/pybind11/buffer_info.h
/root/projects/vntactd/include/pybind11/cast.h
/root/projects/vntactd/include/pybind11/chrono.h
/root/projects/vntactd/include/pybind11/common.h
/root/projects/vntactd/include/pybind11/complex.h
/root/projects/vntactd/include/pybind11/detail
/root/projects/vntactd/include/pybind11/eigen.h
/root/projects/vntactd/include/pybind11/embed.h
/root/projects/vntactd/include/pybind11/eval.h
/root/projects/vntactd/include/pybind11/functional.h
/root/projects/vntactd/include/pybind11/iostream.h
/root/projects/vntactd/include/pybind11/numpy.h
/root/projects/vntactd/include/pybind11/operators.h
/root/projects/vntactd/include/pybind11/options.h
/root/projects/vntactd/include/pybind11/pybind11.h
/root/projects/vntactd/include/pybind11/pytypes.h
/root/projects/vntactd/include/pybind11/stl.h
/root/projects/vntactd/include/pybind11/stl_bind.h
/root/projects/vntactd/include/pybind11/detail/class.h
/root/projects/vntactd/include/pybind11/detail/common.h
/root/projects/vntactd/include/pybind11/detail/descr.h
/root/projects/vntactd/include/pybind11/detail/init.h
/root/projects/vntactd/include/pybind11/detail/internals.h
/root/projects/vntactd/include/pybind11/detail/typeid.h
[root@izj6c4rpqm2vq9jxie4xrmz vntactd]# g++ vntactd.cpp -Iinclude
In file included from include/pybind11/pytypes.h:12,
                 from include/pybind11/cast.h:13,
                 from include/pybind11/attr.h:13,
                 from include/pybind11/pybind11.h:44,
                 from vntac.h:9,
                 from vntactd.h:6,
                 from vntactd.cpp:1:
include/pybind11/detail/common.h:112:10: fatal error: Python.h: No such file or directory
 #include <Python.h>
          ^~~~~~~~~~
compilation terminated.
[root@izj6c4rpqm2vq9jxie4xrmz vntactd]# locate Python.h
/usr/include/python3.6m/Python.h
[root@izj6c4rpqm2vq9jxie4xrmz vntactd]# g++ vntactd.cpp -Iinclude -I/usr/include/python3.6m/
In file included from vntactd.h:6,
                 from vntactd.cpp:1:
vntac.h:109:32: error: dict_iterator in namespace pybind11 does not name a type
 void getString(const pybind11::dict_iterator &d, const char *key, string_literal<size> &value)
                                ^~~~~~~~~~~~~
vntac.h:109:22: note: suggested alternative: make_iterator
 void getString(const pybind11::dict_iterator &d, const char *key, string_literal<size> &value)
                      ^~~~~~~~
                      make_iterator
vntac.h: In function void getString(const int&, const char*, char (&)[size]):
vntac.h:111:8: error: request for member contains in d, which is of non-class type const int
  if (d.contains(key))
        ^~~~~~~~
vntac.h: In function std::string toUtf(const string&):
vntac.h:140:19: error: codecvt_utf8 was not declared in this scope
   wstring_convert<codecvt_utf8<wchar_t>> cutf8;
                   ^~~~~~~~~~~~
vntac.h:140:39: error: template argument 1 is invalid
   wstring_convert<codecvt_utf8<wchar_t>> cutf8;
                                       ^~
vntac.h:141:16: error: request for member to_bytes in cutf8, which is of non-class type int
   return cutf8.to_bytes(wstring(wstr.data(), wstrEnd));
                ^~~~~~~~
vntactd.cpp: In member function void TdApi::processRspError(Task*):
vntactd.cpp:325:16: warning: deleting void* is undefined [-Wdelete-incomplete]
   delete task->task_error;
                ^~~~~~~~~~
vntactd.cpp: In member function void TdApi::processRspUserLogin(Task*):
vntactd.cpp:342:16: warning: deleting void* is undefined [-Wdelete-incomplete]
   delete task->task_data;
                ^~~~~~~~~
vntactd.cpp:350:16: warning: deleting void* is undefined [-Wdelete-incomplete]
   delete task->task_error;
                ^~~~~~~~~~
vntactd.cpp: In member function void TdApi::processRspUserLogout(Task*):
vntactd.cpp:363:16: warning: deleting void* is undefined [-Wdelete-incomplete]
   delete task->task_data;
                ^~~~~~~~~
vntactd.cpp:371:16: warning: deleting void* is undefined [-Wdelete-incomplete]
   delete task->task_error;
                ^~~~~~~~~~
vntactd.cpp: In member function void TdApi::processRspOrderInsert(Task*):
vntactd.cpp:387:16: warning: deleting void* is undefined [-Wdelete-incomplete]
   delete task->task_data;
                ^~~~~~~~~
vntactd.cpp:395:16: warning: deleting void* is undefined [-Wdelete-incomplete]
   delete task->task_error;
                ^~~~~~~~~~
vntactd.cpp: In member function void TdApi::processRspOrderAction(Task*):
vntactd.cpp:410:16: warning: deleting void* is undefined [-Wdelete-incomplete]
   delete task->task_data;
                ^~~~~~~~~
vntactd.cpp:418:16: warning: deleting void* is undefined [-Wdelete-incomplete]
   delete task->task_error;
                ^~~~~~~~~~
vntactd.cpp: In member function void TdApi::processRtnOrder(Task*):
vntactd.cpp:446:16: warning: deleting void* is undefined [-Wdelete-incomplete]
   delete task->task_data;
                ^~~~~~~~~
vntactd.cpp: In member function void TdApi::processRtnTrade(Task*):
vntactd.cpp:470:16: warning: deleting void* is undefined [-Wdelete-incomplete]
   delete task->task_data;
                ^~~~~~~~~
vntactd.cpp: In member function void TdApi::processRspQryInstrument(Task*):
vntactd.cpp:500:16: warning: deleting void* is undefined [-Wdelete-incomplete]
   delete task->task_data;
                ^~~~~~~~~
vntactd.cpp:508:16: warning: deleting void* is undefined [-Wdelete-incomplete]
   delete task->task_error;
                ^~~~~~~~~~
vntactd.cpp: In member function void TdApi::processRspQryAccount(Task*):
vntactd.cpp:530:16: warning: deleting void* is undefined [-Wdelete-incomplete]
   delete task->task_data;
                ^~~~~~~~~
vntactd.cpp:538:16: warning: deleting void* is undefined [-Wdelete-incomplete]
   delete task->task_error;
                ^~~~~~~~~~
vntactd.cpp: In member function void TdApi::processRspQryPosition(Task*):
vntactd.cpp:558:16: warning: deleting void* is undefined [-Wdelete-incomplete]
   delete task->task_data;
                ^~~~~~~~~
vntactd.cpp:566:16: warning: deleting void* is undefined [-Wdelete-incomplete]
   delete task->task_error;
                ^~~~~~~~~~
vntactd.cpp: In member function int TdApi::reqUserLogin(const pybind11::dict&, int):
vntactd.cpp:622:39: error: no matching function for call to getString(const pybind11::dict&, const char [7], TTacFtdcUserIDType)
  getString(req, "UserID", myreq.UserID);
                                       ^
In file included from vntactd.h:6,
                 from vntactd.cpp:1:
vntac.h:109:6: note: candidate: template<long unsigned int size> void getString(const int&, const char*, char (&)[size])
 void getString(const pybind11::dict_iterator &d, const char *key, string_literal<size> &value)
      ^~~~~~~~~
vntac.h:109:6: note:   template argument deduction/substitution failed:
vntactd.cpp:622:12: note:   cannot convert req (type const pybind11::dict) to type const int&
  getString(req, "UserID", myreq.UserID);
            ^~~
vntactd.cpp:623:43: error: no matching function for call to getString(const pybind11::dict&, const char [9], TTacFtdcPasswordType)
  getString(req, "Password", myreq.Password);
                                           ^
In file included from vntactd.h:6,
                 from vntactd.cpp:1:
vntac.h:109:6: note: candidate: template<long unsigned int size> void getString(const int&, const char*, char (&)[size])
 void getString(const pybind11::dict_iterator &d, const char *key, string_literal<size> &value)
      ^~~~~~~~~
vntac.h:109:6: note:   template argument deduction/substitution failed:
vntactd.cpp:623:12: note:   cannot convert req (type const pybind11::dict) to type const int&
  getString(req, "Password", myreq.Password);
            ^~~
vntactd.cpp: In member function int TdApi::reqUserLogout(const pybind11::dict&, int):
vntactd.cpp:632:39: error: no matching function for call to getString(const pybind11::dict&, const char [7], TTacFtdcUserIDType)
  getString(req, "UserID", myreq.UserID);
                                       ^
In file included from vntactd.h:6,
                 from vntactd.cpp:1:
vntac.h:109:6: note: candidate: template<long unsigned int size> void getString(const int&, const char*, char (&)[size])
 void getString(const pybind11::dict_iterator &d, const char *key, string_literal<size> &value)
      ^~~~~~~~~
vntac.h:109:6: note:   template argument deduction/substitution failed:
vntactd.cpp:632:12: note:   cannot convert req (type const pybind11::dict) to type const int&
  getString(req, "UserID", myreq.UserID);
            ^~~
vntactd.cpp: In member function int TdApi::reqOrderInsert(const pybind11::dict&, int):
vntactd.cpp:641:51: error: no matching function for call to getString(const pybind11::dict&, const char [13], TTacFtdcInstrumentIDType)
  getString(req, "InstrumentID", myreq.InstrumentID);
                                                   ^
In file included from vntactd.h:6,
                 from vntactd.cpp:1:
vntac.h:109:6: note: candidate: template<long unsigned int size> void getString(const int&, const char*, char (&)[size])
 void getString(const pybind11::dict_iterator &d, const char *key, string_literal<size> &value)
      ^~~~~~~~~
vntac.h:109:6: note:   template argument deduction/substitution failed:
vntactd.cpp:641:12: note:   cannot convert req (type const pybind11::dict) to type const int&
  getString(req, "InstrumentID", myreq.InstrumentID);
            ^~~
vntactd.cpp:648:2: error: getUint64_t was not declared in this scope
  getUint64_t(req, "OrderRef", &myreq.OrderRef);
  ^~~~~~~~~~~
vntactd.cpp:648:2: note: suggested alternative: u_int64_t
  getUint64_t(req, "OrderRef", &myreq.OrderRef);
  ^~~~~~~~~~~
  u_int64_t
vntactd.cpp:649:43: error: no matching function for call to getString(const pybind11::dict&, const char [9], TTacFtdcClientIDType)
  getString(req, "ClientID", myreq.ClientID);
                                           ^
In file included from vntactd.h:6,
                 from vntactd.cpp:1:
vntac.h:109:6: note: candidate: template<long unsigned int size> void getString(const int&, const char*, char (&)[size])
 void getString(const pybind11::dict_iterator &d, const char *key, string_literal<size> &value)
      ^~~~~~~~~
vntac.h:109:6: note:   template argument deduction/substitution failed:
vntactd.cpp:649:12: note:   cannot convert req (type const pybind11::dict) to type const int&
  getString(req, "ClientID", myreq.ClientID);
            ^~~
vntactd.cpp: In member function int TdApi::reqOrderAction(const pybind11::dict&, int):
vntactd.cpp:660:2: error: getUint64_t was not declared in this scope
  getUint64_t(req, "OrderRef", &myreq.OrderRef);
  ^~~~~~~~~~~
vntactd.cpp:660:2: note: suggested alternative: u_int64_t
  getUint64_t(req, "OrderRef", &myreq.OrderRef);
  ^~~~~~~~~~~
  u_int64_t
vntactd.cpp:662:43: error: no matching function for call to getString(const pybind11::dict&, const char [9], TTacFtdcClientIDType)
  getString(req, "ClientID", myreq.ClientID);
                                           ^
In file included from vntactd.h:6,
                 from vntactd.cpp:1:
vntac.h:109:6: note: candidate: template<long unsigned int size> void getString(const int&, const char*, char (&)[size])
 void getString(const pybind11::dict_iterator &d, const char *key, string_literal<size> &value)
      ^~~~~~~~~
vntac.h:109:6: note:   template argument deduction/substitution failed:
vntactd.cpp:662:12: note:   cannot convert req (type const pybind11::dict) to type const int&
  getString(req, "ClientID", myreq.ClientID);
            ^~~
vntactd.cpp: In member function int TdApi::reqQryInstrument(const pybind11::dict&, int):
vntactd.cpp:672:51: error: no matching function for call to getString(const pybind11::dict&, const char [13], TTacFtdcInstrumentIDType)
  getString(req, "InstrumentID", myreq.InstrumentID);
                                                   ^
In file included from vntactd.h:6,
                 from vntactd.cpp:1:
vntac.h:109:6: note: candidate: template<long unsigned int size> void getString(const int&, const char*, char (&)[size])
 void getString(const pybind11::dict_iterator &d, const char *key, string_literal<size> &value)
      ^~~~~~~~~
vntac.h:109:6: note:   template argument deduction/substitution failed:
vntactd.cpp:672:12: note:   cannot convert req (type const pybind11::dict) to type const int&
  getString(req, "InstrumentID", myreq.InstrumentID);
            ^~~
vntactd.cpp:673:43: error: no matching function for call to getString(const pybind11::dict&, const char [9], TTacFtdcClientIDType)
  getString(req, "ClientID", myreq.ClientID);
                                           ^
In file included from vntactd.h:6,
                 from vntactd.cpp:1:
vntac.h:109:6: note: candidate: template<long unsigned int size> void getString(const int&, const char*, char (&)[size])
 void getString(const pybind11::dict_iterator &d, const char *key, string_literal<size> &value)
      ^~~~~~~~~
vntac.h:109:6: note:   template argument deduction/substitution failed:
vntactd.cpp:673:12: note:   cannot convert req (type const pybind11::dict) to type const int&
  getString(req, "ClientID", myreq.ClientID);
            ^~~
vntactd.cpp: In member function int TdApi::reqQryAccount(const pybind11::dict&, int):
vntactd.cpp:682:43: error: no matching function for call to getString(const pybind11::dict&, const char [9], TTacFtdcClientIDType)
  getString(req, "ClientID", myreq.ClientID);
                                           ^
In file included from vntactd.h:6,
                 from vntactd.cpp:1:
vntac.h:109:6: note: candidate: template<long unsigned int size> void getString(const int&, const char*, char (&)[size])
 void getString(const pybind11::dict_iterator &d, const char *key, string_literal<size> &value)
      ^~~~~~~~~
vntac.h:109:6: note:   template argument deduction/substitution failed:
vntactd.cpp:682:12: note:   cannot convert req (type const pybind11::dict) to type const int&
  getString(req, "ClientID", myreq.ClientID);
            ^~~
vntactd.cpp: In member function int TdApi::reqQryPosition(const pybind11::dict&, int):
vntactd.cpp:691:43: error: no matching function for call to getString(const pybind11::dict&, const char [9], TTacFtdcClientIDType)
  getString(req, "ClientID", myreq.ClientID);
                                           ^
In file included from vntactd.h:6,
                 from vntactd.cpp:1:
vntac.h:109:6: note: candidate: template<long unsigned int size> void getString(const int&, const char*, char (&)[size])
 void getString(const pybind11::dict_iterator &d, const char *key, string_literal<size> &value)
      ^~~~~~~~~
vntac.h:109:6: note:   template argument deduction/substitution failed:
vntactd.cpp:691:12: note:   cannot convert req (type const pybind11::dict) to type const int&
  getString(req, "ClientID", myreq.ClientID);
            ^~~
vntactd.cpp:692:51: error: no matching function for call to getString(const pybind11::dict&, const char [13], TTacFtdcInstrumentIDType)
  getString(req, "InstrumentID", myreq.InstrumentID);
                                                   ^
In file included from vntactd.h:6,
                 from vntactd.cpp:1:
vntac.h:109:6: note: candidate: template<long unsigned int size> void getString(const int&, const char*, char (&)[size])
 void getString(const pybind11::dict_iterator &d, const char *key, string_literal<size> &value)
      ^~~~~~~~~
vntac.h:109:6: note:   template argument deduction/substitution failed:
vntactd.cpp:692:12: note:   cannot convert req (type const pybind11::dict) to type const int&
  getString(req, "InstrumentID", myreq.InstrumentID);
            ^~~
[root@izj6c4rpqm2vq9jxie4xrmz vntactd]# vim vntac.h
[root@izj6c4rpqm2vq9jxie4xrmz vntactd]#
[root@izj6c4rpqm2vq9jxie4xrmz vntactd]# g++ vntactd.cpp -Iinclude -I/usr/include/python3.6m/
In file included from vntactd.h:6,
                 from vntactd.cpp:1:
vntac.h:110:32: error: dict_iterator in namespace pybind11 does not name a type
 void getString(const pybind11::dict_iterator &d, const char *key, string_literal<size> &value)
                                ^~~~~~~~~~~~~
vntac.h:110:22: note: suggested alternative: make_iterator
 void getString(const pybind11::dict_iterator &d, const char *key, string_literal<size> &value)
                      ^~~~~~~~
                      make_iterator
vntac.h: In function void getString(const int&, const char*, char (&)[size]):
vntac.h:112:8: error: request for member contains in d, which is of non-class type const int
  if (d.contains(key))
        ^~~~~~~~
vntactd.cpp: In member function void TdApi::processRspError(Task*):
vntactd.cpp:325:16: warning: deleting void* is undefined [-Wdelete-incomplete]
   delete task->task_error;
                ^~~~~~~~~~
vntactd.cpp: In member function void TdApi::processRspUserLogin(Task*):
vntactd.cpp:342:16: warning: deleting void* is undefined [-Wdelete-incomplete]
   delete task->task_data;
                ^~~~~~~~~
vntactd.cpp:350:16: warning: deleting void* is undefined [-Wdelete-incomplete]
   delete task->task_error;
                ^~~~~~~~~~
vntactd.cpp: In member function void TdApi::processRspUserLogout(Task*):
vntactd.cpp:363:16: warning: deleting void* is undefined [-Wdelete-incomplete]
   delete task->task_data;
                ^~~~~~~~~
vntactd.cpp:371:16: warning: deleting void* is undefined [-Wdelete-incomplete]
   delete task->task_error;
                ^~~~~~~~~~
vntactd.cpp: In member function void TdApi::processRspOrderInsert(Task*):
vntactd.cpp:387:16: warning: deleting void* is undefined [-Wdelete-incomplete]
   delete task->task_data;
                ^~~~~~~~~
vntactd.cpp:395:16: warning: deleting void* is undefined [-Wdelete-incomplete]
   delete task->task_error;
                ^~~~~~~~~~
vntactd.cpp: In member function void TdApi::processRspOrderAction(Task*):
vntactd.cpp:410:16: warning: deleting void* is undefined [-Wdelete-incomplete]
   delete task->task_data;
                ^~~~~~~~~
vntactd.cpp:418:16: warning: deleting void* is undefined [-Wdelete-incomplete]
   delete task->task_error;
                ^~~~~~~~~~
vntactd.cpp: In member function void TdApi::processRtnOrder(Task*):
vntactd.cpp:446:16: warning: deleting void* is undefined [-Wdelete-incomplete]
   delete task->task_data;
                ^~~~~~~~~
vntactd.cpp: In member function void TdApi::processRtnTrade(Task*):
vntactd.cpp:470:16: warning: deleting void* is undefined [-Wdelete-incomplete]
   delete task->task_data;
                ^~~~~~~~~
vntactd.cpp: In member function void TdApi::processRspQryInstrument(Task*):
vntactd.cpp:500:16: warning: deleting void* is undefined [-Wdelete-incomplete]
   delete task->task_data;
                ^~~~~~~~~
vntactd.cpp:508:16: warning: deleting void* is undefined [-Wdelete-incomplete]
   delete task->task_error;
                ^~~~~~~~~~
vntactd.cpp: In member function void TdApi::processRspQryAccount(Task*):
vntactd.cpp:530:16: warning: deleting void* is undefined [-Wdelete-incomplete]
   delete task->task_data;
                ^~~~~~~~~
vntactd.cpp:538:16: warning: deleting void* is undefined [-Wdelete-incomplete]
   delete task->task_error;
                ^~~~~~~~~~
vntactd.cpp: In member function void TdApi::processRspQryPosition(Task*):
vntactd.cpp:558:16: warning: deleting void* is undefined [-Wdelete-incomplete]
   delete task->task_data;
                ^~~~~~~~~
vntactd.cpp:566:16: warning: deleting void* is undefined [-Wdelete-incomplete]
   delete task->task_error;
                ^~~~~~~~~~
vntactd.cpp: In member function int TdApi::reqUserLogin(const pybind11::dict&, int):
vntactd.cpp:622:39: error: no matching function for call to getString(const pybind11::dict&, const char [7], TTacFtdcUserIDType)
  getString(req, "UserID", myreq.UserID);
                                       ^
In file included from vntactd.h:6,
                 from vntactd.cpp:1:
vntac.h:110:6: note: candidate: template<long unsigned int size> void getString(const int&, const char*, char (&)[size])
 void getString(const pybind11::dict_iterator &d, const char *key, string_literal<size> &value)
      ^~~~~~~~~
vntac.h:110:6: note:   template argument deduction/substitution failed:
vntactd.cpp:622:12: note:   cannot convert req (type const pybind11::dict) to type const int&
  getString(req, "UserID", myreq.UserID);
            ^~~
vntactd.cpp:623:43: error: no matching function for call to getString(const pybind11::dict&, const char [9], TTacFtdcPasswordType)
  getString(req, "Password", myreq.Password);
                                           ^
In file included from vntactd.h:6,
                 from vntactd.cpp:1:
vntac.h:110:6: note: candidate: template<long unsigned int size> void getString(const int&, const char*, char (&)[size])
 void getString(const pybind11::dict_iterator &d, const char *key, string_literal<size> &value)
      ^~~~~~~~~
vntac.h:110:6: note:   template argument deduction/substitution failed:
vntactd.cpp:623:12: note:   cannot convert req (type const pybind11::dict) to type const int&
  getString(req, "Password", myreq.Password);
            ^~~
vntactd.cpp: In member function int TdApi::reqUserLogout(const pybind11::dict&, int):
vntactd.cpp:632:39: error: no matching function for call to getString(const pybind11::dict&, const char [7], TTacFtdcUserIDType)
  getString(req, "UserID", myreq.UserID);
                                       ^
In file included from vntactd.h:6,
                 from vntactd.cpp:1:
vntac.h:110:6: note: candidate: template<long unsigned int size> void getString(const int&, const char*, char (&)[size])
 void getString(const pybind11::dict_iterator &d, const char *key, string_literal<size> &value)
      ^~~~~~~~~
vntac.h:110:6: note:   template argument deduction/substitution failed:
vntactd.cpp:632:12: note:   cannot convert req (type const pybind11::dict) to type const int&
  getString(req, "UserID", myreq.UserID);
            ^~~
vntactd.cpp: In member function int TdApi::reqOrderInsert(const pybind11::dict&, int):
vntactd.cpp:641:51: error: no matching function for call to getString(const pybind11::dict&, const char [13], TTacFtdcInstrumentIDType)
  getString(req, "InstrumentID", myreq.InstrumentID);
                                                   ^
In file included from vntactd.h:6,
                 from vntactd.cpp:1:
vntac.h:110:6: note: candidate: template<long unsigned int size> void getString(const int&, const char*, char (&)[size])
 void getString(const pybind11::dict_iterator &d, const char *key, string_literal<size> &value)
      ^~~~~~~~~
vntac.h:110:6: note:   template argument deduction/substitution failed:
vntactd.cpp:641:12: note:   cannot convert req (type const pybind11::dict) to type const int&
  getString(req, "InstrumentID", myreq.InstrumentID);
            ^~~
vntactd.cpp:648:2: error: getUint64_t was not declared in this scope
  getUint64_t(req, "OrderRef", &myreq.OrderRef);
  ^~~~~~~~~~~
vntactd.cpp:648:2: note: suggested alternative: u_int64_t
  getUint64_t(req, "OrderRef", &myreq.OrderRef);
  ^~~~~~~~~~~
  u_int64_t
vntactd.cpp:649:43: error: no matching function for call to getString(const pybind11::dict&, const char [9], TTacFtdcClientIDType)
  getString(req, "ClientID", myreq.ClientID);
                                           ^
In file included from vntactd.h:6,
                 from vntactd.cpp:1:
vntac.h:110:6: note: candidate: template<long unsigned int size> void getString(const int&, const char*, char (&)[size])
 void getString(const pybind11::dict_iterator &d, const char *key, string_literal<size> &value)
      ^~~~~~~~~
vntac.h:110:6: note:   template argument deduction/substitution failed:
vntactd.cpp:649:12: note:   cannot convert req (type const pybind11::dict) to type const int&
  getString(req, "ClientID", myreq.ClientID);
            ^~~
vntactd.cpp: In member function int TdApi::reqOrderAction(const pybind11::dict&, int):
vntactd.cpp:660:2: error: getUint64_t was not declared in this scope
  getUint64_t(req, "OrderRef", &myreq.OrderRef);
  ^~~~~~~~~~~
vntactd.cpp:660:2: note: suggested alternative: u_int64_t
  getUint64_t(req, "OrderRef", &myreq.OrderRef);
  ^~~~~~~~~~~
  u_int64_t
vntactd.cpp:662:43: error: no matching function for call to getString(const pybind11::dict&, const char [9], TTacFtdcClientIDType)
  getString(req, "ClientID", myreq.ClientID);
                                           ^
In file included from vntactd.h:6,
                 from vntactd.cpp:1:
vntac.h:110:6: note: candidate: template<long unsigned int size> void getString(const int&, const char*, char (&)[size])
 void getString(const pybind11::dict_iterator &d, const char *key, string_literal<size> &value)
      ^~~~~~~~~
vntac.h:110:6: note:   template argument deduction/substitution failed:
vntactd.cpp:662:12: note:   cannot convert req (type const pybind11::dict) to type const int&
  getString(req, "ClientID", myreq.ClientID);
            ^~~
vntactd.cpp: In member function int TdApi::reqQryInstrument(const pybind11::dict&, int):
vntactd.cpp:672:51: error: no matching function for call to getString(const pybind11::dict&, const char [13], TTacFtdcInstrumentIDType)
  getString(req, "InstrumentID", myreq.InstrumentID);
                                                   ^
In file included from vntactd.h:6,
                 from vntactd.cpp:1:
vntac.h:110:6: note: candidate: template<long unsigned int size> void getString(const int&, const char*, char (&)[size])
 void getString(const pybind11::dict_iterator &d, const char *key, string_literal<size> &value)
      ^~~~~~~~~
vntac.h:110:6: note:   template argument deduction/substitution failed:
vntactd.cpp:672:12: note:   cannot convert req (type const pybind11::dict) to type const int&
  getString(req, "InstrumentID", myreq.InstrumentID);
            ^~~
vntactd.cpp:673:43: error: no matching function for call to getString(const pybind11::dict&, const char [9], TTacFtdcClientIDType)
  getString(req, "ClientID", myreq.ClientID);
                                           ^
In file included from vntactd.h:6,
                 from vntactd.cpp:1:
vntac.h:110:6: note: candidate: template<long unsigned int size> void getString(const int&, const char*, char (&)[size])
 void getString(const pybind11::dict_iterator &d, const char *key, string_literal<size> &value)
      ^~~~~~~~~
vntac.h:110:6: note:   template argument deduction/substitution failed:
vntactd.cpp:673:12: note:   cannot convert req (type const pybind11::dict) to type const int&
  getString(req, "ClientID", myreq.ClientID);
            ^~~
vntactd.cpp: In member function int TdApi::reqQryAccount(const pybind11::dict&, int):
vntactd.cpp:682:43: error: no matching function for call to getString(const pybind11::dict&, const char [9], TTacFtdcClientIDType)
  getString(req, "ClientID", myreq.ClientID);
                                           ^
In file included from vntactd.h:6,
                 from vntactd.cpp:1:
vntac.h:110:6: note: candidate: template<long unsigned int size> void getString(const int&, const char*, char (&)[size])
 void getString(const pybind11::dict_iterator &d, const char *key, string_literal<size> &value)
      ^~~~~~~~~
vntac.h:110:6: note:   template argument deduction/substitution failed:
vntactd.cpp:682:12: note:   cannot convert req (type const pybind11::dict) to type const int&
  getString(req, "ClientID", myreq.ClientID);
            ^~~
vntactd.cpp: In member function int TdApi::reqQryPosition(const pybind11::dict&, int):
vntactd.cpp:691:43: error: no matching function for call to getString(const pybind11::dict&, const char [9], TTacFtdcClientIDType)
  getString(req, "ClientID", myreq.ClientID);
                                           ^
In file included from vntactd.h:6,
                 from vntactd.cpp:1:
vntac.h:110:6: note: candidate: template<long unsigned int size> void getString(const int&, const char*, char (&)[size])
 void getString(const pybind11::dict_iterator &d, const char *key, string_literal<size> &value)
      ^~~~~~~~~
vntac.h:110:6: note:   template argument deduction/substitution failed:
vntactd.cpp:691:12: note:   cannot convert req (type const pybind11::dict) to type const int&
  getString(req, "ClientID", myreq.ClientID);
            ^~~
vntactd.cpp:692:51: error: no matching function for call to getString(const pybind11::dict&, const char [13], TTacFtdcInstrumentIDType)
  getString(req, "InstrumentID", myreq.InstrumentID);
                                                   ^
In file included from vntactd.h:6,
                 from vntactd.cpp:1:
vntac.h:110:6: note: candidate: template<long unsigned int size> void getString(const int&, const char*, char (&)[size])
 void getString(const pybind11::dict_iterator &d, const char *key, string_literal<size> &value)
      ^~~~~~~~~
vntac.h:110:6: note:   template argument deduction/substitution failed:
vntactd.cpp:692:12: note:   cannot convert req (type const pybind11::dict) to type const int&
  getString(req, "InstrumentID", myreq.InstrumentID);
            ^~~
[root@izj6c4rpqm2vq9jxie4xrmz vntactd]# g++ vntactd.cpp -Iinclude -I/usr/include/python3.6m/|grep codecv
In file included from vntactd.h:6,
                 from vntactd.cpp:1:
vntac.h:110:32: error: dict_iterator in namespace pybind11 does not name a type
 void getString(const pybind11::dict_iterator &d, const char *key, string_literal<size> &value)
                                ^~~~~~~~~~~~~
vntac.h:110:22: note: suggested alternative: make_iterator
 void getString(const pybind11::dict_iterator &d, const char *key, string_literal<size> &value)
                      ^~~~~~~~
                      make_iterator
vntac.h: In function void getString(const int&, const char*, char (&)[size]):
vntac.h:112:8: error: request for member contains in d, which is of non-class type const int
  if (d.contains(key))
        ^~~~~~~~
vntactd.cpp: In member function void TdApi::processRspError(Task*):
vntactd.cpp:325:16: warning: deleting void* is undefined [-Wdelete-incomplete]
   delete task->task_error;
                ^~~~~~~~~~
vntactd.cpp: In member function void TdApi::processRspUserLogin(Task*):
vntactd.cpp:342:16: warning: deleting void* is undefined [-Wdelete-incomplete]
   delete task->task_data;
                ^~~~~~~~~
vntactd.cpp:350:16: warning: deleting void* is undefined [-Wdelete-incomplete]
   delete task->task_error;
                ^~~~~~~~~~
vntactd.cpp: In member function void TdApi::processRspUserLogout(Task*):
vntactd.cpp:363:16: warning: deleting void* is undefined [-Wdelete-incomplete]
   delete task->task_data;
                ^~~~~~~~~
vntactd.cpp:371:16: warning: deleting void* is undefined [-Wdelete-incomplete]
   delete task->task_error;
                ^~~~~~~~~~
vntactd.cpp: In member function void TdApi::processRspOrderInsert(Task*):
vntactd.cpp:387:16: warning: deleting void* is undefined [-Wdelete-incomplete]
   delete task->task_data;
                ^~~~~~~~~
vntactd.cpp:395:16: warning: deleting void* is undefined [-Wdelete-incomplete]
   delete task->task_error;
                ^~~~~~~~~~
vntactd.cpp: In member function void TdApi::processRspOrderAction(Task*):
vntactd.cpp:410:16: warning: deleting void* is undefined [-Wdelete-incomplete]
   delete task->task_data;
                ^~~~~~~~~
vntactd.cpp:418:16: warning: deleting void* is undefined [-Wdelete-incomplete]
   delete task->task_error;
                ^~~~~~~~~~
vntactd.cpp: In member function void TdApi::processRtnOrder(Task*):
vntactd.cpp:446:16: warning: deleting void* is undefined [-Wdelete-incomplete]
   delete task->task_data;
                ^~~~~~~~~
vntactd.cpp: In member function void TdApi::processRtnTrade(Task*):
vntactd.cpp:470:16: warning: deleting void* is undefined [-Wdelete-incomplete]
   delete task->task_data;
                ^~~~~~~~~
vntactd.cpp: In member function void TdApi::processRspQryInstrument(Task*):
vntactd.cpp:500:16: warning: deleting void* is undefined [-Wdelete-incomplete]
   delete task->task_data;
                ^~~~~~~~~
vntactd.cpp:508:16: warning: deleting void* is undefined [-Wdelete-incomplete]
   delete task->task_error;
                ^~~~~~~~~~
vntactd.cpp: In member function void TdApi::processRspQryAccount(Task*):
vntactd.cpp:530:16: warning: deleting void* is undefined [-Wdelete-incomplete]
   delete task->task_data;
                ^~~~~~~~~
vntactd.cpp:538:16: warning: deleting void* is undefined [-Wdelete-incomplete]
   delete task->task_error;
                ^~~~~~~~~~
vntactd.cpp: In member function void TdApi::processRspQryPosition(Task*):
vntactd.cpp:558:16: warning: deleting void* is undefined [-Wdelete-incomplete]
   delete task->task_data;
                ^~~~~~~~~
vntactd.cpp:566:16: warning: deleting void* is undefined [-Wdelete-incomplete]
   delete task->task_error;
                ^~~~~~~~~~
vntactd.cpp: In member function int TdApi::reqUserLogin(const pybind11::dict&, int):
vntactd.cpp:622:39: error: no matching function for call to getString(const pybind11::dict&, const char [7], TTacFtdcUserIDType)
  getString(req, "UserID", myreq.UserID);
                                       ^
In file included from vntactd.h:6,
                 from vntactd.cpp:1:
vntac.h:110:6: note: candidate: template<long unsigned int size> void getString(const int&, const char*, char (&)[size])
 void getString(const pybind11::dict_iterator &d, const char *key, string_literal<size> &value)
      ^~~~~~~~~
vntac.h:110:6: note:   template argument deduction/substitution failed:
vntactd.cpp:622:12: note:   cannot convert req (type const pybind11::dict) to type const int&
  getString(req, "UserID", myreq.UserID);
            ^~~
vntactd.cpp:623:43: error: no matching function for call to getString(const pybind11::dict&, const char [9], TTacFtdcPasswordType)
  getString(req, "Password", myreq.Password);
                                           ^
In file included from vntactd.h:6,
                 from vntactd.cpp:1:
vntac.h:110:6: note: candidate: template<long unsigned int size> void getString(const int&, const char*, char (&)[size])
 void getString(const pybind11::dict_iterator &d, const char *key, string_literal<size> &value)
      ^~~~~~~~~
vntac.h:110:6: note:   template argument deduction/substitution failed:
vntactd.cpp:623:12: note:   cannot convert req (type const pybind11::dict) to type const int&
  getString(req, "Password", myreq.Password);
            ^~~
vntactd.cpp: In member function int TdApi::reqUserLogout(const pybind11::dict&, int):
vntactd.cpp:632:39: error: no matching function for call to getString(const pybind11::dict&, const char [7], TTacFtdcUserIDType)
  getString(req, "UserID", myreq.UserID);
                                       ^
In file included from vntactd.h:6,
                 from vntactd.cpp:1:
vntac.h:110:6: note: candidate: template<long unsigned int size> void getString(const int&, const char*, char (&)[size])
 void getString(const pybind11::dict_iterator &d, const char *key, string_literal<size> &value)
      ^~~~~~~~~
vntac.h:110:6: note:   template argument deduction/substitution failed:
vntactd.cpp:632:12: note:   cannot convert req (type const pybind11::dict) to type const int&
  getString(req, "UserID", myreq.UserID);
            ^~~
vntactd.cpp: In member function int TdApi::reqOrderInsert(const pybind11::dict&, int):
vntactd.cpp:641:51: error: no matching function for call to getString(const pybind11::dict&, const char [13], TTacFtdcInstrumentIDType)
  getString(req, "InstrumentID", myreq.InstrumentID);
                                                   ^
In file included from vntactd.h:6,
                 from vntactd.cpp:1:
vntac.h:110:6: note: candidate: template<long unsigned int size> void getString(const int&, const char*, char (&)[size])
 void getString(const pybind11::dict_iterator &d, const char *key, string_literal<size> &value)
      ^~~~~~~~~
vntac.h:110:6: note:   template argument deduction/substitution failed:
vntactd.cpp:641:12: note:   cannot convert req (type const pybind11::dict) to type const int&
  getString(req, "InstrumentID", myreq.InstrumentID);
            ^~~
vntactd.cpp:648:2: error: getUint64_t was not declared in this scope
  getUint64_t(req, "OrderRef", &myreq.OrderRef);
  ^~~~~~~~~~~
vntactd.cpp:648:2: note: suggested alternative: u_int64_t
  getUint64_t(req, "OrderRef", &myreq.OrderRef);
  ^~~~~~~~~~~
  u_int64_t
vntactd.cpp:649:43: error: no matching function for call to getString(const pybind11::dict&, const char [9], TTacFtdcClientIDType)
  getString(req, "ClientID", myreq.ClientID);
                                           ^
In file included from vntactd.h:6,
                 from vntactd.cpp:1:
vntac.h:110:6: note: candidate: template<long unsigned int size> void getString(const int&, const char*, char (&)[size])
 void getString(const pybind11::dict_iterator &d, const char *key, string_literal<size> &value)
      ^~~~~~~~~
vntac.h:110:6: note:   template argument deduction/substitution failed:
vntactd.cpp:649:12: note:   cannot convert req (type const pybind11::dict) to type const int&
  getString(req, "ClientID", myreq.ClientID);
            ^~~
vntactd.cpp: In member function int TdApi::reqOrderAction(const pybind11::dict&, int):
vntactd.cpp:660:2: error: getUint64_t was not declared in this scope
  getUint64_t(req, "OrderRef", &myreq.OrderRef);
  ^~~~~~~~~~~
vntactd.cpp:660:2: note: suggested alternative: u_int64_t
  getUint64_t(req, "OrderRef", &myreq.OrderRef);
  ^~~~~~~~~~~
  u_int64_t
vntactd.cpp:662:43: error: no matching function for call to getString(const pybind11::dict&, const char [9], TTacFtdcClientIDType)
  getString(req, "ClientID", myreq.ClientID);
                                           ^
In file included from vntactd.h:6,
                 from vntactd.cpp:1:
vntac.h:110:6: note: candidate: template<long unsigned int size> void getString(const int&, const char*, char (&)[size])
 void getString(const pybind11::dict_iterator &d, const char *key, string_literal<size> &value)
      ^~~~~~~~~
vntac.h:110:6: note:   template argument deduction/substitution failed:
vntactd.cpp:662:12: note:   cannot convert req (type const pybind11::dict) to type const int&
  getString(req, "ClientID", myreq.ClientID);
            ^~~
vntactd.cpp: In member function int TdApi::reqQryInstrument(const pybind11::dict&, int):
vntactd.cpp:672:51: error: no matching function for call to getString(const pybind11::dict&, const char [13], TTacFtdcInstrumentIDType)
  getString(req, "InstrumentID", myreq.InstrumentID);
                                                   ^
In file included from vntactd.h:6,
                 from vntactd.cpp:1:
vntac.h:110:6: note: candidate: template<long unsigned int size> void getString(const int&, const char*, char (&)[size])
 void getString(const pybind11::dict_iterator &d, const char *key, string_literal<size> &value)
      ^~~~~~~~~
vntac.h:110:6: note:   template argument deduction/substitution failed:
vntactd.cpp:672:12: note:   cannot convert req (type const pybind11::dict) to type const int&
  getString(req, "InstrumentID", myreq.InstrumentID);
            ^~~
vntactd.cpp:673:43: error: no matching function for call to getString(const pybind11::dict&, const char [9], TTacFtdcClientIDType)
  getString(req, "ClientID", myreq.ClientID);
                                           ^
In file included from vntactd.h:6,
                 from vntactd.cpp:1:
vntac.h:110:6: note: candidate: template<long unsigned int size> void getString(const int&, const char*, char (&)[size])
 void getString(const pybind11::dict_iterator &d, const char *key, string_literal<size> &value)
      ^~~~~~~~~
vntac.h:110:6: note:   template argument deduction/substitution failed:
vntactd.cpp:673:12: note:   cannot convert req (type const pybind11::dict) to type const int&
  getString(req, "ClientID", myreq.ClientID);
            ^~~
vntactd.cpp: In member function int TdApi::reqQryAccount(const pybind11::dict&, int):
vntactd.cpp:682:43: error: no matching function for call to getString(const pybind11::dict&, const char [9], TTacFtdcClientIDType)
  getString(req, "ClientID", myreq.ClientID);
                                           ^
In file included from vntactd.h:6,
                 from vntactd.cpp:1:
vntac.h:110:6: note: candidate: template<long unsigned int size> void getString(const int&, const char*, char (&)[size])
 void getString(const pybind11::dict_iterator &d, const char *key, string_literal<size> &value)
      ^~~~~~~~~
vntac.h:110:6: note:   template argument deduction/substitution failed:
vntactd.cpp:682:12: note:   cannot convert req (type const pybind11::dict) to type const int&
  getString(req, "ClientID", myreq.ClientID);
            ^~~
vntactd.cpp: In member function int TdApi::reqQryPosition(const pybind11::dict&, int):
vntactd.cpp:691:43: error: no matching function for call to getString(const pybind11::dict&, const char [9], TTacFtdcClientIDType)
  getString(req, "ClientID", myreq.ClientID);
                                           ^
In file included from vntactd.h:6,
                 from vntactd.cpp:1:
vntac.h:110:6: note: candidate: template<long unsigned int size> void getString(const int&, const char*, char (&)[size])
 void getString(const pybind11::dict_iterator &d, const char *key, string_literal<size> &value)
      ^~~~~~~~~
vntac.h:110:6: note:   template argument deduction/substitution failed:
vntactd.cpp:691:12: note:   cannot convert req (type const pybind11::dict) to type const int&
  getString(req, "ClientID", myreq.ClientID);
            ^~~
vntactd.cpp:692:51: error: no matching function for call to getString(const pybind11::dict&, const char [13], TTacFtdcInstrumentIDType)
  getString(req, "InstrumentID", myreq.InstrumentID);
                                                   ^
In file included from vntactd.h:6,
                 from vntactd.cpp:1:
vntac.h:110:6: note: candidate: template<long unsigned int size> void getString(const int&, const char*, char (&)[size])
 void getString(const pybind11::dict_iterator &d, const char *key, string_literal<size> &value)
      ^~~~~~~~~
vntac.h:110:6: note:   template argument deduction/substitution failed:
vntactd.cpp:692:12: note:   cannot convert req (type const pybind11::dict) to type const int&
  getString(req, "InstrumentID", myreq.InstrumentID);
            ^~~
[root@izj6c4rpqm2vq9jxie4xrmz vntactd]# ^C
[root@izj6c4rpqm2vq9jxie4xrmz vntactd]# ^C
[root@izj6c4rpqm2vq9jxie4xrmz vntactd]# g++ vntactd.cpp -Iinclude -I/usr/include/python3.6m/^Crep codecv
[root@izj6c4rpqm2vq9jxie4xrmz vntactd]# ^C
[root@izj6c4rpqm2vq9jxie4xrmz vntactd]# ^C
[root@izj6c4rpqm2vq9jxie4xrmz vntactd]# locate python.a
/usr/lib/rpm/fileattrs/python.attr
/usr/share/automake-1.13/am/python.am
[root@izj6c4rpqm2vq9jxie4xrmz vntactd]# locate libpython
/usr/lib64/libpython2.7.so.1.0
/usr/lib64/libpython3.6m.so
/usr/lib64/libpython3.6m.so.1.0
/usr/lib64/libpython3.so
/usr/lib64/pluma/plugin-loaders/libpythonloader.so
/usr/local/aegis/PythonLoader/libpython2.7.so.1.0
/usr/local/aegis/PythonLoader/lib/libpython2.7.so
/usr/local/aegis/PythonLoader/lib/libpython2.7.so.1.0
/usr/share/systemtap/tapset/libpython2.7-64.stp
[root@izj6c4rpqm2vq9jxie4xrmz vntactd]# ls
bin  include  main.cpp  obj  targetver.h  vntac  vntac.h  vntactd.cpp  vntactd.h
[root@izj6c4rpqm2vq9jxie4xrmz vntactd]# cd
[root@izj6c4rpqm2vq9jxie4xrmz ~]# cd projects/
[root@izj6c4rpqm2vq9jxie4xrmz projects]# ls
vntac.h  vntactd  vntactdConsoleApp
[root@izj6c4rpqm2vq9jxie4xrmz projects]# cd ^C
[root@izj6c4rpqm2vq9jxie4xrmz projects]# cd ..
[root@izj6c4rpqm2vq9jxie4xrmz ~]# ls
Desktop    Downloads  Music     projects  tacfeed_api_shfe_v4.0.4  tacZip     Videos
Documents  include    Pictures  Public    tacmars_api_v1.3.1       Templates  vntac.h
[root@izj6c4rpqm2vq9jxie4xrmz ~]# cd projects/
[root@izj6c4rpqm2vq9jxie4xrmz projects]# ls
vntac.h  vntactd  vntactdConsoleApp
[root@izj6c4rpqm2vq9jxie4xrmz projects]# cd vntac
-bash: cd: vntac: No such file or directory
[root@izj6c4rpqm2vq9jxie4xrmz projects]# cd vntactd
[root@izj6c4rpqm2vq9jxie4xrmz vntactd]# ls
bin  include  libtacfeedmd.so  libtactraderapi.so  main.cpp  obj  targetver.h  vntac  vntac.h  vntactd.cpp  vntactd.h
[root@izj6c4rpqm2vq9jxie4xrmz vntactd]# Connection reset by 47.91.228.44 port 22

(base) C:\Users\river>